stealing sweep: 94 cells planned, 0 already complete, 94 queued (costliest first) across 8 shards
shard 4: str:probe.inner_all.S5.T96 OK (168s, 86 left)
shard 3: k256:probe.inner_all.S5.T96 OK (175s, 85 left)
shard 5: key32:probe.inner_all.S5.T96 OK (177s, 84 left)
shard 7: fixstr:probe.inner_all.S5.T96 OK (183s, 83 left)
shard 6: key64:probe.inner_all.S5.T96 OK (189s, 82 left)
shard 1: mixed:probe.inner_all.S5.T96 OK (216s, 81 left)
shard 2: null64:probe.inner_all.S5.T96 OK (222s, 80 left)
shard 3: k256:probe.inner_all.S4.T96 OK (62s, 79 left)
shard 6: mixed:probe.inner_all.S3.T96 OK (66s, 78 left)
shard 7: k256:probe.inner_all.S4.T48 OK (75s, 77 left)
shard 1: str:probe.inner_all.S4.T96 OK (62s, 76 left)
shard 0: lcstr:probe.inner_all.S5.T96 FAILED rc=1 (290s, 75 left)
shard 3: str:probe.inner_all.S4.T48 OK (67s, 74 left)
shard 4: k128:probe.inner_all.S5.T96 OK (141s, 73 left)
shard 6: str:probe.left_all.S4.T96 OK (62s, 72 left)
shard 1: str:probe.any.S4.T96 OK (63s, 71 left)
shard 0: str:probe.semi_anti.S4.T96 OK (63s, 70 left)
shard 4: mixed:probe.inner_all.S2.T96 OK (58s, 69 left)
shard 7: str:probe.rf_all.S4.T96 OK (108s, 68 left)
shard 6: k256:probe.inner_all.S3.T96 OK (56s, 67 left)
shard 1: k256:probe.inner_all.S2.T96 OK (53s, 66 left)
shard 3: str:probe.asof.S4.T96 OK (94s, 65 left)
shard 0: k256:probe.inner_all.S1.T96 OK (52s, 64 left)
shard 7: str:probe.inner_all.S2.T96 OK (52s, 63 left)
shard 4: str:probe.inner_all.S3.T96 OK (55s, 62 left)
shard 6: str:probe.left_all.S2.T96 OK (52s, 61 left)
shard 1: str:probe.rf_all.S2.T96 OK (56s, 60 left)
shard 3: str:probe.any.S2.T96 OK (52s, 59 left)
shard 0: str:probe.semi_anti.S2.T96 OK (52s, 58 left)
shard 4: str:probe.inner_all.S1.T96 OK (51s, 57 left)
shard 7: str:probe.asof.S2.T96 OK (55s, 56 left)
shard 1: key64:probe.inner_all.S4.T96 OK (67s, 55 left)
shard 6: lcstr:probe.inner_all.S3.T96 OK (99s, 54 left)
shard 0: key64:probe.inner_all.S4.T48 OK (77s, 53 left)
shard 4: key64:probe.left_all.S4.T96 OK (67s, 52 left)
shard 1: key64:probe.any.S4.T96 OK (66s, 51 left)
shard 6: key64:probe.semi_anti.S4.T96 OK (66s, 50 left)
shard 4: lcstr:probe.inner_all.S2.T96 OK (90s, 49 left)
shard 7: key64:probe.rf_all.S4.T96 OK (156s, 48 left)
shard 6: str:probe.inner_all.S3.T96.h50 OK (52s, 47 left)
shard 0: key64:probe.asof.S4.T96 OK (119s, 46 left)
shard 1: mixed:build.inner_all.S5.T96 OK (85s, 45 left)
shard 6: fixstr:probe.inner_all.S3.T96 OK (58s, 44 left)
shard 4: k256:build.inner_all.S5.T96 OK (78s, 43 left)
shard 0: fixstr:probe.inner_all.S2.T96 OK (55s, 42 left)
shard 7: str:build.inner_all.S5.T96 OK (79s, 41 left)
shard 1: k128:probe.inner_all.S3.T96 OK (50s, 40 left)
shard 6: k128:probe.inner_all.S2.T96 OK (47s, 39 left)
shard 7: str:probe.inner_all.S3.T96.h05 FAILED rc=1 (49s, 38 left)
shard 4: str:probe.semi_anti.S4.T96.anti OK (56s, 37 left)
shard 1: k256:probe.inner_all.S2.T48 OK (47s, 36 left)
shard 0: key64:build.inner_all.S5.T96 OK (86s, 35 left)
shard 6: null64:probe.inner_all.S3.T96 OK (48s, 34 left)
shard 7: str:probe.inner_all.S2.T48 OK (43s, 33 left)
shard 4: str:probe.semi_anti.S2.T96.anti FAILED rc=1 (46s, 32 left)
shard 1: key64:probe.semi_anti.S4.T96.anti OK (52s, 31 left)
shard 0: null64:probe.inner_all.S2.T96 OK (45s, 30 left)
shard 6: key32:probe.inner_all.S3.T96 OK (44s, 29 left)
shard 7: key64:probe.inner_all.S3.T96 OK (46s, 28 left)
shard 4: key64:probe.left_all.S3.T96.jun OK (49s, 27 left)
shard 1: key64:probe.inner_all.S3.T96.statson OK (46s, 26 left)
shard 0: key32:probe.inner_all.S2.T96 OK (42s, 25 left)
shard 6: key64:probe.inner_all.S2.T96 OK (42s, 24 left)
shard 7: key64:probe.left_all.S2.T96 OK (43s, 23 left)
shard 4: key64:probe.rf_all.S2.T96 OK (44s, 22 left)
shard 1: key64:probe.any.S2.T96 OK (42s, 21 left)
shard 0: key64:probe.semi_anti.S2.T96 OK (43s, 20 left)
shard 6: key64:probe.asof.S2.T96 OK (46s, 19 left)
shard 7: key64:probe.inner_all.S1.T96 OK (42s, 18 left)
shard 1: key64:probe.inner_all.S3.T96.h05 FAILED rc=1 (39s, 17 left)
shard 4: key64:probe.inner_all.S3.T96.h50 OK (42s, 16 left)
shard 6: key64:probe.semi_anti.S2.T96.anti FAILED rc=1 (35s, 15 left)
shard 0: key64:probe.inner_all.S2.T48 OK (39s, 14 left)
shard 7: str:build.inner_all.S3.T96.dup16 FAILED rc=1 (35s, 13 left)
shard 1: str:build.left_all.S3.T96.dup16 FAILED rc=1 (35s, 12 left)
shard 4: key64:build.inner_all.S3.T96.dup16 OK (39s, 11 left)
shard 0: mixed:build.inner_all.S3.T96 FAILED rc=1 (34s, 10 left)
shard 7: k256:build.inner_all.S3.T96 FAILED rc=1 (33s, 9 left)
shard 6: key64:build.left_all.S3.T96.dup16 OK (39s, 8 left)
shard 1: str:build.inner_all.S3.T96 FAILED rc=1 (33s, 7 left)
shard 4: key64:build.inner_all.S3.T96 FAILED rc=1 (33s, 6 left)
shard 2: str:probe.inner_all.S4.T1 OK (808s, 5 left)
shard 7: key64:build.inner_all.S3.T48 FAILED rc=1 (33s, 4 left)
shard 6: key64:build.inner_all.S3.T96.statson FAILED rc=1 (33s, 3 left)
shard 4: str:probe.inner_all.S2.T1 OK (36s, 2 left)
shard 1: k256:probe.inner_all.S2.T1 OK (43s, 1 left)
shard 7: mixed:build.inner_all.S2.T96 FAILED rc=1 (31s, 0 left)
shard 6: k256:build.inner_all.S2.T96 FAILED rc=1 (31s, 0 left)
shard 2: key64:probe.inner_all.S2.T1 OK (37s, 0 left)
shard 0: key64:build.inner_all.S3.T1 OK (75s, 0 left)
shard 4: str:build.inner_all.S2.T96 FAILED rc=1 (31s, 0 left)
shard 1: key64:build.inner_all.S2.T96 FAILED rc=1 (31s, 0 left)
shard 5: k256:probe.inner_all.S4.T1 OK (1662s, 0 left)
shard 3: key64:probe.inner_all.S4.T1 OK (1388s, 0 left)
FLEET_STEALING RESULT: cells_run=94 cells_failed=17 shard0=14 shard1=18 shard2=3 shard3=6 shard4=17 shard5=2 shard6=18 shard7=16 -> FAIL
  FAILED lcstr:probe.inner_all.S5.T96 on shard 0 rc=1
  FAILED str:probe.inner_all.S3.T96.h05 on shard 7 rc=1
  FAILED str:probe.semi_anti.S2.T96.anti on shard 4 rc=1
  FAILED key64:probe.inner_all.S3.T96.h05 on shard 1 rc=1
  FAILED key64:probe.semi_anti.S2.T96.anti on shard 6 rc=1
  FAILED str:build.inner_all.S3.T96.dup16 on shard 7 rc=1
  FAILED str:build.left_all.S3.T96.dup16 on shard 1 rc=1
  FAILED mixed:build.inner_all.S3.T96 on shard 0 rc=1
  FAILED k256:build.inner_all.S3.T96 on shard 7 rc=1
  FAILED str:build.inner_all.S3.T96 on shard 1 rc=1
  FAILED key64:build.inner_all.S3.T96 on shard 4 rc=1
  FAILED key64:build.inner_all.S3.T48 on shard 7 rc=1
  FAILED key64:build.inner_all.S3.T96.statson on shard 6 rc=1
  FAILED mixed:build.inner_all.S2.T96 on shard 7 rc=1
  FAILED k256:build.inner_all.S2.T96 on shard 6 rc=1
  FAILED str:build.inner_all.S2.T96 on shard 4 rc=1
  FAILED key64:build.inner_all.S2.T96 on shard 1 rc=1
