tag=s1 cells=240 reps=5 queries=2880
[  1/240] narrow|b131072|x1|t16      elapsed=  0.0m
[  2/240] narrow|b131072|x1|t64      elapsed=  0.0m
[  3/240] narrow|b131072|x2|t16      elapsed=  0.0m
[  4/240] narrow|b131072|x2|t64      elapsed=  0.0m
[  5/240] narrow|b131072|x4|t16      elapsed=  0.1m
[  6/240] narrow|b131072|x4|t64      elapsed=  0.1m
[  7/240] narrow|b262144|x1|t16      elapsed=  0.1m
[  8/240] narrow|b262144|x1|t64      elapsed=  0.1m
[  9/240] narrow|b262144|x2|t16      elapsed=  0.1m
[ 10/240] narrow|b262144|x2|t64      elapsed=  0.1m
[ 11/240] narrow|b262144|x4|t16      elapsed=  0.1m
[ 12/240] narrow|b262144|x4|t64      elapsed=  0.1m
[ 13/240] narrow|b524288|x1|t16      elapsed=  0.1m
[ 14/240] narrow|b524288|x1|t64      elapsed=  0.2m
[ 15/240] narrow|b524288|x2|t16      elapsed=  0.2m
[ 16/240] narrow|b524288|x2|t64      elapsed=  0.2m
[ 17/240] narrow|b524288|x4|t16      elapsed=  0.2m
[ 18/240] narrow|b524288|x4|t64      elapsed=  0.2m
[ 19/240] narrow|b1048576|x1|t16     elapsed=  0.2m
[ 20/240] narrow|b1048576|x1|t64     elapsed=  0.2m
[ 21/240] narrow|b1048576|x2|t16     elapsed=  0.2m
[ 22/240] narrow|b1048576|x2|t64     elapsed=  0.2m
[ 23/240] narrow|b1048576|x4|t16     elapsed=  0.3m
[ 24/240] narrow|b1048576|x4|t64     elapsed=  0.3m
[ 25/240] narrow|b2097152|x1|t16     elapsed=  0.3m
[ 26/240] narrow|b2097152|x1|t64     elapsed=  0.3m
[ 27/240] narrow|b2097152|x2|t16     elapsed=  0.3m
[ 28/240] narrow|b2097152|x2|t64     elapsed=  0.3m
[ 29/240] narrow|b2097152|x4|t16     elapsed=  0.3m
[ 30/240] narrow|b2097152|x4|t64     elapsed=  0.3m
[ 31/240] narrow|b4194304|x1|t16     elapsed=  0.4m
[ 32/240] narrow|b4194304|x1|t64     elapsed=  0.4m
[ 33/240] narrow|b4194304|x2|t16     elapsed=  0.4m
[ 34/240] narrow|b4194304|x2|t64     elapsed=  0.4m
[ 35/240] narrow|b4194304|x4|t16     elapsed=  0.4m
[ 36/240] narrow|b4194304|x4|t64     elapsed=  0.4m
[ 37/240] narrow|b8388608|x1|t16     elapsed=  0.5m
[ 38/240] narrow|b8388608|x1|t64     elapsed=  0.5m
[ 39/240] narrow|b8388608|x2|t16     elapsed=  0.5m
[ 40/240] narrow|b8388608|x2|t64     elapsed=  0.5m
[ 41/240] narrow|b8388608|x4|t16     elapsed=  0.5m
[ 42/240] narrow|b8388608|x4|t64     elapsed=  0.6m
[ 43/240] narrow|b16777216|x1|t16    elapsed=  0.6m
[ 44/240] narrow|b16777216|x1|t64    elapsed=  0.6m
[ 45/240] narrow|b16777216|x2|t16    elapsed=  0.6m
[ 46/240] narrow|b16777216|x2|t64    elapsed=  0.6m
[ 47/240] narrow|b16777216|x4|t16    elapsed=  0.7m
[ 48/240] narrow|b16777216|x4|t64    elapsed=  0.7m
[ 49/240] narrow|b33554432|x1|t16    elapsed=  0.8m
[ 50/240] narrow|b33554432|x1|t64    elapsed=  0.8m
[ 51/240] narrow|b33554432|x2|t16    elapsed=  0.8m
[ 52/240] narrow|b33554432|x2|t64    elapsed=  0.9m
[ 53/240] narrow|b33554432|x4|t16    elapsed=  0.9m
[ 54/240] narrow|b33554432|x4|t64    elapsed=  1.0m
[ 55/240] narrow|b67108864|x1|t16    elapsed=  1.0m
[ 56/240] narrow|b67108864|x1|t64    elapsed=  1.1m
[ 57/240] narrow|b67108864|x2|t16    elapsed=  1.2m
[ 58/240] narrow|b67108864|x2|t64    elapsed=  1.2m
[ 59/240] narrow|b67108864|x4|t16    elapsed=  1.4m
[ 60/240] narrow|b67108864|x4|t64    elapsed=  1.4m
[ 61/240] rpay|b131072|x1|t16        elapsed=  1.4m
[ 62/240] rpay|b131072|x1|t64        elapsed=  1.5m
[ 63/240] rpay|b131072|x2|t16        elapsed=  1.5m
[ 64/240] rpay|b131072|x2|t64        elapsed=  1.5m
[ 65/240] rpay|b131072|x4|t16        elapsed=  1.5m
[ 66/240] rpay|b131072|x4|t64        elapsed=  1.5m
[ 67/240] rpay|b262144|x1|t16        elapsed=  1.5m
[ 68/240] rpay|b262144|x1|t64        elapsed=  1.5m
[ 69/240] rpay|b262144|x2|t16        elapsed=  1.5m
[ 70/240] rpay|b262144|x2|t64        elapsed=  1.6m
[ 71/240] rpay|b262144|x4|t16        elapsed=  1.6m
[ 72/240] rpay|b262144|x4|t64        elapsed=  1.6m
[ 73/240] rpay|b524288|x1|t16        elapsed=  1.6m
[ 74/240] rpay|b524288|x1|t64        elapsed=  1.6m
[ 75/240] rpay|b524288|x2|t16        elapsed=  1.6m
[ 76/240] rpay|b524288|x2|t64        elapsed=  1.6m
[ 77/240] rpay|b524288|x4|t16        elapsed=  1.6m
[ 78/240] rpay|b524288|x4|t64        elapsed=  1.7m
[ 79/240] rpay|b1048576|x1|t16       elapsed=  1.7m
[ 80/240] rpay|b1048576|x1|t64       elapsed=  1.7m
[ 81/240] rpay|b1048576|x2|t16       elapsed=  1.7m
[ 82/240] rpay|b1048576|x2|t64       elapsed=  1.7m
[ 83/240] rpay|b1048576|x4|t16       elapsed=  1.7m
[ 84/240] rpay|b1048576|x4|t64       elapsed=  1.7m
[ 85/240] rpay|b2097152|x1|t16       elapsed=  1.7m
[ 86/240] rpay|b2097152|x1|t64       elapsed=  1.8m
[ 87/240] rpay|b2097152|x2|t16       elapsed=  1.8m
[ 88/240] rpay|b2097152|x2|t64       elapsed=  1.8m
[ 89/240] rpay|b2097152|x4|t16       elapsed=  1.8m
[ 90/240] rpay|b2097152|x4|t64       elapsed=  1.8m
[ 91/240] rpay|b4194304|x1|t16       elapsed=  1.8m
[ 92/240] rpay|b4194304|x1|t64       elapsed=  1.9m
[ 93/240] rpay|b4194304|x2|t16       elapsed=  1.9m
[ 94/240] rpay|b4194304|x2|t64       elapsed=  1.9m
[ 95/240] rpay|b4194304|x4|t16       elapsed=  1.9m
[ 96/240] rpay|b4194304|x4|t64       elapsed=  1.9m
[ 97/240] rpay|b8388608|x1|t16       elapsed=  2.0m
[ 98/240] rpay|b8388608|x1|t64       elapsed=  2.0m
[ 99/240] rpay|b8388608|x2|t16       elapsed=  2.0m
[100/240] rpay|b8388608|x2|t64       elapsed=  2.0m
[101/240] rpay|b8388608|x4|t16       elapsed=  2.1m
[102/240] rpay|b8388608|x4|t64       elapsed=  2.1m
[103/240] rpay|b16777216|x1|t16      elapsed=  2.1m
[104/240] rpay|b16777216|x1|t64      elapsed=  2.2m
[105/240] rpay|b16777216|x2|t16      elapsed=  2.2m
[106/240] rpay|b16777216|x2|t64      elapsed=  2.2m
[107/240] rpay|b16777216|x4|t16      elapsed=  2.3m
[108/240] rpay|b16777216|x4|t64      elapsed=  2.3m
[109/240] rpay|b33554432|x1|t16      elapsed=  2.4m
[110/240] rpay|b33554432|x1|t64      elapsed=  2.4m
[111/240] rpay|b33554432|x2|t16      elapsed=  2.5m
[112/240] rpay|b33554432|x2|t64      elapsed=  2.6m
[113/240] rpay|b33554432|x4|t16      elapsed=  2.7m
[114/240] rpay|b33554432|x4|t64      elapsed=  2.7m
[115/240] rpay|b67108864|x1|t16      elapsed=  2.9m
[116/240] rpay|b67108864|x1|t64      elapsed=  2.9m
[117/240] rpay|b67108864|x2|t16      elapsed=  3.1m
[118/240] rpay|b67108864|x2|t64      elapsed=  3.2m
[119/240] rpay|b67108864|x4|t16      elapsed=  3.4m
[120/240] rpay|b67108864|x4|t64      elapsed=  3.5m
[121/240] lpay|b131072|x1|t16        elapsed=  3.5m
[122/240] lpay|b131072|x1|t64        elapsed=  3.5m
[123/240] lpay|b131072|x2|t16        elapsed=  3.6m
[124/240] lpay|b131072|x2|t64        elapsed=  3.6m
[125/240] lpay|b131072|x4|t16        elapsed=  3.6m
[126/240] lpay|b131072|x4|t64        elapsed=  3.6m
[127/240] lpay|b262144|x1|t16        elapsed=  3.6m
[128/240] lpay|b262144|x1|t64        elapsed=  3.6m
[129/240] lpay|b262144|x2|t16        elapsed=  3.6m
[130/240] lpay|b262144|x2|t64        elapsed=  3.6m
[131/240] lpay|b262144|x4|t16        elapsed=  3.7m
[132/240] lpay|b262144|x4|t64        elapsed=  3.7m
[133/240] lpay|b524288|x1|t16        elapsed=  3.7m
[134/240] lpay|b524288|x1|t64        elapsed=  3.7m
[135/240] lpay|b524288|x2|t16        elapsed=  3.7m
[136/240] lpay|b524288|x2|t64        elapsed=  3.7m
[137/240] lpay|b524288|x4|t16        elapsed=  3.7m
[138/240] lpay|b524288|x4|t64        elapsed=  3.7m
[139/240] lpay|b1048576|x1|t16       elapsed=  3.8m
[140/240] lpay|b1048576|x1|t64       elapsed=  3.8m
[141/240] lpay|b1048576|x2|t16       elapsed=  3.8m
[142/240] lpay|b1048576|x2|t64       elapsed=  3.8m
[143/240] lpay|b1048576|x4|t16       elapsed=  3.8m
[144/240] lpay|b1048576|x4|t64       elapsed=  3.8m
[145/240] lpay|b2097152|x1|t16       elapsed=  3.8m
[146/240] lpay|b2097152|x1|t64       elapsed=  3.8m
[147/240] lpay|b2097152|x2|t16       elapsed=  3.9m
[148/240] lpay|b2097152|x2|t64       elapsed=  3.9m
[149/240] lpay|b2097152|x4|t16       elapsed=  3.9m
[150/240] lpay|b2097152|x4|t64       elapsed=  3.9m
[151/240] lpay|b4194304|x1|t16       elapsed=  3.9m
[152/240] lpay|b4194304|x1|t64       elapsed=  3.9m
[153/240] lpay|b4194304|x2|t16       elapsed=  4.0m
[154/240] lpay|b4194304|x2|t64       elapsed=  4.0m
[155/240] lpay|b4194304|x4|t16       elapsed=  4.0m
[156/240] lpay|b4194304|x4|t64       elapsed=  4.0m
[157/240] lpay|b8388608|x1|t16       elapsed=  4.0m
[158/240] lpay|b8388608|x1|t64       elapsed=  4.1m
[159/240] lpay|b8388608|x2|t16       elapsed=  4.1m
[160/240] lpay|b8388608|x2|t64       elapsed=  4.1m
[161/240] lpay|b8388608|x4|t16       elapsed=  4.1m
[162/240] lpay|b8388608|x4|t64       elapsed=  4.2m
[163/240] lpay|b16777216|x1|t16      elapsed=  4.2m
[164/240] lpay|b16777216|x1|t64      elapsed=  4.2m
[165/240] lpay|b16777216|x2|t16      elapsed=  4.3m
[166/240] lpay|b16777216|x2|t64      elapsed=  4.3m
[167/240] lpay|b16777216|x4|t16      elapsed=  4.4m
[168/240] lpay|b16777216|x4|t64      elapsed=  4.4m
[169/240] lpay|b33554432|x1|t16      elapsed=  4.5m
[170/240] lpay|b33554432|x1|t64      elapsed=  4.5m
[171/240] lpay|b33554432|x2|t16      elapsed=  4.6m
[172/240] lpay|b33554432|x2|t64      elapsed=  4.6m
[173/240] lpay|b33554432|x4|t16      elapsed=  4.8m
[174/240] lpay|b33554432|x4|t64      elapsed=  4.8m
[175/240] lpay|b67108864|x1|t16      elapsed=  4.9m
[176/240] lpay|b67108864|x1|t64      elapsed=  5.0m
[177/240] lpay|b67108864|x2|t16      elapsed=  5.1m
[178/240] lpay|b67108864|x2|t64      elapsed=  5.2m
[179/240] lpay|b67108864|x4|t16      elapsed=  5.5m
[180/240] lpay|b67108864|x4|t64      elapsed=  5.6m
[181/240] uniq|b131072|x1|t16        elapsed=  5.6m
[182/240] uniq|b131072|x1|t64        elapsed=  5.6m
[183/240] uniq|b131072|x2|t16        elapsed=  5.6m
[184/240] uniq|b131072|x2|t64        elapsed=  5.6m
[185/240] uniq|b131072|x4|t16        elapsed=  5.6m
[186/240] uniq|b131072|x4|t64        elapsed=  5.7m
[187/240] uniq|b262144|x1|t16        elapsed=  5.7m
[188/240] uniq|b262144|x1|t64        elapsed=  5.7m
[189/240] uniq|b262144|x2|t16        elapsed=  5.7m
[190/240] uniq|b262144|x2|t64        elapsed=  5.7m
[191/240] uniq|b262144|x4|t16        elapsed=  5.7m
[192/240] uniq|b262144|x4|t64        elapsed=  5.7m
[193/240] uniq|b524288|x1|t16        elapsed=  5.7m
[194/240] uniq|b524288|x1|t64        elapsed=  5.7m
[195/240] uniq|b524288|x2|t16        elapsed=  5.8m
[196/240] uniq|b524288|x2|t64        elapsed=  5.8m
[197/240] uniq|b524288|x4|t16        elapsed=  5.8m
[198/240] uniq|b524288|x4|t64        elapsed=  5.8m
[199/240] uniq|b1048576|x1|t16       elapsed=  5.8m
[200/240] uniq|b1048576|x1|t64       elapsed=  5.8m
[201/240] uniq|b1048576|x2|t16       elapsed=  5.8m
[202/240] uniq|b1048576|x2|t64       elapsed=  5.8m
[203/240] uniq|b1048576|x4|t16       elapsed=  5.8m
[204/240] uniq|b1048576|x4|t64       elapsed=  5.9m
[205/240] uniq|b2097152|x1|t16       elapsed=  5.9m
[206/240] uniq|b2097152|x1|t64       elapsed=  5.9m
[207/240] uniq|b2097152|x2|t16       elapsed=  5.9m
[208/240] uniq|b2097152|x2|t64       elapsed=  5.9m
[209/240] uniq|b2097152|x4|t16       elapsed=  5.9m
[210/240] uniq|b2097152|x4|t64       elapsed=  5.9m
[211/240] uniq|b4194304|x1|t16       elapsed=  6.0m
[212/240] uniq|b4194304|x1|t64       elapsed=  6.0m
[213/240] uniq|b4194304|x2|t16       elapsed=  6.0m
[214/240] uniq|b4194304|x2|t64       elapsed=  6.0m
[215/240] uniq|b4194304|x4|t16       elapsed=  6.0m
[216/240] uniq|b4194304|x4|t64       elapsed=  6.0m
[217/240] uniq|b8388608|x1|t16       elapsed=  6.0m
[218/240] uniq|b8388608|x1|t64       elapsed=  6.1m
[219/240] uniq|b8388608|x2|t16       elapsed=  6.1m
[220/240] uniq|b8388608|x2|t64       elapsed=  6.1m
[221/240] uniq|b8388608|x4|t16       elapsed=  6.1m
[222/240] uniq|b8388608|x4|t64       elapsed=  6.1m
[223/240] uniq|b16777216|x1|t16      elapsed=  6.2m
[224/240] uniq|b16777216|x1|t64      elapsed=  6.2m
[225/240] uniq|b16777216|x2|t16      elapsed=  6.2m
[226/240] uniq|b16777216|x2|t64      elapsed=  6.2m
[227/240] uniq|b16777216|x4|t16      elapsed=  6.3m
[228/240] uniq|b16777216|x4|t64      elapsed=  6.3m
[229/240] uniq|b33554432|x1|t16      elapsed=  6.3m
[230/240] uniq|b33554432|x1|t64      elapsed=  6.4m
[231/240] uniq|b33554432|x2|t16      elapsed=  6.4m
[232/240] uniq|b33554432|x2|t64      elapsed=  6.4m
[233/240] uniq|b33554432|x4|t16      elapsed=  6.5m
[234/240] uniq|b33554432|x4|t64      elapsed=  6.6m
[235/240] uniq|b67108864|x1|t16      elapsed=  6.6m
[236/240] uniq|b67108864|x1|t64      elapsed=  6.7m
[237/240] uniq|b67108864|x2|t16      elapsed=  6.8m
[238/240] uniq|b67108864|x2|t64      elapsed=  6.9m
[239/240] uniq|b67108864|x4|t16      elapsed=  7.1m
[240/240] uniq|b67108864|x4|t64      elapsed=  7.1m
SHAPES_DONE tag=s1 total=7.1m
EXIT=0
