BENCH_SERIAL begin port=9101 binary=/mnt/ch/ClickHouse/build/reldeb/programs/clickhouse 2026-08-02T14:07:31+05:30
SETTINGS max_threads=1 enable_join_runtime_filters=0 max_bytes_before_external_join=0
# algo=hash runs=5 build_rows=10000000 probe_rows=100000
  run=1 wall_ms=492 cpu_us=160117
  run=2 wall_ms=273 cpu_us=162089
  run=3 wall_ms=267 cpu_us=157416
  run=4 wall_ms=261 cpu_us=162845
  run=5 wall_ms=249 cpu_us=163241
RESULT algo=hash wall_median_ms=267 wall_stdev_ms=103.018 cpu_median_us=162089 cpu_stdev_us=2405.02
RAW_WALL algo=hash 492 273 267 261 249 
RAW_CPU algo=hash 160117 162089 157416 162845 163241 
# algo=unified_hash runs=5 build_rows=10000000 probe_rows=100000
  run=1 wall_ms=243 cpu_us=161718
  run=2 wall_ms=251 cpu_us=160491
  run=3 wall_ms=242 cpu_us=158445
  run=4 wall_ms=259 cpu_us=159904
  run=5 wall_ms=271 cpu_us=168189
RESULT algo=unified_hash wall_median_ms=251 wall_stdev_ms=12.0913 cpu_median_us=160491 cpu_stdev_us=3787.4
RAW_WALL algo=unified_hash 243 251 242 259 271 
RAW_CPU algo=unified_hash 161718 160491 158445 159904 168189 
BENCH_SERIAL_DONE
JOB_EXIT=0
