BENCH_SERIAL begin port=9101 binary=/mnt/ch/ClickHouse/build/reldeb/programs/clickhouse 2026-08-02T14:02:23+05:30
SETTINGS max_threads=1 enable_join_runtime_filters=0 max_bytes_before_external_join=0
# algo=hash runs=5 build_rows=10000000 probe_rows=100000
  run=1 wall_ms=485 cpu_us=155824
  run=2 wall_ms=270 cpu_us=163823
  run=3 wall_ms=268 cpu_us=160250
  run=4 wall_ms=251 cpu_us=160021
  run=5 wall_ms=261 cpu_us=155290
RESULT algo=hash wall_median_ms=268 wall_stdev_ms=99.7823 cpu_median_us=160021 cpu_stdev_us=3525.22
RAW_WALL algo=hash 485 270 268 251 261 
RAW_CPU algo=hash 155824 163823 160250 160021 155290 
# algo=unified_hash runs=5 build_rows=10000000 probe_rows=100000
  run=1 wall_ms=254 cpu_us=168420
  run=2 wall_ms=401 cpu_us=166205
  run=3 wall_ms=264 cpu_us=154110
  run=4 wall_ms=247 cpu_us=157107
  run=5 wall_ms=241 cpu_us=150809
RESULT algo=unified_hash wall_median_ms=254 wall_stdev_ms=67.404 cpu_median_us=157107 cpu_stdev_us=7659.82
RAW_WALL algo=unified_hash 254 401 264 247 241 
RAW_CPU algo=unified_hash 168420 166205 154110 157107 150809 
BENCH_SERIAL_DONE
JOB_EXIT=0
