
=== shard 6 pulls key64:probe.inner_all.S5.T96 ===
sweep: 1 cells planned, 0 already complete (resume via /mnt/ch/ClickHouse/tmp/probe_campaign_20260729/results/fleet_baab/results.shard6.jsonl), 1 to run
=== cell 1/1: key64:probe.inner_all.S5.T96 rows_build=384000000 rows_probe=1536000000 expected_rows=1536000000 threads=96 order=BAAB runs=10(5/dir) warmups=4/block rows_source=calibration-file ===
  block 1/4 BAAB arm B(candidate) dir0: fill 8.4s, runs 0-4, median 3532.1ms, block 45.0s
SKIPPED: AMAC engagement counters absent in system.events (arm=baseline); engagement recorded as null
  block 2/4 BAAB arm A(baseline) dir0: fill 8.5s, runs 0-4, median 3264.5ms, block 50.3s
  block 3/4 BAAB arm A(baseline) dir1: fill 8.6s, runs 5-9, median 3248.4ms, block 50.1s
  block 4/4 BAAB arm B(candidate) dir1: fill 8.7s, runs 5-9, median 3494.9ms, block 45.6s
  cell OK (191.0s)
FLEET_AB SWEEP RESULT: cells_run=1 cells_ok=1 cells_failed=0 results=/mnt/ch/ClickHouse/tmp/probe_campaign_20260729/results/fleet_baab/results.shard6.jsonl -> PASS

=== shard 6 pulls str:probe.inner_all.S4.T96 ===
sweep: 1 cells planned, 0 already complete (resume via /mnt/ch/ClickHouse/tmp/probe_campaign_20260729/results/fleet_baab/results.shard6.jsonl), 1 to run
=== cell 1/1: str:probe.inner_all.S4.T96 rows_build=48000000 rows_probe=192000000 expected_rows=192000000 threads=96 order=BAAB runs=10(5/dir) warmups=4/block rows_source=calibration-file ===
  block 1/4 BAAB arm B(candidate) dir0: fill 6.8s, runs 0-4, median 413.6ms, block 14.8s
SKIPPED: AMAC engagement counters absent in system.events (arm=baseline); engagement recorded as null
  block 2/4 BAAB arm A(baseline) dir0: fill 7.0s, runs 0-4, median 472.3ms, block 16.1s
  block 3/4 BAAB arm A(baseline) dir1: fill 6.8s, runs 5-9, median 468.3ms, block 16.2s
  block 4/4 BAAB arm B(candidate) dir1: fill 6.9s, runs 5-9, median 418.2ms, block 14.9s
  cell OK (62.0s)
FLEET_AB SWEEP RESULT: cells_run=1 cells_ok=1 cells_failed=0 results=/mnt/ch/ClickHouse/tmp/probe_campaign_20260729/results/fleet_baab/results.shard6.jsonl -> PASS

=== shard 6 pulls str:probe.rf_all.S4.T96 ===
sweep: 1 cells planned, 0 already complete (resume via /mnt/ch/ClickHouse/tmp/probe_campaign_20260729/results/fleet_baab/results.shard6.jsonl), 1 to run
=== cell 1/1: str:probe.rf_all.S4.T96 rows_build=48000000 rows_probe=192000000 expected_rows=192000000 threads=96 order=BAAB runs=10(5/dir) warmups=4/block rows_source=calibration-file ===
  block 1/4 BAAB arm B(candidate) dir0: fill 6.9s, runs 0-4, median 722.6ms, block 18.0s
SKIPPED: AMAC engagement counters absent in system.events (arm=baseline); engagement recorded as null
  block 2/4 BAAB arm A(baseline) dir0: fill 7.3s, runs 0-4, median 3022.0ms, block 40.0s
  block 3/4 BAAB arm A(baseline) dir1: fill 7.1s, runs 5-9, median 2992.2ms, block 39.3s
  block 4/4 BAAB arm B(candidate) dir1: fill 7.6s, runs 5-9, median 721.9ms, block 18.8s
  cell OK (116.1s)
FLEET_AB SWEEP RESULT: cells_run=1 cells_ok=1 cells_failed=0 results=/mnt/ch/ClickHouse/tmp/probe_campaign_20260729/results/fleet_baab/results.shard6.jsonl -> PASS

=== shard 6 pulls k256:probe.inner_all.S1.T96 ===
sweep: 1 cells planned, 0 already complete (resume via /mnt/ch/ClickHouse/tmp/probe_campaign_20260729/results/fleet_baab/results.shard6.jsonl), 1 to run
=== cell 1/1: k256:probe.inner_all.S1.T96 rows_build=24000 rows_probe=192000000 expected_rows=192000000 threads=96 order=BAAB runs=10(5/dir) warmups=4/block rows_source=calibration-file ===
  block 1/4 BAAB arm B(candidate) dir0: fill 6.9s, runs 0-4, median 523.3ms, block 15.5s
SKIPPED: AMAC engagement counters absent in system.events (arm=baseline); engagement recorded as null
  block 2/4 BAAB arm A(baseline) dir0: fill 6.8s, runs 0-4, median 551.5ms, block 15.7s
  block 3/4 BAAB arm A(baseline) dir1: fill 7.0s, runs 5-9, median 552.2ms, block 16.0s
  block 4/4 BAAB arm B(candidate) dir1: fill 6.8s, runs 5-9, median 525.2ms, block 15.5s
  cell OK (62.7s)
FLEET_AB SWEEP RESULT: cells_run=1 cells_ok=1 cells_failed=0 results=/mnt/ch/ClickHouse/tmp/probe_campaign_20260729/results/fleet_baab/results.shard6.jsonl -> PASS

=== shard 6 pulls str:probe.any.S2.T96 ===
sweep: 1 cells planned, 0 already complete (resume via /mnt/ch/ClickHouse/tmp/probe_campaign_20260729/results/fleet_baab/results.shard6.jsonl), 1 to run
=== cell 1/1: str:probe.any.S2.T96 rows_build=260000 rows_probe=192000000 expected_rows=192000000 threads=96 order=BAAB runs=10(5/dir) warmups=4/block rows_source=calibration-file ===
  block 1/4 BAAB arm B(candidate) dir0: fill 6.8s, runs 0-4, median 271.5ms, block 13.3s
SKIPPED: AMAC engagement counters absent in system.events (arm=baseline); engagement recorded as null
  block 2/4 BAAB arm A(baseline) dir0: fill 6.8s, runs 0-4, median 331.3ms, block 13.7s
  block 3/4 BAAB arm A(baseline) dir1: fill 7.0s, runs 5-9, median 326.1ms, block 13.9s
  block 4/4 BAAB arm B(candidate) dir1: fill 6.7s, runs 5-9, median 272.1ms, block 13.1s
  cell OK (53.9s)
FLEET_AB SWEEP RESULT: cells_run=1 cells_ok=1 cells_failed=0 results=/mnt/ch/ClickHouse/tmp/probe_campaign_20260729/results/fleet_baab/results.shard6.jsonl -> PASS

=== shard 6 pulls key64:probe.inner_all.S4.T96 ===
sweep: 1 cells planned, 0 already complete (resume via /mnt/ch/ClickHouse/tmp/probe_campaign_20260729/results/fleet_baab/results.shard6.jsonl), 1 to run
=== cell 1/1: key64:probe.inner_all.S4.T96 rows_build=96000000 rows_probe=384000000 expected_rows=384000000 threads=96 order=BAAB runs=10(5/dir) warmups=4/block rows_source=calibration-file ===
  block 1/4 BAAB arm B(candidate) dir0: fill 7.0s, runs 0-4, median 851.5ms, block 18.8s
SKIPPED: AMAC engagement counters absent in system.events (arm=baseline); engagement recorded as null
  block 2/4 BAAB arm A(baseline) dir0: fill 7.1s, runs 0-4, median 792.4ms, block 20.1s
  block 3/4 BAAB arm A(baseline) dir1: fill 7.0s, runs 5-9, median 795.1ms, block 20.0s
  block 4/4 BAAB arm B(candidate) dir1: fill 7.0s, runs 5-9, median 849.5ms, block 18.7s
  cell OK (77.6s)
FLEET_AB SWEEP RESULT: cells_run=1 cells_ok=1 cells_failed=0 results=/mnt/ch/ClickHouse/tmp/probe_campaign_20260729/results/fleet_baab/results.shard6.jsonl -> PASS

=== shard 6 pulls key64:probe.any.S4.T96 ===
sweep: 1 cells planned, 0 already complete (resume via /mnt/ch/ClickHouse/tmp/probe_campaign_20260729/results/fleet_baab/results.shard6.jsonl), 1 to run
=== cell 1/1: key64:probe.any.S4.T96 rows_build=96000000 rows_probe=384000000 expected_rows=384000000 threads=96 order=BAAB runs=10(5/dir) warmups=4/block rows_source=calibration-file ===
  block 1/4 BAAB arm B(candidate) dir0: fill 7.2s, runs 0-4, median 836.7ms, block 18.8s
SKIPPED: AMAC engagement counters absent in system.events (arm=baseline); engagement recorded as null
  block 2/4 BAAB arm A(baseline) dir0: fill 7.1s, runs 0-4, median 826.0ms, block 20.2s
  block 3/4 BAAB arm A(baseline) dir1: fill 7.0s, runs 5-9, median 820.4ms, block 20.2s
  block 4/4 BAAB arm B(candidate) dir1: fill 7.3s, runs 5-9, median 831.8ms, block 18.9s
  cell OK (78.1s)
FLEET_AB SWEEP RESULT: cells_run=1 cells_ok=1 cells_failed=0 results=/mnt/ch/ClickHouse/tmp/probe_campaign_20260729/results/fleet_baab/results.shard6.jsonl -> PASS

=== shard 6 pulls mixed:build.inner_all.S5.T96 ===
sweep: 1 cells planned, 0 already complete (resume via /mnt/ch/ClickHouse/tmp/probe_campaign_20260729/results/fleet_baab/results.shard6.jsonl), 1 to run
=== cell 1/1: mixed:build.inner_all.S5.T96 rows_build=192000000 rows_probe=48000000 expected_rows=48000000 threads=96 order=BAAB runs=10(5/dir) warmups=4/block rows_source=calibration-file ===
  block 1/4 BAAB arm B(candidate) dir0: fill 7.0s, runs 0-4, median 846.0ms, block 20.4s
SKIPPED: AMAC engagement counters absent in system.events (arm=baseline); engagement recorded as null
  block 2/4 BAAB arm A(baseline) dir0: fill 7.2s, runs 0-4, median 946.0ms, block 23.8s
  block 3/4 BAAB arm A(baseline) dir1: fill 7.2s, runs 5-9, median 948.0ms, block 23.9s
  block 4/4 BAAB arm B(candidate) dir1: fill 7.1s, runs 5-9, median 853.5ms, block 20.3s
  cell OK (88.5s)
FLEET_AB SWEEP RESULT: cells_run=1 cells_ok=1 cells_failed=0 results=/mnt/ch/ClickHouse/tmp/probe_campaign_20260729/results/fleet_baab/results.shard6.jsonl -> PASS

=== shard 6 pulls fixstr:probe.inner_all.S2.T96 ===
sweep: 1 cells planned, 0 already complete (resume via /mnt/ch/ClickHouse/tmp/probe_campaign_20260729/results/fleet_baab/results.shard6.jsonl), 1 to run
=== cell 1/1: fixstr:probe.inner_all.S2.T96 rows_build=260000 rows_probe=192000000 expected_rows=192000000 threads=96 order=BAAB runs=10(5/dir) warmups=4/block rows_source=calibration-file ===
  block 1/4 BAAB arm B(candidate) dir0: fill 7.0s, runs 0-4, median 302.7ms, block 13.7s
SKIPPED: AMAC engagement counters absent in system.events (arm=baseline); engagement recorded as null
  block 2/4 BAAB arm A(baseline) dir0: fill 6.8s, runs 0-4, median 300.5ms, block 13.5s
  block 3/4 BAAB arm A(baseline) dir1: fill 6.8s, runs 5-9, median 302.5ms, block 13.4s
  block 4/4 BAAB arm B(candidate) dir1: fill 6.8s, runs 5-9, median 303.9ms, block 13.5s
  cell OK (54.1s)
FLEET_AB SWEEP RESULT: cells_run=1 cells_ok=1 cells_failed=0 results=/mnt/ch/ClickHouse/tmp/probe_campaign_20260729/results/fleet_baab/results.shard6.jsonl -> PASS

=== shard 6 pulls str:probe.inner_all.S3.T96.h05 ===
sweep: 1 cells planned, 0 already complete (resume via /mnt/ch/ClickHouse/tmp/probe_campaign_20260729/results/fleet_baab/results.shard6.jsonl), 1 to run
=== cell 1/1: str:probe.inner_all.S3.T96.h05 rows_build=12000000 rows_probe=192000000 expected_rows=9600000 threads=96 order=BAAB runs=10(5/dir) warmups=4/block rows_source=calibration-file ===
  block 1/4 BAAB arm B(candidate) dir0: fill 7.0s, runs 0-4, median 123.2ms, block 12.1s
SKIPPED: AMAC engagement counters absent in system.events (arm=baseline); engagement recorded as null
  block 2/4 BAAB arm A(baseline) dir0: fill 6.8s, runs 0-4, median 157.1ms, block 12.3s
  block 3/4 BAAB arm A(baseline) dir1: fill 6.8s, runs 5-9, median 156.7ms, block 12.3s
  block 4/4 BAAB arm B(candidate) dir1: fill 6.8s, runs 5-9, median 121.7ms, block 11.9s
  CELL FAILED: str:probe.inner_all.S3.T96.h05: one or more runs INVALID (see invalid_reason in results)
FLEET_AB SWEEP RESULT: cells_run=1 cells_ok=0 cells_failed=1 results=/mnt/ch/ClickHouse/tmp/probe_campaign_20260729/results/fleet_baab/results.shard6.jsonl -> FAIL

=== shard 6 pulls str:probe.semi_anti.S2.T96.anti ===
sweep: 1 cells planned, 0 already complete (resume via /mnt/ch/ClickHouse/tmp/probe_campaign_20260729/results/fleet_baab/results.shard6.jsonl), 1 to run
=== cell 1/1: str:probe.semi_anti.S2.T96.anti rows_build=260000 rows_probe=192000000 expected_rows=0 threads=96 order=BAAB runs=10(5/dir) warmups=4/block rows_source=calibration-file ===
  block 1/4 BAAB arm B(candidate) dir0: fill 6.8s, runs 0-4, median 56.4ms, block 11.2s
SKIPPED: AMAC engagement counters absent in system.events (arm=baseline); engagement recorded as null
  block 2/4 BAAB arm A(baseline) dir0: fill 7.0s, runs 0-4, median 64.2ms, block 11.5s
  block 3/4 BAAB arm A(baseline) dir1: fill 6.8s, runs 5-9, median 66.4ms, block 11.3s
  block 4/4 BAAB arm B(candidate) dir1: fill 6.8s, runs 5-9, median 58.4ms, block 11.2s
  CELL FAILED: str:probe.semi_anti.S2.T96.anti: one or more runs INVALID (see invalid_reason in results)
FLEET_AB SWEEP RESULT: cells_run=1 cells_ok=0 cells_failed=1 results=/mnt/ch/ClickHouse/tmp/probe_campaign_20260729/results/fleet_baab/results.shard6.jsonl -> FAIL

=== shard 6 pulls key64:probe.inner_all.S3.T96 ===
sweep: 1 cells planned, 0 already complete (resume via /mnt/ch/ClickHouse/tmp/probe_campaign_20260729/results/fleet_baab/results.shard6.jsonl), 1 to run
=== cell 1/1: key64:probe.inner_all.S3.T96 rows_build=24000000 rows_probe=192000000 expected_rows=192000000 threads=96 order=BAAB runs=10(5/dir) warmups=4/block rows_source=calibration-file ===
  block 1/4 BAAB arm B(candidate) dir0: fill 6.7s, runs 0-4, median 373.2ms, block 14.0s
SKIPPED: AMAC engagement counters absent in system.events (arm=baseline); engagement recorded as null
  block 2/4 BAAB arm A(baseline) dir0: fill 6.8s, runs 0-4, median 368.7ms, block 14.5s
  block 3/4 BAAB arm A(baseline) dir1: fill 6.7s, runs 5-9, median 369.7ms, block 14.4s
  block 4/4 BAAB arm B(candidate) dir1: fill 6.7s, runs 5-9, median 373.8ms, block 14.0s
  cell OK (56.8s)
FLEET_AB SWEEP RESULT: cells_run=1 cells_ok=1 cells_failed=0 results=/mnt/ch/ClickHouse/tmp/probe_campaign_20260729/results/fleet_baab/results.shard6.jsonl -> PASS

=== shard 6 pulls key64:probe.left_all.S2.T96 ===
sweep: 1 cells planned, 0 already complete (resume via /mnt/ch/ClickHouse/tmp/probe_campaign_20260729/results/fleet_baab/results.shard6.jsonl), 1 to run
=== cell 1/1: key64:probe.left_all.S2.T96 rows_build=260000 rows_probe=192000000 expected_rows=192000000 threads=96 order=BAAB runs=10(5/dir) warmups=4/block rows_source=calibration-file ===
  block 1/4 BAAB arm B(candidate) dir0: fill 6.7s, runs 0-4, median 298.8ms, block 13.3s
SKIPPED: AMAC engagement counters absent in system.events (arm=baseline); engagement recorded as null
  block 2/4 BAAB arm A(baseline) dir0: fill 6.8s, runs 0-4, median 302.3ms, block 13.5s
  block 3/4 BAAB arm A(baseline) dir1: fill 6.7s, runs 5-9, median 304.9ms, block 13.4s
  block 4/4 BAAB arm B(candidate) dir1: fill 6.7s, runs 5-9, median 300.5ms, block 13.3s
  cell OK (53.4s)
FLEET_AB SWEEP RESULT: cells_run=1 cells_ok=1 cells_failed=0 results=/mnt/ch/ClickHouse/tmp/probe_campaign_20260729/results/fleet_baab/results.shard6.jsonl -> PASS

=== shard 6 pulls key64:probe.inner_all.S1.T96 ===
sweep: 1 cells planned, 0 already complete (resume via /mnt/ch/ClickHouse/tmp/probe_campaign_20260729/results/fleet_baab/results.shard6.jsonl), 1 to run
=== cell 1/1: key64:probe.inner_all.S1.T96 rows_build=24000 rows_probe=192000000 expected_rows=192000000 threads=96 order=BAAB runs=10(5/dir) warmups=4/block rows_source=calibration-file ===
  block 1/4 BAAB arm B(candidate) dir0: fill 6.7s, runs 0-4, median 284.1ms, block 13.2s
SKIPPED: AMAC engagement counters absent in system.events (arm=baseline); engagement recorded as null
  block 2/4 BAAB arm A(baseline) dir0: fill 6.9s, runs 0-4, median 279.2ms, block 13.3s
  block 3/4 BAAB arm A(baseline) dir1: fill 6.6s, runs 5-9, median 277.9ms, block 13.0s
  block 4/4 BAAB arm B(candidate) dir1: fill 6.7s, runs 5-9, median 283.8ms, block 13.2s
  cell OK (52.7s)
FLEET_AB SWEEP RESULT: cells_run=1 cells_ok=1 cells_failed=0 results=/mnt/ch/ClickHouse/tmp/probe_campaign_20260729/results/fleet_baab/results.shard6.jsonl -> PASS

=== shard 6 pulls key64:probe.semi_anti.S2.T96.anti ===
sweep: 1 cells planned, 0 already complete (resume via /mnt/ch/ClickHouse/tmp/probe_campaign_20260729/results/fleet_baab/results.shard6.jsonl), 1 to run
=== cell 1/1: key64:probe.semi_anti.S2.T96.anti rows_build=260000 rows_probe=192000000 expected_rows=0 threads=96 order=BAAB runs=10(5/dir) warmups=4/block rows_source=calibration-file ===
  block 1/4 BAAB arm B(candidate) dir0: fill 6.7s, runs 0-4, median 42.0ms, block 11.0s
SKIPPED: AMAC engagement counters absent in system.events (arm=baseline); engagement recorded as null
  block 2/4 BAAB arm A(baseline) dir0: fill 6.7s, runs 0-4, median 36.7ms, block 11.1s
  block 3/4 BAAB arm A(baseline) dir1: fill 6.6s, runs 5-9, median 36.9ms, block 10.9s
  block 4/4 BAAB arm B(candidate) dir1: fill 6.7s, runs 5-9, median 42.6ms, block 11.1s
  CELL FAILED: key64:probe.semi_anti.S2.T96.anti: one or more runs INVALID (see invalid_reason in results)
FLEET_AB SWEEP RESULT: cells_run=1 cells_ok=0 cells_failed=1 results=/mnt/ch/ClickHouse/tmp/probe_campaign_20260729/results/fleet_baab/results.shard6.jsonl -> FAIL

=== shard 6 pulls key64:build.left_all.S3.T96.dup16 ===
sweep: 1 cells planned, 0 already complete (resume via /mnt/ch/ClickHouse/tmp/probe_campaign_20260729/results/fleet_baab/results.shard6.jsonl), 1 to run
=== cell 1/1: key64:build.left_all.S3.T96.dup16 rows_build=24000000 rows_probe=6000000 expected_rows=96000000 threads=96 order=BAAB runs=10(5/dir) warmups=4/block rows_source=calibration-file ===
  block 1/4 BAAB arm B(candidate) dir0: fill 6.6s, runs 0-4, median 288.3ms, block 13.1s
SKIPPED: AMAC engagement counters absent in system.events (arm=baseline); engagement recorded as null
  block 2/4 BAAB arm A(baseline) dir0: fill 6.5s, runs 0-4, median 268.7ms, block 13.3s
  block 3/4 BAAB arm A(baseline) dir1: fill 6.7s, runs 5-9, median 268.8ms, block 13.4s
  block 4/4 BAAB arm B(candidate) dir1: fill 6.5s, runs 5-9, median 288.4ms, block 13.1s
  cell OK (53.0s)
FLEET_AB SWEEP RESULT: cells_run=1 cells_ok=1 cells_failed=0 results=/mnt/ch/ClickHouse/tmp/probe_campaign_20260729/results/fleet_baab/results.shard6.jsonl -> PASS

=== shard 6 pulls key64:build.inner_all.S3.T96.statson ===
sweep: 1 cells planned, 0 already complete (resume via /mnt/ch/ClickHouse/tmp/probe_campaign_20260729/results/fleet_baab/results.shard6.jsonl), 1 to run
=== cell 1/1: key64:build.inner_all.S3.T96.statson rows_build=24000000 rows_probe=6000000 expected_rows=6000000 threads=96 order=BAAB runs=10(5/dir) warmups=4/block rows_source=calibration-file ===
  block 1/4 BAAB arm B(candidate) dir0: fill 6.5s, runs 0-4, median 77.8ms, block 11.2s
SKIPPED: AMAC engagement counters absent in system.events (arm=baseline); engagement recorded as null
  block 2/4 BAAB arm A(baseline) dir0: fill 6.5s, runs 0-4, median 63.3ms, block 11.4s
  block 3/4 BAAB arm A(baseline) dir1: fill 6.5s, runs 5-9, median 64.8ms, block 11.6s
  block 4/4 BAAB arm B(candidate) dir1: fill 6.5s, runs 5-9, median 86.5ms, block 11.3s
  CELL FAILED: key64:build.inner_all.S3.T96.statson: one or more runs INVALID (see invalid_reason in results)
FLEET_AB SWEEP RESULT: cells_run=1 cells_ok=0 cells_failed=1 results=/mnt/ch/ClickHouse/tmp/probe_campaign_20260729/results/fleet_baab/results.shard6.jsonl -> FAIL

=== shard 6 pulls k256:build.inner_all.S2.T96 ===
sweep: 1 cells planned, 0 already complete (resume via /mnt/ch/ClickHouse/tmp/probe_campaign_20260729/results/fleet_baab/results.shard6.jsonl), 1 to run
=== cell 1/1: k256:build.inner_all.S2.T96 rows_build=260000 rows_probe=65000 expected_rows=65000 threads=96 order=BAAB runs=10(5/dir) warmups=4/block rows_source=calibration-file ===
  block 1/4 BAAB arm B(candidate) dir0: fill 6.5s, runs 0-4, median 43.4ms, block 10.8s
SKIPPED: AMAC engagement counters absent in system.events (arm=baseline); engagement recorded as null
  block 2/4 BAAB arm A(baseline) dir0: fill 6.5s, runs 0-4, median 40.9ms, block 10.8s
  block 3/4 BAAB arm A(baseline) dir1: fill 6.5s, runs 5-9, median 42.1ms, block 10.8s
  block 4/4 BAAB arm B(candidate) dir1: fill 6.5s, runs 5-9, median 40.8ms, block 11.0s
  CELL FAILED: k256:build.inner_all.S2.T96: one or more runs INVALID (see invalid_reason in results)
FLEET_AB SWEEP RESULT: cells_run=1 cells_ok=0 cells_failed=1 results=/mnt/ch/ClickHouse/tmp/probe_campaign_20260729/results/fleet_baab/results.shard6.jsonl -> FAIL
