
=== shard 4 pulls str:probe.inner_all.S5.T96 ===
sweep: 1 cells planned, 0 already complete (resume via /mnt/ch/ClickHouse/tmp/probe_campaign_20260729/results/fleet_baab/results.shard4.jsonl), 1 to run
=== cell 1/1: str:probe.inner_all.S5.T96 rows_build=192000000 rows_probe=768000000 expected_rows=768000000 threads=96 order=BAAB runs=10(5/dir) warmups=4/block rows_source=calibration-file ===
  block 1/4 BAAB arm B(candidate) dir0: fill 8.1s, runs 0-4, median 1761.3ms, block 29.7s
SKIPPED: AMAC engagement counters absent in system.events (arm=baseline); engagement recorded as null
  block 2/4 BAAB arm A(baseline) dir0: fill 8.3s, runs 0-4, median 2011.7ms, block 35.7s
  block 3/4 BAAB arm A(baseline) dir1: fill 8.5s, runs 5-9, median 2020.4ms, block 35.2s
  block 4/4 BAAB arm B(candidate) dir1: fill 8.5s, runs 5-9, median 1744.1ms, block 30.5s
  cell OK (131.0s)
FLEET_AB SWEEP RESULT: cells_run=1 cells_ok=1 cells_failed=0 results=/mnt/ch/ClickHouse/tmp/probe_campaign_20260729/results/fleet_baab/results.shard4.jsonl -> PASS

=== shard 4 pulls k128:probe.inner_all.S5.T96 ===
sweep: 1 cells planned, 0 already complete (resume via /mnt/ch/ClickHouse/tmp/probe_campaign_20260729/results/fleet_baab/results.shard4.jsonl), 1 to run
=== cell 1/1: k128:probe.inner_all.S5.T96 rows_build=192000000 rows_probe=768000000 expected_rows=768000000 threads=96 order=BAAB runs=10(5/dir) warmups=4/block rows_source=calibration-file ===
  block 1/4 BAAB arm B(candidate) dir0: fill 7.8s, runs 0-4, median 2694.8ms, block 37.7s
SKIPPED: AMAC engagement counters absent in system.events (arm=baseline); engagement recorded as null
  block 2/4 BAAB arm A(baseline) dir0: fill 9.0s, runs 0-4, median 2498.2ms, block 39.6s
  block 3/4 BAAB arm A(baseline) dir1: fill 8.3s, runs 5-9, median 2503.5ms, block 39.2s
  block 4/4 BAAB arm B(candidate) dir1: fill 7.9s, runs 5-9, median 2701.2ms, block 37.8s
  cell OK (154.3s)
FLEET_AB SWEEP RESULT: cells_run=1 cells_ok=1 cells_failed=0 results=/mnt/ch/ClickHouse/tmp/probe_campaign_20260729/results/fleet_baab/results.shard4.jsonl -> PASS

=== shard 4 pulls str:probe.semi_anti.S4.T96 ===
sweep: 1 cells planned, 0 already complete (resume via /mnt/ch/ClickHouse/tmp/probe_campaign_20260729/results/fleet_baab/results.shard4.jsonl), 1 to run
=== cell 1/1: str:probe.semi_anti.S4.T96 rows_build=48000000 rows_probe=192000000 expected_rows=192000000 threads=96 order=BAAB runs=10(5/dir) warmups=4/block rows_source=calibration-file ===
  block 1/4 BAAB arm B(candidate) dir0: fill 7.2s, runs 0-4, median 417.1ms, block 15.3s
SKIPPED: AMAC engagement counters absent in system.events (arm=baseline); engagement recorded as null
  block 2/4 BAAB arm A(baseline) dir0: fill 7.0s, runs 0-4, median 468.8ms, block 16.2s
  block 3/4 BAAB arm A(baseline) dir1: fill 6.9s, runs 5-9, median 465.2ms, block 16.1s
  block 4/4 BAAB arm B(candidate) dir1: fill 7.0s, runs 5-9, median 419.3ms, block 15.3s
  cell OK (62.9s)
FLEET_AB SWEEP RESULT: cells_run=1 cells_ok=1 cells_failed=0 results=/mnt/ch/ClickHouse/tmp/probe_campaign_20260729/results/fleet_baab/results.shard4.jsonl -> PASS

=== shard 4 pulls k256:probe.inner_all.S2.T96 ===
sweep: 1 cells planned, 0 already complete (resume via /mnt/ch/ClickHouse/tmp/probe_campaign_20260729/results/fleet_baab/results.shard4.jsonl), 1 to run
=== cell 1/1: k256:probe.inner_all.S2.T96 rows_build=260000 rows_probe=192000000 expected_rows=192000000 threads=96 order=BAAB runs=10(5/dir) warmups=4/block rows_source=calibration-file ===
  block 1/4 BAAB arm B(candidate) dir0: fill 7.0s, runs 0-4, median 549.8ms, block 16.0s
SKIPPED: AMAC engagement counters absent in system.events (arm=baseline); engagement recorded as null
  block 2/4 BAAB arm A(baseline) dir0: fill 6.9s, runs 0-4, median 616.6ms, block 16.5s
  block 3/4 BAAB arm A(baseline) dir1: fill 6.9s, runs 5-9, median 615.0ms, block 16.5s
  block 4/4 BAAB arm B(candidate) dir1: fill 7.2s, runs 5-9, median 548.1ms, block 16.2s
  cell OK (65.2s)
FLEET_AB SWEEP RESULT: cells_run=1 cells_ok=1 cells_failed=0 results=/mnt/ch/ClickHouse/tmp/probe_campaign_20260729/results/fleet_baab/results.shard4.jsonl -> PASS

=== shard 4 pulls str:probe.rf_all.S2.T96 ===
sweep: 1 cells planned, 0 already complete (resume via /mnt/ch/ClickHouse/tmp/probe_campaign_20260729/results/fleet_baab/results.shard4.jsonl), 1 to run
=== cell 1/1: str:probe.rf_all.S2.T96 rows_build=260000 rows_probe=192000000 expected_rows=192000000 threads=96 order=BAAB runs=10(5/dir) warmups=4/block rows_source=calibration-file ===
  block 1/4 BAAB arm B(candidate) dir0: fill 6.9s, runs 0-4, median 394.8ms, block 14.5s
SKIPPED: AMAC engagement counters absent in system.events (arm=baseline); engagement recorded as null
  block 2/4 BAAB arm A(baseline) dir0: fill 6.9s, runs 0-4, median 426.0ms, block 14.8s
  block 3/4 BAAB arm A(baseline) dir1: fill 6.9s, runs 5-9, median 430.6ms, block 15.0s
  block 4/4 BAAB arm B(candidate) dir1: fill 6.9s, runs 5-9, median 395.0ms, block 14.5s
  cell OK (58.9s)
FLEET_AB SWEEP RESULT: cells_run=1 cells_ok=1 cells_failed=0 results=/mnt/ch/ClickHouse/tmp/probe_campaign_20260729/results/fleet_baab/results.shard4.jsonl -> PASS

=== shard 4 pulls lcstr:probe.inner_all.S3.T96 ===
sweep: 1 cells planned, 0 already complete (resume via /mnt/ch/ClickHouse/tmp/probe_campaign_20260729/results/fleet_baab/results.shard4.jsonl), 1 to run
=== cell 1/1: lcstr:probe.inner_all.S3.T96 rows_build=21000000 rows_probe=192000000 expected_rows=192000000 threads=96 order=BAAB runs=10(5/dir) warmups=4/block rows_source=calibration-file ===
  block 1/4 BAAB arm B(candidate) dir0: fill 7.3s, runs 0-4, median 1383.4ms, block 23.9s
SKIPPED: AMAC engagement counters absent in system.events (arm=baseline); engagement recorded as null
  block 2/4 BAAB arm A(baseline) dir0: fill 7.6s, runs 0-4, median 1306.5ms, block 24.0s
  block 3/4 BAAB arm A(baseline) dir1: fill 7.6s, runs 5-9, median 1304.7ms, block 23.8s
  block 4/4 BAAB arm B(candidate) dir1: fill 7.6s, runs 5-9, median 1390.3ms, block 24.2s
  cell OK (95.9s)
FLEET_AB SWEEP RESULT: cells_run=1 cells_ok=1 cells_failed=0 results=/mnt/ch/ClickHouse/tmp/probe_campaign_20260729/results/fleet_baab/results.shard4.jsonl -> PASS

=== shard 4 pulls key64:probe.semi_anti.S4.T96 ===
sweep: 1 cells planned, 0 already complete (resume via /mnt/ch/ClickHouse/tmp/probe_campaign_20260729/results/fleet_baab/results.shard4.jsonl), 1 to run
=== cell 1/1: key64:probe.semi_anti.S4.T96 rows_build=96000000 rows_probe=384000000 expected_rows=384000000 threads=96 order=BAAB runs=10(5/dir) warmups=4/block rows_source=calibration-file ===
  block 1/4 BAAB arm B(candidate) dir0: fill 7.1s, runs 0-4, median 844.0ms, block 19.0s
SKIPPED: AMAC engagement counters absent in system.events (arm=baseline); engagement recorded as null
  block 2/4 BAAB arm A(baseline) dir0: fill 7.2s, runs 0-4, median 799.4ms, block 20.2s
  block 3/4 BAAB arm A(baseline) dir1: fill 7.1s, runs 5-9, median 792.0ms, block 20.2s
  block 4/4 BAAB arm B(candidate) dir1: fill 7.1s, runs 5-9, median 853.9ms, block 19.0s
  cell OK (78.5s)
FLEET_AB SWEEP RESULT: cells_run=1 cells_ok=1 cells_failed=0 results=/mnt/ch/ClickHouse/tmp/probe_campaign_20260729/results/fleet_baab/results.shard4.jsonl -> PASS

=== shard 4 pulls str:probe.inner_all.S3.T96.h50 ===
sweep: 1 cells planned, 0 already complete (resume via /mnt/ch/ClickHouse/tmp/probe_campaign_20260729/results/fleet_baab/results.shard4.jsonl), 1 to run
=== cell 1/1: str:probe.inner_all.S3.T96.h50 rows_build=12000000 rows_probe=192000000 expected_rows=96000000 threads=96 order=BAAB runs=10(5/dir) warmups=4/block rows_source=calibration-file ===
  block 1/4 BAAB arm B(candidate) dir0: fill 7.0s, runs 0-4, median 218.9ms, block 13.1s
SKIPPED: AMAC engagement counters absent in system.events (arm=baseline); engagement recorded as null
  block 2/4 BAAB arm A(baseline) dir0: fill 7.0s, runs 0-4, median 272.3ms, block 13.7s
  block 3/4 BAAB arm A(baseline) dir1: fill 7.2s, runs 5-9, median 270.8ms, block 13.9s
  block 4/4 BAAB arm B(candidate) dir1: fill 6.9s, runs 5-9, median 219.5ms, block 13.0s
  cell OK (53.7s)
FLEET_AB SWEEP RESULT: cells_run=1 cells_ok=1 cells_failed=0 results=/mnt/ch/ClickHouse/tmp/probe_campaign_20260729/results/fleet_baab/results.shard4.jsonl -> PASS

=== shard 4 pulls fixstr:probe.inner_all.S3.T96 ===
sweep: 1 cells planned, 0 already complete (resume via /mnt/ch/ClickHouse/tmp/probe_campaign_20260729/results/fleet_baab/results.shard4.jsonl), 1 to run
=== cell 1/1: fixstr:probe.inner_all.S3.T96 rows_build=12000000 rows_probe=192000000 expected_rows=192000000 threads=96 order=BAAB runs=10(5/dir) warmups=4/block rows_source=calibration-file ===
  block 1/4 BAAB arm B(candidate) dir0: fill 6.9s, runs 0-4, median 399.4ms, block 14.6s
SKIPPED: AMAC engagement counters absent in system.events (arm=baseline); engagement recorded as null
  block 2/4 BAAB arm A(baseline) dir0: fill 7.0s, runs 0-4, median 390.8ms, block 14.8s
  block 3/4 BAAB arm A(baseline) dir1: fill 7.1s, runs 5-9, median 391.6ms, block 14.9s
  block 4/4 BAAB arm B(candidate) dir1: fill 7.0s, runs 5-9, median 397.5ms, block 14.7s
  cell OK (59.1s)
FLEET_AB SWEEP RESULT: cells_run=1 cells_ok=1 cells_failed=0 results=/mnt/ch/ClickHouse/tmp/probe_campaign_20260729/results/fleet_baab/results.shard4.jsonl -> PASS

=== shard 4 pulls k128:probe.inner_all.S2.T96 ===
sweep: 1 cells planned, 0 already complete (resume via /mnt/ch/ClickHouse/tmp/probe_campaign_20260729/results/fleet_baab/results.shard4.jsonl), 1 to run
=== cell 1/1: k128:probe.inner_all.S2.T96 rows_build=260000 rows_probe=192000000 expected_rows=192000000 threads=96 order=BAAB runs=10(5/dir) warmups=4/block rows_source=calibration-file ===
  block 1/4 BAAB arm B(candidate) dir0: fill 6.8s, runs 0-4, median 425.8ms, block 14.7s
SKIPPED: AMAC engagement counters absent in system.events (arm=baseline); engagement recorded as null
  block 2/4 BAAB arm A(baseline) dir0: fill 6.9s, runs 0-4, median 418.1ms, block 14.7s
  block 3/4 BAAB arm A(baseline) dir1: fill 7.0s, runs 5-9, median 421.8ms, block 14.9s
  block 4/4 BAAB arm B(candidate) dir1: fill 6.8s, runs 5-9, median 426.1ms, block 14.7s
  cell OK (59.0s)
FLEET_AB SWEEP RESULT: cells_run=1 cells_ok=1 cells_failed=0 results=/mnt/ch/ClickHouse/tmp/probe_campaign_20260729/results/fleet_baab/results.shard4.jsonl -> PASS

=== shard 4 pulls null64:probe.inner_all.S3.T96 ===
sweep: 1 cells planned, 0 already complete (resume via /mnt/ch/ClickHouse/tmp/probe_campaign_20260729/results/fleet_baab/results.shard4.jsonl), 1 to run
=== cell 1/1: null64:probe.inner_all.S3.T96 rows_build=26700000 rows_probe=192000000 expected_rows=192000000 threads=96 order=BAAB runs=10(5/dir) warmups=4/block rows_source=calibration-file ===
  block 1/4 BAAB arm B(candidate) dir0: fill 6.8s, runs 0-4, median 455.0ms, block 15.0s
SKIPPED: AMAC engagement counters absent in system.events (arm=baseline); engagement recorded as null
  block 2/4 BAAB arm A(baseline) dir0: fill 6.8s, runs 0-4, median 440.9ms, block 15.4s
  block 3/4 BAAB arm A(baseline) dir1: fill 6.8s, runs 5-9, median 438.7ms, block 15.3s
  block 4/4 BAAB arm B(candidate) dir1: fill 6.8s, runs 5-9, median 453.0ms, block 15.0s
  cell OK (60.7s)
FLEET_AB SWEEP RESULT: cells_run=1 cells_ok=1 cells_failed=0 results=/mnt/ch/ClickHouse/tmp/probe_campaign_20260729/results/fleet_baab/results.shard4.jsonl -> PASS

=== shard 4 pulls key64:probe.left_all.S3.T96.jun ===
sweep: 1 cells planned, 0 already complete (resume via /mnt/ch/ClickHouse/tmp/probe_campaign_20260729/results/fleet_baab/results.shard4.jsonl), 1 to run
=== cell 1/1: key64:probe.left_all.S3.T96.jun rows_build=24000000 rows_probe=192000000 expected_rows=192000000 threads=96 order=BAAB runs=10(5/dir) warmups=4/block rows_source=calibration-file ===
  block 1/4 BAAB arm B(candidate) dir0: fill 6.8s, runs 0-4, median 511.2ms, block 15.5s
SKIPPED: AMAC engagement counters absent in system.events (arm=baseline); engagement recorded as null
  block 2/4 BAAB arm A(baseline) dir0: fill 7.0s, runs 0-4, median 490.6ms, block 15.9s
  block 3/4 BAAB arm A(baseline) dir1: fill 6.8s, runs 5-9, median 491.3ms, block 15.7s
  block 4/4 BAAB arm B(candidate) dir1: fill 6.8s, runs 5-9, median 509.4ms, block 15.5s
  cell OK (62.7s)
FLEET_AB SWEEP RESULT: cells_run=1 cells_ok=1 cells_failed=0 results=/mnt/ch/ClickHouse/tmp/probe_campaign_20260729/results/fleet_baab/results.shard4.jsonl -> PASS

=== shard 4 pulls key64:probe.rf_all.S2.T96 ===
sweep: 1 cells planned, 0 already complete (resume via /mnt/ch/ClickHouse/tmp/probe_campaign_20260729/results/fleet_baab/results.shard4.jsonl), 1 to run
=== cell 1/1: key64:probe.rf_all.S2.T96 rows_build=260000 rows_probe=192000000 expected_rows=192000000 threads=96 order=BAAB runs=10(5/dir) warmups=4/block rows_source=calibration-file ===
  block 1/4 BAAB arm B(candidate) dir0: fill 6.8s, runs 0-4, median 362.1ms, block 14.4s
SKIPPED: AMAC engagement counters absent in system.events (arm=baseline); engagement recorded as null
  block 2/4 BAAB arm A(baseline) dir0: fill 6.8s, runs 0-4, median 359.5ms, block 14.1s
  block 3/4 BAAB arm A(baseline) dir1: fill 6.8s, runs 5-9, median 359.7ms, block 14.1s
  block 4/4 BAAB arm B(candidate) dir1: fill 6.8s, runs 5-9, median 364.7ms, block 14.2s
  cell OK (56.7s)
FLEET_AB SWEEP RESULT: cells_run=1 cells_ok=1 cells_failed=0 results=/mnt/ch/ClickHouse/tmp/probe_campaign_20260729/results/fleet_baab/results.shard4.jsonl -> PASS

=== shard 4 pulls key64:probe.inner_all.S3.T96.h50 ===
sweep: 1 cells planned, 0 already complete (resume via /mnt/ch/ClickHouse/tmp/probe_campaign_20260729/results/fleet_baab/results.shard4.jsonl), 1 to run
=== cell 1/1: key64:probe.inner_all.S3.T96.h50 rows_build=24000000 rows_probe=192000000 expected_rows=96000000 threads=96 order=BAAB runs=10(5/dir) warmups=4/block rows_source=calibration-file ===
  block 1/4 BAAB arm B(candidate) dir0: fill 6.8s, runs 0-4, median 251.6ms, block 13.4s
SKIPPED: AMAC engagement counters absent in system.events (arm=baseline); engagement recorded as null
  block 2/4 BAAB arm A(baseline) dir0: fill 6.8s, runs 0-4, median 241.6ms, block 13.4s
  block 3/4 BAAB arm A(baseline) dir1: fill 6.8s, runs 5-9, median 241.3ms, block 13.4s
  block 4/4 BAAB arm B(candidate) dir1: fill 6.8s, runs 5-9, median 252.0ms, block 13.2s
  cell OK (53.4s)
FLEET_AB SWEEP RESULT: cells_run=1 cells_ok=1 cells_failed=0 results=/mnt/ch/ClickHouse/tmp/probe_campaign_20260729/results/fleet_baab/results.shard4.jsonl -> PASS

=== shard 4 pulls str:build.left_all.S3.T96.dup16 ===
sweep: 1 cells planned, 0 already complete (resume via /mnt/ch/ClickHouse/tmp/probe_campaign_20260729/results/fleet_baab/results.shard4.jsonl), 1 to run
=== cell 1/1: str:build.left_all.S3.T96.dup16 rows_build=12000000 rows_probe=3000000 expected_rows=48000000 threads=96 order=BAAB runs=10(5/dir) warmups=4/block rows_source=calibration-file ===
  block 1/4 BAAB arm B(candidate) dir0: fill 6.7s, runs 0-4, median 130.7ms, block 12.1s
SKIPPED: AMAC engagement counters absent in system.events (arm=baseline); engagement recorded as null
  block 2/4 BAAB arm A(baseline) dir0: fill 6.7s, runs 0-4, median 127.0ms, block 12.0s
  block 3/4 BAAB arm A(baseline) dir1: fill 6.7s, runs 5-9, median 126.8ms, block 12.1s
  block 4/4 BAAB arm B(candidate) dir1: fill 6.7s, runs 5-9, median 131.3ms, block 11.9s
  CELL FAILED: str:build.left_all.S3.T96.dup16: one or more runs INVALID (see invalid_reason in results)
FLEET_AB SWEEP RESULT: cells_run=1 cells_ok=0 cells_failed=1 results=/mnt/ch/ClickHouse/tmp/probe_campaign_20260729/results/fleet_baab/results.shard4.jsonl -> FAIL

=== shard 4 pulls str:build.inner_all.S3.T96 ===
sweep: 1 cells planned, 0 already complete (resume via /mnt/ch/ClickHouse/tmp/probe_campaign_20260729/results/fleet_baab/results.shard4.jsonl), 1 to run
=== cell 1/1: str:build.inner_all.S3.T96 rows_build=12000000 rows_probe=3000000 expected_rows=3000000 threads=96 order=BAAB runs=10(5/dir) warmups=4/block rows_source=calibration-file ===
  block 1/4 BAAB arm B(candidate) dir0: fill 6.6s, runs 0-4, median 57.8ms, block 11.3s
SKIPPED: AMAC engagement counters absent in system.events (arm=baseline); engagement recorded as null
  block 2/4 BAAB arm A(baseline) dir0: fill 6.8s, runs 0-4, median 54.7ms, block 11.6s
  block 3/4 BAAB arm A(baseline) dir1: fill 6.7s, runs 5-9, median 55.3ms, block 11.4s
  block 4/4 BAAB arm B(candidate) dir1: fill 6.6s, runs 5-9, median 56.8ms, block 11.3s
  CELL FAILED: str:build.inner_all.S3.T96: one or more runs INVALID (see invalid_reason in results)
FLEET_AB SWEEP RESULT: cells_run=1 cells_ok=0 cells_failed=1 results=/mnt/ch/ClickHouse/tmp/probe_campaign_20260729/results/fleet_baab/results.shard4.jsonl -> FAIL

=== shard 4 pulls k256:probe.inner_all.S2.T1 ===
sweep: 1 cells planned, 0 already complete (resume via /mnt/ch/ClickHouse/tmp/probe_campaign_20260729/results/fleet_baab/results.shard4.jsonl), 1 to run
=== cell 1/1: k256:probe.inner_all.S2.T1 rows_build=260000 rows_probe=2000000 expected_rows=2000000 threads=1 order=BAAB runs=10(5/dir) warmups=4/block rows_source=calibration-file ===
  block 1/4 BAAB arm B(candidate) dir0: fill 6.6s, runs 0-4, median 455.2ms, block 14.7s
SKIPPED: AMAC engagement counters absent in system.events (arm=baseline); engagement recorded as null
  block 2/4 BAAB arm A(baseline) dir0: fill 6.6s, runs 0-4, median 452.8ms, block 14.9s
  block 3/4 BAAB arm A(baseline) dir1: fill 6.6s, runs 5-9, median 449.3ms, block 14.6s
  block 4/4 BAAB arm B(candidate) dir1: fill 6.6s, runs 5-9, median 456.9ms, block 14.7s
  cell OK (58.9s)
FLEET_AB SWEEP RESULT: cells_run=1 cells_ok=1 cells_failed=0 results=/mnt/ch/ClickHouse/tmp/probe_campaign_20260729/results/fleet_baab/results.shard4.jsonl -> PASS

=== shard 4 pulls key64:build.inner_all.S2.T96 ===
sweep: 1 cells planned, 0 already complete (resume via /mnt/ch/ClickHouse/tmp/probe_campaign_20260729/results/fleet_baab/results.shard4.jsonl), 1 to run
=== cell 1/1: key64:build.inner_all.S2.T96 rows_build=260000 rows_probe=65000 expected_rows=65000 threads=96 order=BAAB runs=10(5/dir) warmups=4/block rows_source=calibration-file ===
  block 1/4 BAAB arm B(candidate) dir0: fill 6.5s, runs 0-4, median 26.4ms, block 10.8s
SKIPPED: AMAC engagement counters absent in system.events (arm=baseline); engagement recorded as null
  block 2/4 BAAB arm A(baseline) dir0: fill 6.5s, runs 0-4, median 24.9ms, block 10.9s
  block 3/4 BAAB arm A(baseline) dir1: fill 6.6s, runs 5-9, median 25.0ms, block 10.8s
  block 4/4 BAAB arm B(candidate) dir1: fill 6.6s, runs 5-9, median 26.3ms, block 10.9s
  CELL FAILED: key64:build.inner_all.S2.T96: one or more runs INVALID (see invalid_reason in results)
FLEET_AB SWEEP RESULT: cells_run=1 cells_ok=0 cells_failed=1 results=/mnt/ch/ClickHouse/tmp/probe_campaign_20260729/results/fleet_baab/results.shard4.jsonl -> FAIL
