
=== shard 2 pulls null64:probe.inner_all.S5.T96 ===
sweep: 1 cells planned, 0 already complete (resume via /mnt/ch/ClickHouse/tmp/probe_campaign_20260729/results/fleet_baab/results.shard2.jsonl), 1 to run
=== cell 1/1: null64:probe.inner_all.S5.T96 rows_build=427000000 rows_probe=1708000000 expected_rows=1708000000 threads=96 order=BAAB runs=10(5/dir) warmups=4/block rows_source=calibration-file ===
  block 1/4 BAAB arm B(candidate) dir0: fill 8.8s, runs 0-4, median 4513.1ms, block 55.0s
SKIPPED: AMAC engagement counters absent in system.events (arm=baseline); engagement recorded as null
  block 2/4 BAAB arm A(baseline) dir0: fill 9.3s, runs 0-4, median 4408.5ms, block 61.4s
  block 3/4 BAAB arm A(baseline) dir1: fill 9.1s, runs 5-9, median 4273.6ms, block 60.7s
  block 4/4 BAAB arm B(candidate) dir1: fill 10.6s, runs 5-9, median 4573.1ms, block 56.7s
  cell OK (233.8s)
FLEET_AB SWEEP RESULT: cells_run=1 cells_ok=1 cells_failed=0 results=/mnt/ch/ClickHouse/tmp/probe_campaign_20260729/results/fleet_baab/results.shard2.jsonl -> PASS

=== shard 2 pulls str:probe.inner_all.S4.T48 ===
sweep: 1 cells planned, 0 already complete (resume via /mnt/ch/ClickHouse/tmp/probe_campaign_20260729/results/fleet_baab/results.shard2.jsonl), 1 to run
=== cell 1/1: str:probe.inner_all.S4.T48 rows_build=48000000 rows_probe=192000000 expected_rows=192000000 threads=48 order=BAAB runs=10(5/dir) warmups=4/block rows_source=calibration-file ===
  block 1/4 BAAB arm B(candidate) dir0: fill 7.0s, runs 0-4, median 614.5ms, block 16.9s
SKIPPED: AMAC engagement counters absent in system.events (arm=baseline); engagement recorded as null
  block 2/4 BAAB arm A(baseline) dir0: fill 7.1s, runs 0-4, median 717.8ms, block 18.2s
  block 3/4 BAAB arm A(baseline) dir1: fill 7.0s, runs 5-9, median 712.4ms, block 17.8s
  block 4/4 BAAB arm B(candidate) dir1: fill 7.2s, runs 5-9, median 613.6ms, block 17.1s
  cell OK (70.0s)
FLEET_AB SWEEP RESULT: cells_run=1 cells_ok=1 cells_failed=0 results=/mnt/ch/ClickHouse/tmp/probe_campaign_20260729/results/fleet_baab/results.shard2.jsonl -> PASS

=== shard 2 pulls str:probe.asof.S4.T96 ===
sweep: 1 cells planned, 0 already complete (resume via /mnt/ch/ClickHouse/tmp/probe_campaign_20260729/results/fleet_baab/results.shard2.jsonl), 1 to run
=== cell 1/1: str:probe.asof.S4.T96 rows_build=48000000 rows_probe=192000000 expected_rows=192000000 threads=96 order=BAAB runs=10(5/dir) warmups=4/block rows_source=calibration-file ===
  block 1/4 BAAB arm B(candidate) dir0: fill 7.0s, runs 0-4, median 810.6ms, block 26.1s
SKIPPED: AMAC engagement counters absent in system.events (arm=baseline); engagement recorded as null
  block 2/4 BAAB arm A(baseline) dir0: fill 7.3s, runs 0-4, median 791.3ms, block 25.9s
  block 3/4 BAAB arm A(baseline) dir1: fill 7.2s, runs 5-9, median 793.1ms, block 25.2s
  block 4/4 BAAB arm B(candidate) dir1: fill 7.2s, runs 5-9, median 798.9ms, block 27.8s
  cell OK (105.0s)
FLEET_AB SWEEP RESULT: cells_run=1 cells_ok=1 cells_failed=0 results=/mnt/ch/ClickHouse/tmp/probe_campaign_20260729/results/fleet_baab/results.shard2.jsonl -> PASS

=== shard 2 pulls str:probe.inner_all.S2.T96 ===
sweep: 1 cells planned, 0 already complete (resume via /mnt/ch/ClickHouse/tmp/probe_campaign_20260729/results/fleet_baab/results.shard2.jsonl), 1 to run
=== cell 1/1: str:probe.inner_all.S2.T96 rows_build=260000 rows_probe=192000000 expected_rows=192000000 threads=96 order=BAAB runs=10(5/dir) warmups=4/block rows_source=calibration-file ===
  block 1/4 BAAB arm B(candidate) dir0: fill 6.9s, runs 0-4, median 257.8ms, block 13.2s
SKIPPED: AMAC engagement counters absent in system.events (arm=baseline); engagement recorded as null
  block 2/4 BAAB arm A(baseline) dir0: fill 7.0s, runs 0-4, median 291.3ms, block 13.6s
  block 3/4 BAAB arm A(baseline) dir1: fill 7.0s, runs 5-9, median 292.8ms, block 13.6s
  block 4/4 BAAB arm B(candidate) dir1: fill 7.0s, runs 5-9, median 256.1ms, block 13.3s
  cell OK (53.8s)
FLEET_AB SWEEP RESULT: cells_run=1 cells_ok=1 cells_failed=0 results=/mnt/ch/ClickHouse/tmp/probe_campaign_20260729/results/fleet_baab/results.shard2.jsonl -> PASS

=== shard 2 pulls str:probe.asof.S2.T96 ===
sweep: 1 cells planned, 0 already complete (resume via /mnt/ch/ClickHouse/tmp/probe_campaign_20260729/results/fleet_baab/results.shard2.jsonl), 1 to run
=== cell 1/1: str:probe.asof.S2.T96 rows_build=260000 rows_probe=192000000 expected_rows=192000000 threads=96 order=BAAB runs=10(5/dir) warmups=4/block rows_source=calibration-file ===
  block 1/4 BAAB arm B(candidate) dir0: fill 6.9s, runs 0-4, median 381.6ms, block 14.4s
SKIPPED: AMAC engagement counters absent in system.events (arm=baseline); engagement recorded as null
  block 2/4 BAAB arm A(baseline) dir0: fill 6.9s, runs 0-4, median 395.3ms, block 14.6s
  block 3/4 BAAB arm A(baseline) dir1: fill 6.9s, runs 5-9, median 396.9ms, block 14.5s
  block 4/4 BAAB arm B(candidate) dir1: fill 7.0s, runs 5-9, median 383.8ms, block 14.6s
  cell OK (58.1s)
FLEET_AB SWEEP RESULT: cells_run=1 cells_ok=1 cells_failed=0 results=/mnt/ch/ClickHouse/tmp/probe_campaign_20260729/results/fleet_baab/results.shard2.jsonl -> PASS

=== shard 2 pulls key64:probe.left_all.S4.T96 ===
sweep: 1 cells planned, 0 already complete (resume via /mnt/ch/ClickHouse/tmp/probe_campaign_20260729/results/fleet_baab/results.shard2.jsonl), 1 to run
=== cell 1/1: key64:probe.left_all.S4.T96 rows_build=96000000 rows_probe=384000000 expected_rows=384000000 threads=96 order=BAAB runs=10(5/dir) warmups=4/block rows_source=calibration-file ===
  block 1/4 BAAB arm B(candidate) dir0: fill 7.1s, runs 0-4, median 846.6ms, block 19.0s
SKIPPED: AMAC engagement counters absent in system.events (arm=baseline); engagement recorded as null
  block 2/4 BAAB arm A(baseline) dir0: fill 7.1s, runs 0-4, median 806.3ms, block 20.2s
  block 3/4 BAAB arm A(baseline) dir1: fill 7.1s, runs 5-9, median 798.2ms, block 20.3s
  block 4/4 BAAB arm B(candidate) dir1: fill 7.2s, runs 5-9, median 827.2ms, block 19.0s
  cell OK (78.4s)
FLEET_AB SWEEP RESULT: cells_run=1 cells_ok=1 cells_failed=0 results=/mnt/ch/ClickHouse/tmp/probe_campaign_20260729/results/fleet_baab/results.shard2.jsonl -> PASS

=== shard 2 pulls key64:probe.asof.S4.T96 ===
sweep: 1 cells planned, 0 already complete (resume via /mnt/ch/ClickHouse/tmp/probe_campaign_20260729/results/fleet_baab/results.shard2.jsonl), 1 to run
=== cell 1/1: key64:probe.asof.S4.T96 rows_build=96000000 rows_probe=384000000 expected_rows=384000000 threads=96 order=BAAB runs=10(5/dir) warmups=4/block rows_source=calibration-file ===
  block 1/4 BAAB arm B(candidate) dir0: fill 7.2s, runs 0-4, median 1289.7ms, block 38.0s
SKIPPED: AMAC engagement counters absent in system.events (arm=baseline); engagement recorded as null
  block 2/4 BAAB arm A(baseline) dir0: fill 7.5s, runs 0-4, median 1227.3ms, block 34.3s
  block 3/4 BAAB arm A(baseline) dir1: fill 7.6s, runs 5-9, median 1223.4ms, block 35.1s
  block 4/4 BAAB arm B(candidate) dir1: fill 7.5s, runs 5-9, median 1296.7ms, block 37.7s
  cell OK (145.2s)
FLEET_AB SWEEP RESULT: cells_run=1 cells_ok=1 cells_failed=0 results=/mnt/ch/ClickHouse/tmp/probe_campaign_20260729/results/fleet_baab/results.shard2.jsonl -> PASS

=== shard 2 pulls k128:probe.inner_all.S3.T96 ===
sweep: 1 cells planned, 0 already complete (resume via /mnt/ch/ClickHouse/tmp/probe_campaign_20260729/results/fleet_baab/results.shard2.jsonl), 1 to run
=== cell 1/1: k128:probe.inner_all.S3.T96 rows_build=12000000 rows_probe=192000000 expected_rows=192000000 threads=96 order=BAAB runs=10(5/dir) warmups=4/block rows_source=calibration-file ===
  block 1/4 BAAB arm B(candidate) dir0: fill 7.1s, runs 0-4, median 506.7ms, block 15.8s
SKIPPED: AMAC engagement counters absent in system.events (arm=baseline); engagement recorded as null
  block 2/4 BAAB arm A(baseline) dir0: fill 6.9s, runs 0-4, median 505.7ms, block 15.7s
  block 3/4 BAAB arm A(baseline) dir1: fill 6.9s, runs 5-9, median 505.3ms, block 15.6s
  block 4/4 BAAB arm B(candidate) dir1: fill 6.8s, runs 5-9, median 508.2ms, block 15.7s
  cell OK (62.7s)
FLEET_AB SWEEP RESULT: cells_run=1 cells_ok=1 cells_failed=0 results=/mnt/ch/ClickHouse/tmp/probe_campaign_20260729/results/fleet_baab/results.shard2.jsonl -> PASS

=== shard 2 pulls k256:probe.inner_all.S2.T48 ===
sweep: 1 cells planned, 0 already complete (resume via /mnt/ch/ClickHouse/tmp/probe_campaign_20260729/results/fleet_baab/results.shard2.jsonl), 1 to run
=== cell 1/1: k256:probe.inner_all.S2.T48 rows_build=260000 rows_probe=96000000 expected_rows=96000000 threads=48 order=BAAB runs=10(5/dir) warmups=4/block rows_source=calibration-file ===
  block 1/4 BAAB arm B(candidate) dir0: fill 6.8s, runs 0-4, median 463.4ms, block 15.0s
SKIPPED: AMAC engagement counters absent in system.events (arm=baseline); engagement recorded as null
  block 2/4 BAAB arm A(baseline) dir0: fill 6.8s, runs 0-4, median 496.6ms, block 15.2s
  block 3/4 BAAB arm A(baseline) dir1: fill 6.8s, runs 5-9, median 500.9ms, block 15.3s
  block 4/4 BAAB arm B(candidate) dir1: fill 7.0s, runs 5-9, median 460.2ms, block 15.2s
  cell OK (60.7s)
FLEET_AB SWEEP RESULT: cells_run=1 cells_ok=1 cells_failed=0 results=/mnt/ch/ClickHouse/tmp/probe_campaign_20260729/results/fleet_baab/results.shard2.jsonl -> PASS

=== shard 2 pulls key64:probe.semi_anti.S4.T96.anti ===
sweep: 1 cells planned, 0 already complete (resume via /mnt/ch/ClickHouse/tmp/probe_campaign_20260729/results/fleet_baab/results.shard2.jsonl), 1 to run
=== cell 1/1: key64:probe.semi_anti.S4.T96.anti rows_build=96000000 rows_probe=384000000 expected_rows=0 threads=96 order=BAAB runs=10(5/dir) warmups=4/block rows_source=calibration-file ===
  block 1/4 BAAB arm B(candidate) dir0: fill 7.1s, runs 0-4, median 336.7ms, block 14.4s
SKIPPED: AMAC engagement counters absent in system.events (arm=baseline); engagement recorded as null
  block 2/4 BAAB arm A(baseline) dir0: fill 7.2s, runs 0-4, median 251.1ms, block 15.2s
  block 3/4 BAAB arm A(baseline) dir1: fill 7.1s, runs 5-9, median 242.5ms, block 15.1s
  block 4/4 BAAB arm B(candidate) dir1: fill 7.2s, runs 5-9, median 358.7ms, block 14.7s
  cell OK (59.4s)
FLEET_AB SWEEP RESULT: cells_run=1 cells_ok=1 cells_failed=0 results=/mnt/ch/ClickHouse/tmp/probe_campaign_20260729/results/fleet_baab/results.shard2.jsonl -> PASS

=== shard 2 pulls key64:probe.inner_all.S3.T96.statson ===
sweep: 1 cells planned, 0 already complete (resume via /mnt/ch/ClickHouse/tmp/probe_campaign_20260729/results/fleet_baab/results.shard2.jsonl), 1 to run
=== cell 1/1: key64:probe.inner_all.S3.T96.statson rows_build=24000000 rows_probe=192000000 expected_rows=192000000 threads=96 order=BAAB runs=10(5/dir) warmups=4/block rows_source=calibration-file ===
  block 1/4 BAAB arm B(candidate) dir0: fill 6.8s, runs 0-4, median 371.6ms, block 14.2s
SKIPPED: AMAC engagement counters absent in system.events (arm=baseline); engagement recorded as null
  block 2/4 BAAB arm A(baseline) dir0: fill 6.8s, runs 0-4, median 369.4ms, block 14.6s
  block 3/4 BAAB arm A(baseline) dir1: fill 6.8s, runs 5-9, median 370.5ms, block 14.8s
  block 4/4 BAAB arm B(candidate) dir1: fill 6.8s, runs 5-9, median 372.4ms, block 14.2s
  cell OK (57.9s)
FLEET_AB SWEEP RESULT: cells_run=1 cells_ok=1 cells_failed=0 results=/mnt/ch/ClickHouse/tmp/probe_campaign_20260729/results/fleet_baab/results.shard2.jsonl -> PASS

=== shard 2 pulls key64:probe.any.S2.T96 ===
sweep: 1 cells planned, 0 already complete (resume via /mnt/ch/ClickHouse/tmp/probe_campaign_20260729/results/fleet_baab/results.shard2.jsonl), 1 to run
=== cell 1/1: key64:probe.any.S2.T96 rows_build=260000 rows_probe=192000000 expected_rows=192000000 threads=96 order=BAAB runs=10(5/dir) warmups=4/block rows_source=calibration-file ===
  block 1/4 BAAB arm B(candidate) dir0: fill 6.8s, runs 0-4, median 285.3ms, block 13.4s
SKIPPED: AMAC engagement counters absent in system.events (arm=baseline); engagement recorded as null
  block 2/4 BAAB arm A(baseline) dir0: fill 6.8s, runs 0-4, median 296.3ms, block 13.5s
  block 3/4 BAAB arm A(baseline) dir1: fill 6.8s, runs 5-9, median 299.0ms, block 13.7s
  block 4/4 BAAB arm B(candidate) dir1: fill 6.8s, runs 5-9, median 289.6ms, block 13.5s
  cell OK (54.1s)
FLEET_AB SWEEP RESULT: cells_run=1 cells_ok=1 cells_failed=0 results=/mnt/ch/ClickHouse/tmp/probe_campaign_20260729/results/fleet_baab/results.shard2.jsonl -> PASS

=== shard 2 pulls key64:probe.inner_all.S3.T96.h05 ===
sweep: 1 cells planned, 0 already complete (resume via /mnt/ch/ClickHouse/tmp/probe_campaign_20260729/results/fleet_baab/results.shard2.jsonl), 1 to run
=== cell 1/1: key64:probe.inner_all.S3.T96.h05 rows_build=24000000 rows_probe=192000000 expected_rows=9600000 threads=96 order=BAAB runs=10(5/dir) warmups=4/block rows_source=calibration-file ===
  block 1/4 BAAB arm B(candidate) dir0: fill 6.8s, runs 0-4, median 135.4ms, block 12.1s
SKIPPED: AMAC engagement counters absent in system.events (arm=baseline); engagement recorded as null
  block 2/4 BAAB arm A(baseline) dir0: fill 6.8s, runs 0-4, median 121.8ms, block 12.4s
  block 3/4 BAAB arm A(baseline) dir1: fill 6.9s, runs 5-9, median 124.2ms, block 12.6s
  block 4/4 BAAB arm B(candidate) dir1: fill 6.9s, runs 5-9, median 134.2ms, block 12.1s
  CELL FAILED: key64:probe.inner_all.S3.T96.h05: one or more runs INVALID (see invalid_reason in results)
FLEET_AB SWEEP RESULT: cells_run=1 cells_ok=0 cells_failed=1 results=/mnt/ch/ClickHouse/tmp/probe_campaign_20260729/results/fleet_baab/results.shard2.jsonl -> FAIL

=== shard 2 pulls key64:build.inner_all.S3.T96.dup16 ===
sweep: 1 cells planned, 0 already complete (resume via /mnt/ch/ClickHouse/tmp/probe_campaign_20260729/results/fleet_baab/results.shard2.jsonl), 1 to run
=== cell 1/1: key64:build.inner_all.S3.T96.dup16 rows_build=24000000 rows_probe=6000000 expected_rows=96000000 threads=96 order=BAAB runs=10(5/dir) warmups=4/block rows_source=calibration-file ===
  block 1/4 BAAB arm B(candidate) dir0: fill 6.7s, runs 0-4, median 291.6ms, block 13.5s
SKIPPED: AMAC engagement counters absent in system.events (arm=baseline); engagement recorded as null
  block 2/4 BAAB arm A(baseline) dir0: fill 6.7s, runs 0-4, median 268.1ms, block 13.5s
  block 3/4 BAAB arm A(baseline) dir1: fill 6.7s, runs 5-9, median 269.1ms, block 13.6s
  block 4/4 BAAB arm B(candidate) dir1: fill 6.9s, runs 5-9, median 291.9ms, block 13.6s
  cell OK (54.2s)
FLEET_AB SWEEP RESULT: cells_run=1 cells_ok=1 cells_failed=0 results=/mnt/ch/ClickHouse/tmp/probe_campaign_20260729/results/fleet_baab/results.shard2.jsonl -> PASS

=== shard 2 pulls key64:build.inner_all.S3.T96 ===
sweep: 1 cells planned, 0 already complete (resume via /mnt/ch/ClickHouse/tmp/probe_campaign_20260729/results/fleet_baab/results.shard2.jsonl), 1 to run
=== cell 1/1: key64:build.inner_all.S3.T96 rows_build=24000000 rows_probe=6000000 expected_rows=6000000 threads=96 order=BAAB runs=10(5/dir) warmups=4/block rows_source=calibration-file ===
  block 1/4 BAAB arm B(candidate) dir0: fill 6.7s, runs 0-4, median 82.5ms, block 11.5s
SKIPPED: AMAC engagement counters absent in system.events (arm=baseline); engagement recorded as null
  block 2/4 BAAB arm A(baseline) dir0: fill 6.6s, runs 0-4, median 65.0ms, block 11.6s
  block 3/4 BAAB arm A(baseline) dir1: fill 6.6s, runs 5-9, median 64.6ms, block 11.6s
  block 4/4 BAAB arm B(candidate) dir1: fill 6.7s, runs 5-9, median 83.4ms, block 11.6s
  CELL FAILED: key64:build.inner_all.S3.T96: one or more runs INVALID (see invalid_reason in results)
FLEET_AB SWEEP RESULT: cells_run=1 cells_ok=0 cells_failed=1 results=/mnt/ch/ClickHouse/tmp/probe_campaign_20260729/results/fleet_baab/results.shard2.jsonl -> FAIL

=== shard 2 pulls key64:probe.inner_all.S2.T1 ===
sweep: 1 cells planned, 0 already complete (resume via /mnt/ch/ClickHouse/tmp/probe_campaign_20260729/results/fleet_baab/results.shard2.jsonl), 1 to run
=== cell 1/1: key64:probe.inner_all.S2.T1 rows_build=260000 rows_probe=2000000 expected_rows=2000000 threads=1 order=BAAB runs=10(5/dir) warmups=4/block rows_source=calibration-file ===
  block 1/4 BAAB arm B(candidate) dir0: fill 6.6s, runs 0-4, median 229.0ms, block 12.7s
SKIPPED: AMAC engagement counters absent in system.events (arm=baseline); engagement recorded as null
  block 2/4 BAAB arm A(baseline) dir0: fill 6.6s, runs 0-4, median 211.5ms, block 12.5s
  block 3/4 BAAB arm A(baseline) dir1: fill 6.6s, runs 5-9, median 215.4ms, block 12.5s
  block 4/4 BAAB arm B(candidate) dir1: fill 6.6s, runs 5-9, median 228.4ms, block 12.9s
  cell OK (50.6s)
FLEET_AB SWEEP RESULT: cells_run=1 cells_ok=1 cells_failed=0 results=/mnt/ch/ClickHouse/tmp/probe_campaign_20260729/results/fleet_baab/results.shard2.jsonl -> PASS
