
=== shard 5 pulls key32:probe.inner_all.S5.T96 ===
sweep: 1 cells planned, 0 already complete (resume via /mnt/ch/ClickHouse/tmp/probe_campaign_20260729/results/fleet_baab/results.shard5.jsonl), 1 to run
=== cell 1/1: key32:probe.inner_all.S5.T96 rows_build=384000000 rows_probe=1536000000 expected_rows=1536000000 threads=96 order=BAAB runs=10(5/dir) warmups=4/block rows_source=calibration-file ===
  block 1/4 BAAB arm B(candidate) dir0: fill 8.3s, runs 0-4, median 3250.6ms, block 42.9s
SKIPPED: AMAC engagement counters absent in system.events (arm=baseline); engagement recorded as null
  block 2/4 BAAB arm A(baseline) dir0: fill 8.5s, runs 0-4, median 2946.0ms, block 47.2s
  block 3/4 BAAB arm A(baseline) dir1: fill 8.6s, runs 5-9, median 2951.6ms, block 47.4s
  block 4/4 BAAB arm B(candidate) dir1: fill 9.7s, runs 5-9, median 3207.7ms, block 44.5s
  cell OK (182.0s)
FLEET_AB SWEEP RESULT: cells_run=1 cells_ok=1 cells_failed=0 results=/mnt/ch/ClickHouse/tmp/probe_campaign_20260729/results/fleet_baab/results.shard5.jsonl -> PASS

=== shard 5 pulls k256:probe.inner_all.S4.T48 ===
sweep: 1 cells planned, 0 already complete (resume via /mnt/ch/ClickHouse/tmp/probe_campaign_20260729/results/fleet_baab/results.shard5.jsonl), 1 to run
=== cell 1/1: k256:probe.inner_all.S4.T48 rows_build=48000000 rows_probe=192000000 expected_rows=192000000 threads=48 order=BAAB runs=10(5/dir) warmups=4/block rows_source=calibration-file ===
  block 1/4 BAAB arm B(candidate) dir0: fill 7.1s, runs 0-4, median 1235.9ms, block 22.3s
SKIPPED: AMAC engagement counters absent in system.events (arm=baseline); engagement recorded as null
  block 2/4 BAAB arm A(baseline) dir0: fill 7.2s, runs 0-4, median 1296.4ms, block 23.3s
  block 3/4 BAAB arm A(baseline) dir1: fill 7.2s, runs 5-9, median 1295.1ms, block 23.4s
  block 4/4 BAAB arm B(candidate) dir1: fill 7.1s, runs 5-9, median 1225.5ms, block 22.4s
  cell OK (91.4s)
FLEET_AB SWEEP RESULT: cells_run=1 cells_ok=1 cells_failed=0 results=/mnt/ch/ClickHouse/tmp/probe_campaign_20260729/results/fleet_baab/results.shard5.jsonl -> PASS

=== shard 5 pulls str:probe.any.S4.T96 ===
sweep: 1 cells planned, 0 already complete (resume via /mnt/ch/ClickHouse/tmp/probe_campaign_20260729/results/fleet_baab/results.shard5.jsonl), 1 to run
=== cell 1/1: str:probe.any.S4.T96 rows_build=48000000 rows_probe=192000000 expected_rows=192000000 threads=96 order=BAAB runs=10(5/dir) warmups=4/block rows_source=calibration-file ===
  block 1/4 BAAB arm B(candidate) dir0: fill 7.0s, runs 0-4, median 427.3ms, block 15.2s
SKIPPED: AMAC engagement counters absent in system.events (arm=baseline); engagement recorded as null
  block 2/4 BAAB arm A(baseline) dir0: fill 7.2s, runs 0-4, median 545.2ms, block 17.1s
  block 3/4 BAAB arm A(baseline) dir1: fill 7.0s, runs 5-9, median 546.6ms, block 17.1s
  block 4/4 BAAB arm B(candidate) dir1: fill 7.0s, runs 5-9, median 432.2ms, block 15.3s
  cell OK (64.7s)
FLEET_AB SWEEP RESULT: cells_run=1 cells_ok=1 cells_failed=0 results=/mnt/ch/ClickHouse/tmp/probe_campaign_20260729/results/fleet_baab/results.shard5.jsonl -> PASS

=== shard 5 pulls k256:probe.inner_all.S3.T96 ===
sweep: 1 cells planned, 0 already complete (resume via /mnt/ch/ClickHouse/tmp/probe_campaign_20260729/results/fleet_baab/results.shard5.jsonl), 1 to run
=== cell 1/1: k256:probe.inner_all.S3.T96 rows_build=12000000 rows_probe=192000000 expected_rows=192000000 threads=96 order=BAAB runs=10(5/dir) warmups=4/block rows_source=calibration-file ===
  block 1/4 BAAB arm B(candidate) dir0: fill 7.2s, runs 0-4, median 602.9ms, block 16.8s
SKIPPED: AMAC engagement counters absent in system.events (arm=baseline); engagement recorded as null
  block 2/4 BAAB arm A(baseline) dir0: fill 7.0s, runs 0-4, median 716.8ms, block 17.8s
  block 3/4 BAAB arm A(baseline) dir1: fill 7.0s, runs 5-9, median 718.7ms, block 17.8s
  block 4/4 BAAB arm B(candidate) dir1: fill 7.0s, runs 5-9, median 601.3ms, block 16.8s
  cell OK (69.1s)
FLEET_AB SWEEP RESULT: cells_run=1 cells_ok=1 cells_failed=0 results=/mnt/ch/ClickHouse/tmp/probe_campaign_20260729/results/fleet_baab/results.shard5.jsonl -> PASS

=== shard 5 pulls str:probe.left_all.S2.T96 ===
sweep: 1 cells planned, 0 already complete (resume via /mnt/ch/ClickHouse/tmp/probe_campaign_20260729/results/fleet_baab/results.shard5.jsonl), 1 to run
=== cell 1/1: str:probe.left_all.S2.T96 rows_build=260000 rows_probe=192000000 expected_rows=192000000 threads=96 order=BAAB runs=10(5/dir) warmups=4/block rows_source=calibration-file ===
  block 1/4 BAAB arm B(candidate) dir0: fill 7.0s, runs 0-4, median 287.0ms, block 13.6s
SKIPPED: AMAC engagement counters absent in system.events (arm=baseline); engagement recorded as null
  block 2/4 BAAB arm A(baseline) dir0: fill 7.0s, runs 0-4, median 323.6ms, block 13.9s
  block 3/4 BAAB arm A(baseline) dir1: fill 6.9s, runs 5-9, median 319.4ms, block 13.8s
  block 4/4 BAAB arm B(candidate) dir1: fill 7.0s, runs 5-9, median 285.4ms, block 13.8s
  cell OK (55.1s)
FLEET_AB SWEEP RESULT: cells_run=1 cells_ok=1 cells_failed=0 results=/mnt/ch/ClickHouse/tmp/probe_campaign_20260729/results/fleet_baab/results.shard5.jsonl -> PASS

=== shard 5 pulls str:probe.inner_all.S1.T96 ===
sweep: 1 cells planned, 0 already complete (resume via /mnt/ch/ClickHouse/tmp/probe_campaign_20260729/results/fleet_baab/results.shard5.jsonl), 1 to run
=== cell 1/1: str:probe.inner_all.S1.T96 rows_build=24000 rows_probe=192000000 expected_rows=192000000 threads=96 order=BAAB runs=10(5/dir) warmups=4/block rows_source=calibration-file ===
  block 1/4 BAAB arm B(candidate) dir0: fill 7.0s, runs 0-4, median 230.9ms, block 13.2s
SKIPPED: AMAC engagement counters absent in system.events (arm=baseline); engagement recorded as null
  block 2/4 BAAB arm A(baseline) dir0: fill 6.9s, runs 0-4, median 240.8ms, block 13.1s
  block 3/4 BAAB arm A(baseline) dir1: fill 6.9s, runs 5-9, median 238.8ms, block 13.1s
  block 4/4 BAAB arm B(candidate) dir1: fill 7.0s, runs 5-9, median 232.5ms, block 13.3s
  cell OK (52.8s)
FLEET_AB SWEEP RESULT: cells_run=1 cells_ok=1 cells_failed=0 results=/mnt/ch/ClickHouse/tmp/probe_campaign_20260729/results/fleet_baab/results.shard5.jsonl -> PASS

=== shard 5 pulls key64:probe.rf_all.S4.T96 ===
sweep: 1 cells planned, 0 already complete (resume via /mnt/ch/ClickHouse/tmp/probe_campaign_20260729/results/fleet_baab/results.shard5.jsonl), 1 to run
=== cell 1/1: key64:probe.rf_all.S4.T96 rows_build=96000000 rows_probe=384000000 expected_rows=384000000 threads=96 order=BAAB runs=10(5/dir) warmups=4/block rows_source=calibration-file ===
  block 1/4 BAAB arm B(candidate) dir0: fill 7.1s, runs 0-4, median 1302.2ms, block 23.8s
SKIPPED: AMAC engagement counters absent in system.events (arm=baseline); engagement recorded as null
  block 2/4 BAAB arm A(baseline) dir0: fill 7.7s, runs 0-4, median 6100.7ms, block 68.9s
  block 3/4 BAAB arm A(baseline) dir1: fill 7.7s, runs 5-9, median 6138.0ms, block 69.0s
  block 4/4 BAAB arm B(candidate) dir1: fill 8.0s, runs 5-9, median 1301.2ms, block 24.9s
  cell OK (186.7s)
FLEET_AB SWEEP RESULT: cells_run=1 cells_ok=1 cells_failed=0 results=/mnt/ch/ClickHouse/tmp/probe_campaign_20260729/results/fleet_baab/results.shard5.jsonl -> PASS

=== shard 5 pulls str:build.inner_all.S5.T96 ===
sweep: 1 cells planned, 0 already complete (resume via /mnt/ch/ClickHouse/tmp/probe_campaign_20260729/results/fleet_baab/results.shard5.jsonl), 1 to run
=== cell 1/1: str:build.inner_all.S5.T96 rows_build=192000000 rows_probe=48000000 expected_rows=48000000 threads=96 order=BAAB runs=10(5/dir) warmups=4/block rows_source=calibration-file ===
  block 1/4 BAAB arm B(candidate) dir0: fill 7.1s, runs 0-4, median 619.6ms, block 18.6s
SKIPPED: AMAC engagement counters absent in system.events (arm=baseline); engagement recorded as null
  block 2/4 BAAB arm A(baseline) dir0: fill 7.6s, runs 0-4, median 638.0ms, block 22.0s
  block 3/4 BAAB arm A(baseline) dir1: fill 7.4s, runs 5-9, median 636.7ms, block 21.9s
  block 4/4 BAAB arm B(candidate) dir1: fill 7.3s, runs 5-9, median 648.6ms, block 18.9s
  cell OK (81.5s)
FLEET_AB SWEEP RESULT: cells_run=1 cells_ok=1 cells_failed=0 results=/mnt/ch/ClickHouse/tmp/probe_campaign_20260729/results/fleet_baab/results.shard5.jsonl -> PASS

=== shard 5 pulls key64:build.inner_all.S5.T96 ===
sweep: 1 cells planned, 0 already complete (resume via /mnt/ch/ClickHouse/tmp/probe_campaign_20260729/results/fleet_baab/results.shard5.jsonl), 1 to run
=== cell 1/1: key64:build.inner_all.S5.T96 rows_build=384000000 rows_probe=96000000 expected_rows=96000000 threads=96 order=BAAB runs=10(5/dir) warmups=4/block rows_source=calibration-file ===
  block 1/4 BAAB arm B(candidate) dir0: fill 7.1s, runs 0-4, median 1114.4ms, block 22.7s
SKIPPED: AMAC engagement counters absent in system.events (arm=baseline); engagement recorded as null
  block 2/4 BAAB arm A(baseline) dir0: fill 7.6s, runs 0-4, median 899.5ms, block 27.6s
  block 3/4 BAAB arm A(baseline) dir1: fill 7.5s, runs 5-9, median 923.0ms, block 27.8s
  block 4/4 BAAB arm B(candidate) dir1: fill 7.4s, runs 5-9, median 1153.6ms, block 23.1s
  cell OK (101.2s)
FLEET_AB SWEEP RESULT: cells_run=1 cells_ok=1 cells_failed=0 results=/mnt/ch/ClickHouse/tmp/probe_campaign_20260729/results/fleet_baab/results.shard5.jsonl -> PASS

=== shard 5 pulls null64:probe.inner_all.S2.T96 ===
sweep: 1 cells planned, 0 already complete (resume via /mnt/ch/ClickHouse/tmp/probe_campaign_20260729/results/fleet_baab/results.shard5.jsonl), 1 to run
=== cell 1/1: null64:probe.inner_all.S2.T96 rows_build=290000 rows_probe=192000000 expected_rows=192000000 threads=96 order=BAAB runs=10(5/dir) warmups=4/block rows_source=calibration-file ===
  block 1/4 BAAB arm B(candidate) dir0: fill 6.8s, runs 0-4, median 371.1ms, block 14.1s
SKIPPED: AMAC engagement counters absent in system.events (arm=baseline); engagement recorded as null
  block 2/4 BAAB arm A(baseline) dir0: fill 6.8s, runs 0-4, median 372.2ms, block 14.4s
  block 3/4 BAAB arm A(baseline) dir1: fill 6.8s, runs 5-9, median 373.0ms, block 14.2s
  block 4/4 BAAB arm B(candidate) dir1: fill 6.8s, runs 5-9, median 367.2ms, block 14.2s
  cell OK (56.9s)
FLEET_AB SWEEP RESULT: cells_run=1 cells_ok=1 cells_failed=0 results=/mnt/ch/ClickHouse/tmp/probe_campaign_20260729/results/fleet_baab/results.shard5.jsonl -> PASS

=== shard 5 pulls key64:probe.inner_all.S2.T96 ===
sweep: 1 cells planned, 0 already complete (resume via /mnt/ch/ClickHouse/tmp/probe_campaign_20260729/results/fleet_baab/results.shard5.jsonl), 1 to run
=== cell 1/1: key64:probe.inner_all.S2.T96 rows_build=260000 rows_probe=192000000 expected_rows=192000000 threads=96 order=BAAB runs=10(5/dir) warmups=4/block rows_source=calibration-file ===
  block 1/4 BAAB arm B(candidate) dir0: fill 6.8s, runs 0-4, median 303.5ms, block 13.6s
SKIPPED: AMAC engagement counters absent in system.events (arm=baseline); engagement recorded as null
  block 2/4 BAAB arm A(baseline) dir0: fill 6.8s, runs 0-4, median 307.8ms, block 13.7s
  block 3/4 BAAB arm A(baseline) dir1: fill 6.9s, runs 5-9, median 302.5ms, block 13.6s
  block 4/4 BAAB arm B(candidate) dir1: fill 6.8s, runs 5-9, median 298.2ms, block 13.6s
  cell OK (54.6s)
FLEET_AB SWEEP RESULT: cells_run=1 cells_ok=1 cells_failed=0 results=/mnt/ch/ClickHouse/tmp/probe_campaign_20260729/results/fleet_baab/results.shard5.jsonl -> PASS

=== shard 5 pulls key64:probe.asof.S2.T96 ===
sweep: 1 cells planned, 0 already complete (resume via /mnt/ch/ClickHouse/tmp/probe_campaign_20260729/results/fleet_baab/results.shard5.jsonl), 1 to run
=== cell 1/1: key64:probe.asof.S2.T96 rows_build=260000 rows_probe=192000000 expected_rows=192000000 threads=96 order=BAAB runs=10(5/dir) warmups=4/block rows_source=calibration-file ===
  block 1/4 BAAB arm B(candidate) dir0: fill 6.8s, runs 0-4, median 415.7ms, block 14.6s
SKIPPED: AMAC engagement counters absent in system.events (arm=baseline); engagement recorded as null
  block 2/4 BAAB arm A(baseline) dir0: fill 6.8s, runs 0-4, median 417.3ms, block 14.9s
  block 3/4 BAAB arm A(baseline) dir1: fill 6.8s, runs 5-9, median 416.6ms, block 14.6s
  block 4/4 BAAB arm B(candidate) dir1: fill 6.8s, runs 5-9, median 415.6ms, block 14.7s
  cell OK (58.7s)
FLEET_AB SWEEP RESULT: cells_run=1 cells_ok=1 cells_failed=0 results=/mnt/ch/ClickHouse/tmp/probe_campaign_20260729/results/fleet_baab/results.shard5.jsonl -> PASS

=== shard 5 pulls str:build.inner_all.S3.T96.dup16 ===
sweep: 1 cells planned, 0 already complete (resume via /mnt/ch/ClickHouse/tmp/probe_campaign_20260729/results/fleet_baab/results.shard5.jsonl), 1 to run
=== cell 1/1: str:build.inner_all.S3.T96.dup16 rows_build=12000000 rows_probe=3000000 expected_rows=48000000 threads=96 order=BAAB runs=10(5/dir) warmups=4/block rows_source=calibration-file ===
  block 1/4 BAAB arm B(candidate) dir0: fill 6.6s, runs 0-4, median 130.3ms, block 11.9s
SKIPPED: AMAC engagement counters absent in system.events (arm=baseline); engagement recorded as null
  block 2/4 BAAB arm A(baseline) dir0: fill 6.9s, runs 0-4, median 126.1ms, block 12.3s
  block 3/4 BAAB arm A(baseline) dir1: fill 6.6s, runs 5-9, median 125.3ms, block 12.0s
  block 4/4 BAAB arm B(candidate) dir1: fill 6.7s, runs 5-9, median 130.0ms, block 11.9s
  CELL FAILED: str:build.inner_all.S3.T96.dup16: one or more runs INVALID (see invalid_reason in results)
FLEET_AB SWEEP RESULT: cells_run=1 cells_ok=0 cells_failed=1 results=/mnt/ch/ClickHouse/tmp/probe_campaign_20260729/results/fleet_baab/results.shard5.jsonl -> FAIL

=== shard 5 pulls k256:build.inner_all.S3.T96 ===
sweep: 1 cells planned, 0 already complete (resume via /mnt/ch/ClickHouse/tmp/probe_campaign_20260729/results/fleet_baab/results.shard5.jsonl), 1 to run
=== cell 1/1: k256:build.inner_all.S3.T96 rows_build=12000000 rows_probe=3000000 expected_rows=3000000 threads=96 order=BAAB runs=10(5/dir) warmups=4/block rows_source=calibration-file ===
  block 1/4 BAAB arm B(candidate) dir0: fill 6.6s, runs 0-4, median 75.1ms, block 11.5s
SKIPPED: AMAC engagement counters absent in system.events (arm=baseline); engagement recorded as null
  block 2/4 BAAB arm A(baseline) dir0: fill 6.6s, runs 0-4, median 74.6ms, block 11.6s
  block 3/4 BAAB arm A(baseline) dir1: fill 6.8s, runs 5-9, median 73.6ms, block 11.8s
  block 4/4 BAAB arm B(candidate) dir1: fill 6.7s, runs 5-9, median 73.5ms, block 11.5s
  CELL FAILED: k256:build.inner_all.S3.T96: one or more runs INVALID (see invalid_reason in results)
FLEET_AB SWEEP RESULT: cells_run=1 cells_ok=0 cells_failed=1 results=/mnt/ch/ClickHouse/tmp/probe_campaign_20260729/results/fleet_baab/results.shard5.jsonl -> FAIL

=== shard 5 pulls key64:build.inner_all.S3.T48 ===
sweep: 1 cells planned, 0 already complete (resume via /mnt/ch/ClickHouse/tmp/probe_campaign_20260729/results/fleet_baab/results.shard5.jsonl), 1 to run
=== cell 1/1: key64:build.inner_all.S3.T48 rows_build=24000000 rows_probe=6000000 expected_rows=6000000 threads=48 order=BAAB runs=10(5/dir) warmups=4/block rows_source=calibration-file ===
  block 1/4 BAAB arm B(candidate) dir0: fill 6.7s, runs 0-4, median 86.3ms, block 11.5s
SKIPPED: AMAC engagement counters absent in system.events (arm=baseline); engagement recorded as null
  block 2/4 BAAB arm A(baseline) dir0: fill 6.7s, runs 0-4, median 58.7ms, block 11.4s
  block 3/4 BAAB arm A(baseline) dir1: fill 6.7s, runs 5-9, median 59.0ms, block 11.6s
  block 4/4 BAAB arm B(candidate) dir1: fill 6.6s, runs 5-9, median 87.8ms, block 11.5s
  CELL FAILED: key64:build.inner_all.S3.T48: one or more runs INVALID (see invalid_reason in results)
FLEET_AB SWEEP RESULT: cells_run=1 cells_ok=0 cells_failed=1 results=/mnt/ch/ClickHouse/tmp/probe_campaign_20260729/results/fleet_baab/results.shard5.jsonl -> FAIL

=== shard 5 pulls mixed:build.inner_all.S2.T96 ===
sweep: 1 cells planned, 0 already complete (resume via /mnt/ch/ClickHouse/tmp/probe_campaign_20260729/results/fleet_baab/results.shard5.jsonl), 1 to run
=== cell 1/1: mixed:build.inner_all.S2.T96 rows_build=260000 rows_probe=65000 expected_rows=65000 threads=96 order=BAAB runs=10(5/dir) warmups=4/block rows_source=calibration-file ===
  block 1/4 BAAB arm B(candidate) dir0: fill 6.6s, runs 0-4, median 37.1ms, block 11.0s
SKIPPED: AMAC engagement counters absent in system.events (arm=baseline); engagement recorded as null
  block 2/4 BAAB arm A(baseline) dir0: fill 6.6s, runs 0-4, median 38.9ms, block 11.0s
  block 3/4 BAAB arm A(baseline) dir1: fill 6.6s, runs 5-9, median 38.2ms, block 11.0s
  block 4/4 BAAB arm B(candidate) dir1: fill 6.8s, runs 5-9, median 33.8ms, block 11.2s
  CELL FAILED: mixed:build.inner_all.S2.T96: one or more runs INVALID (see invalid_reason in results)
FLEET_AB SWEEP RESULT: cells_run=1 cells_ok=0 cells_failed=1 results=/mnt/ch/ClickHouse/tmp/probe_campaign_20260729/results/fleet_baab/results.shard5.jsonl -> FAIL
