
=== shard 6 pulls key64:probe.inner_all.S5.T96 ===
NOTE: remote mode is UNTESTED (no fleet yet); see SELFTEST.md
sweep: 1 cells planned, 0 already complete (resume via tmp/chj_amac/fleet/results_phj_ph/results.shard6.jsonl), 1 to run
=== cell 1/1: key64:probe.inner_all.S5.T96 rows_build=384000000 rows_probe=1536000000 expected_rows=1536000000 threads=96 rows_source=calibration-file ===
SKIPPED: AMAC engagement counters absent in system.events (arm=baseline); engagement recorded as null
  cell OK (169.9s)
FLEET_AB SWEEP RESULT: cells_run=1 cells_ok=1 cells_failed=0 results=tmp/chj_amac/fleet/results_phj_ph/results.shard6.jsonl -> PASS

=== shard 6 pulls mixed:probe.inner_all.S3.T96 ===
NOTE: remote mode is UNTESTED (no fleet yet); see SELFTEST.md
sweep: 1 cells planned, 0 already complete (resume via tmp/chj_amac/fleet/results_phj_ph/results.shard6.jsonl), 1 to run
=== cell 1/1: mixed:probe.inner_all.S3.T96 rows_build=12000000 rows_probe=192000000 expected_rows=192000000 threads=96 rows_source=calibration-file ===
SKIPPED: AMAC engagement counters absent in system.events (arm=baseline); engagement recorded as null
  cell OK (47.4s)
FLEET_AB SWEEP RESULT: cells_run=1 cells_ok=1 cells_failed=0 results=tmp/chj_amac/fleet/results_phj_ph/results.shard6.jsonl -> PASS

=== shard 6 pulls str:probe.left_all.S4.T96 ===
NOTE: remote mode is UNTESTED (no fleet yet); see SELFTEST.md
sweep: 1 cells planned, 0 already complete (resume via tmp/chj_amac/fleet/results_phj_ph/results.shard6.jsonl), 1 to run
=== cell 1/1: str:probe.left_all.S4.T96 rows_build=48000000 rows_probe=192000000 expected_rows=192000000 threads=96 rows_source=calibration-file ===
SKIPPED: AMAC engagement counters absent in system.events (arm=baseline); engagement recorded as null
  cell OK (43.8s)
FLEET_AB SWEEP RESULT: cells_run=1 cells_ok=1 cells_failed=0 results=tmp/chj_amac/fleet/results_phj_ph/results.shard6.jsonl -> PASS

=== shard 6 pulls k256:probe.inner_all.S3.T96 ===
NOTE: remote mode is UNTESTED (no fleet yet); see SELFTEST.md
sweep: 1 cells planned, 0 already complete (resume via tmp/chj_amac/fleet/results_phj_ph/results.shard6.jsonl), 1 to run
=== cell 1/1: k256:probe.inner_all.S3.T96 rows_build=12000000 rows_probe=192000000 expected_rows=192000000 threads=96 rows_source=calibration-file ===
SKIPPED: AMAC engagement counters absent in system.events (arm=baseline); engagement recorded as null
  cell OK (37.6s)
FLEET_AB SWEEP RESULT: cells_run=1 cells_ok=1 cells_failed=0 results=tmp/chj_amac/fleet/results_phj_ph/results.shard6.jsonl -> PASS

=== shard 6 pulls str:probe.left_all.S2.T96 ===
NOTE: remote mode is UNTESTED (no fleet yet); see SELFTEST.md
sweep: 1 cells planned, 0 already complete (resume via tmp/chj_amac/fleet/results_phj_ph/results.shard6.jsonl), 1 to run
=== cell 1/1: str:probe.left_all.S2.T96 rows_build=260000 rows_probe=192000000 expected_rows=192000000 threads=96 rows_source=calibration-file ===
SKIPPED: AMAC engagement counters absent in system.events (arm=baseline); engagement recorded as null
  cell OK (33.6s)
FLEET_AB SWEEP RESULT: cells_run=1 cells_ok=1 cells_failed=0 results=tmp/chj_amac/fleet/results_phj_ph/results.shard6.jsonl -> PASS

=== shard 6 pulls lcstr:probe.inner_all.S3.T96 ===
NOTE: remote mode is UNTESTED (no fleet yet); see SELFTEST.md
sweep: 1 cells planned, 0 already complete (resume via tmp/chj_amac/fleet/results_phj_ph/results.shard6.jsonl), 1 to run
=== cell 1/1: lcstr:probe.inner_all.S3.T96 rows_build=21000000 rows_probe=192000000 expected_rows=192000000 threads=96 rows_source=calibration-file ===
SKIPPED: AMAC engagement counters absent in system.events (arm=baseline); engagement recorded as null
  cell OK (79.8s)
FLEET_AB SWEEP RESULT: cells_run=1 cells_ok=1 cells_failed=0 results=tmp/chj_amac/fleet/results_phj_ph/results.shard6.jsonl -> PASS

=== shard 6 pulls key64:probe.semi_anti.S4.T96 ===
NOTE: remote mode is UNTESTED (no fleet yet); see SELFTEST.md
sweep: 1 cells planned, 0 already complete (resume via tmp/chj_amac/fleet/results_phj_ph/results.shard6.jsonl), 1 to run
=== cell 1/1: key64:probe.semi_anti.S4.T96 rows_build=96000000 rows_probe=384000000 expected_rows=384000000 threads=96 rows_source=calibration-file ===
SKIPPED: AMAC engagement counters absent in system.events (arm=baseline); engagement recorded as null
  cell OK (47.8s)
FLEET_AB SWEEP RESULT: cells_run=1 cells_ok=1 cells_failed=0 results=tmp/chj_amac/fleet/results_phj_ph/results.shard6.jsonl -> PASS

=== shard 6 pulls str:probe.inner_all.S3.T96.h50 ===
NOTE: remote mode is UNTESTED (no fleet yet); see SELFTEST.md
sweep: 1 cells planned, 0 already complete (resume via tmp/chj_amac/fleet/results_phj_ph/results.shard6.jsonl), 1 to run
=== cell 1/1: str:probe.inner_all.S3.T96.h50 rows_build=12000000 rows_probe=192000000 expected_rows=96000000 threads=96 rows_source=calibration-file ===
SKIPPED: AMAC engagement counters absent in system.events (arm=baseline); engagement recorded as null
  cell OK (33.4s)
FLEET_AB SWEEP RESULT: cells_run=1 cells_ok=1 cells_failed=0 results=tmp/chj_amac/fleet/results_phj_ph/results.shard6.jsonl -> PASS

=== shard 6 pulls fixstr:probe.inner_all.S3.T96 ===
NOTE: remote mode is UNTESTED (no fleet yet); see SELFTEST.md
sweep: 1 cells planned, 0 already complete (resume via tmp/chj_amac/fleet/results_phj_ph/results.shard6.jsonl), 1 to run
=== cell 1/1: fixstr:probe.inner_all.S3.T96 rows_build=12000000 rows_probe=192000000 expected_rows=192000000 threads=96 rows_source=calibration-file ===
SKIPPED: AMAC engagement counters absent in system.events (arm=baseline); engagement recorded as null
  cell OK (39.8s)
FLEET_AB SWEEP RESULT: cells_run=1 cells_ok=1 cells_failed=0 results=tmp/chj_amac/fleet/results_phj_ph/results.shard6.jsonl -> PASS

=== shard 6 pulls k128:probe.inner_all.S2.T96 ===
NOTE: remote mode is UNTESTED (no fleet yet); see SELFTEST.md
sweep: 1 cells planned, 0 already complete (resume via tmp/chj_amac/fleet/results_phj_ph/results.shard6.jsonl), 1 to run
=== cell 1/1: k128:probe.inner_all.S2.T96 rows_build=260000 rows_probe=192000000 expected_rows=192000000 threads=96 rows_source=calibration-file ===
SKIPPED: AMAC engagement counters absent in system.events (arm=baseline); engagement recorded as null
  cell OK (28.4s)
FLEET_AB SWEEP RESULT: cells_run=1 cells_ok=1 cells_failed=0 results=tmp/chj_amac/fleet/results_phj_ph/results.shard6.jsonl -> PASS

=== shard 6 pulls null64:probe.inner_all.S3.T96 ===
NOTE: remote mode is UNTESTED (no fleet yet); see SELFTEST.md
sweep: 1 cells planned, 0 already complete (resume via tmp/chj_amac/fleet/results_phj_ph/results.shard6.jsonl), 1 to run
=== cell 1/1: null64:probe.inner_all.S3.T96 rows_build=26700000 rows_probe=192000000 expected_rows=192000000 threads=96 rows_source=calibration-file ===
SKIPPED: AMAC engagement counters absent in system.events (arm=baseline); engagement recorded as null
  cell OK (29.3s)
FLEET_AB SWEEP RESULT: cells_run=1 cells_ok=1 cells_failed=0 results=tmp/chj_amac/fleet/results_phj_ph/results.shard6.jsonl -> PASS

=== shard 6 pulls key32:probe.inner_all.S3.T96 ===
NOTE: remote mode is UNTESTED (no fleet yet); see SELFTEST.md
sweep: 1 cells planned, 0 already complete (resume via tmp/chj_amac/fleet/results_phj_ph/results.shard6.jsonl), 1 to run
=== cell 1/1: key32:probe.inner_all.S3.T96 rows_build=24000000 rows_probe=192000000 expected_rows=192000000 threads=96 rows_source=calibration-file ===
SKIPPED: AMAC engagement counters absent in system.events (arm=baseline); engagement recorded as null
  cell OK (25.6s)
FLEET_AB SWEEP RESULT: cells_run=1 cells_ok=1 cells_failed=0 results=tmp/chj_amac/fleet/results_phj_ph/results.shard6.jsonl -> PASS

=== shard 6 pulls key64:probe.inner_all.S2.T96 ===
NOTE: remote mode is UNTESTED (no fleet yet); see SELFTEST.md
sweep: 1 cells planned, 0 already complete (resume via tmp/chj_amac/fleet/results_phj_ph/results.shard6.jsonl), 1 to run
=== cell 1/1: key64:probe.inner_all.S2.T96 rows_build=260000 rows_probe=192000000 expected_rows=192000000 threads=96 rows_source=calibration-file ===
SKIPPED: AMAC engagement counters absent in system.events (arm=baseline); engagement recorded as null
  cell OK (24.0s)
FLEET_AB SWEEP RESULT: cells_run=1 cells_ok=1 cells_failed=0 results=tmp/chj_amac/fleet/results_phj_ph/results.shard6.jsonl -> PASS

=== shard 6 pulls key64:probe.asof.S2.T96 ===
NOTE: remote mode is UNTESTED (no fleet yet); see SELFTEST.md
sweep: 1 cells planned, 0 already complete (resume via tmp/chj_amac/fleet/results_phj_ph/results.shard6.jsonl), 1 to run
=== cell 1/1: key64:probe.asof.S2.T96 rows_build=260000 rows_probe=192000000 expected_rows=192000000 threads=96 rows_source=calibration-file ===
SKIPPED: AMAC engagement counters absent in system.events (arm=baseline); engagement recorded as null
  cell OK (27.4s)
FLEET_AB SWEEP RESULT: cells_run=1 cells_ok=1 cells_failed=0 results=tmp/chj_amac/fleet/results_phj_ph/results.shard6.jsonl -> PASS

=== shard 6 pulls key64:probe.semi_anti.S2.T96.anti ===
NOTE: remote mode is UNTESTED (no fleet yet); see SELFTEST.md
sweep: 1 cells planned, 0 already complete (resume via tmp/chj_amac/fleet/results_phj_ph/results.shard6.jsonl), 1 to run
=== cell 1/1: key64:probe.semi_anti.S2.T96.anti rows_build=260000 rows_probe=192000000 expected_rows=0 threads=96 rows_source=calibration-file ===
SKIPPED: AMAC engagement counters absent in system.events (arm=baseline); engagement recorded as null
  CELL FAILED: key64:probe.semi_anti.S2.T96.anti: one or more runs INVALID (see invalid_reason in results)
FLEET_AB SWEEP RESULT: cells_run=1 cells_ok=0 cells_failed=1 results=tmp/chj_amac/fleet/results_phj_ph/results.shard6.jsonl -> FAIL

=== shard 6 pulls key64:build.left_all.S3.T96.dup16 ===
NOTE: remote mode is UNTESTED (no fleet yet); see SELFTEST.md
sweep: 1 cells planned, 0 already complete (resume via tmp/chj_amac/fleet/results_phj_ph/results.shard6.jsonl), 1 to run
=== cell 1/1: key64:build.left_all.S3.T96.dup16 rows_build=24000000 rows_probe=6000000 expected_rows=96000000 threads=96 rows_source=calibration-file ===
SKIPPED: AMAC engagement counters absent in system.events (arm=baseline); engagement recorded as null
  cell OK (20.7s)
FLEET_AB SWEEP RESULT: cells_run=1 cells_ok=1 cells_failed=0 results=tmp/chj_amac/fleet/results_phj_ph/results.shard6.jsonl -> PASS

=== shard 6 pulls key64:build.inner_all.S3.T96.statson ===
NOTE: remote mode is UNTESTED (no fleet yet); see SELFTEST.md
sweep: 1 cells planned, 0 already complete (resume via tmp/chj_amac/fleet/results_phj_ph/results.shard6.jsonl), 1 to run
=== cell 1/1: key64:build.inner_all.S3.T96.statson rows_build=24000000 rows_probe=6000000 expected_rows=6000000 threads=96 rows_source=calibration-file ===
SKIPPED: AMAC engagement counters absent in system.events (arm=baseline); engagement recorded as null
  CELL FAILED: key64:build.inner_all.S3.T96.statson: one or more runs INVALID (see invalid_reason in results)
FLEET_AB SWEEP RESULT: cells_run=1 cells_ok=0 cells_failed=1 results=tmp/chj_amac/fleet/results_phj_ph/results.shard6.jsonl -> FAIL

=== shard 6 pulls k256:build.inner_all.S2.T96 ===
NOTE: remote mode is UNTESTED (no fleet yet); see SELFTEST.md
sweep: 1 cells planned, 0 already complete (resume via tmp/chj_amac/fleet/results_phj_ph/results.shard6.jsonl), 1 to run
=== cell 1/1: k256:build.inner_all.S2.T96 rows_build=260000 rows_probe=65000 expected_rows=65000 threads=96 rows_source=calibration-file ===
SKIPPED: AMAC engagement counters absent in system.events (arm=baseline); engagement recorded as null
  CELL FAILED: k256:build.inner_all.S2.T96: one or more runs INVALID (see invalid_reason in results)
FLEET_AB SWEEP RESULT: cells_run=1 cells_ok=0 cells_failed=1 results=tmp/chj_amac/fleet/results_phj_ph/results.shard6.jsonl -> FAIL
