
=== shard 3 pulls k256:probe.inner_all.S5.T96 ===
NOTE: remote mode is UNTESTED (no fleet yet); see SELFTEST.md
sweep: 1 cells planned, 0 already complete (resume via tmp/chj_amac/fleet/results_phj_ph/results.shard3.jsonl), 1 to run
=== cell 1/1: k256:probe.inner_all.S5.T96 rows_build=192000000 rows_probe=768000000 expected_rows=768000000 threads=96 rows_source=calibration-file ===
SKIPPED: AMAC engagement counters absent in system.events (arm=baseline); engagement recorded as null
  cell OK (156.7s)
FLEET_AB SWEEP RESULT: cells_run=1 cells_ok=1 cells_failed=0 results=tmp/chj_amac/fleet/results_phj_ph/results.shard3.jsonl -> PASS

=== shard 3 pulls k256:probe.inner_all.S4.T96 ===
NOTE: remote mode is UNTESTED (no fleet yet); see SELFTEST.md
sweep: 1 cells planned, 0 already complete (resume via tmp/chj_amac/fleet/results_phj_ph/results.shard3.jsonl), 1 to run
=== cell 1/1: k256:probe.inner_all.S4.T96 rows_build=48000000 rows_probe=192000000 expected_rows=192000000 threads=96 rows_source=calibration-file ===
SKIPPED: AMAC engagement counters absent in system.events (arm=baseline); engagement recorded as null
  cell OK (43.1s)
FLEET_AB SWEEP RESULT: cells_run=1 cells_ok=1 cells_failed=0 results=tmp/chj_amac/fleet/results_phj_ph/results.shard3.jsonl -> PASS

=== shard 3 pulls str:probe.inner_all.S4.T48 ===
NOTE: remote mode is UNTESTED (no fleet yet); see SELFTEST.md
sweep: 1 cells planned, 0 already complete (resume via tmp/chj_amac/fleet/results_phj_ph/results.shard3.jsonl), 1 to run
=== cell 1/1: str:probe.inner_all.S4.T48 rows_build=48000000 rows_probe=192000000 expected_rows=192000000 threads=48 rows_source=calibration-file ===
SKIPPED: AMAC engagement counters absent in system.events (arm=baseline); engagement recorded as null
  cell OK (48.6s)
FLEET_AB SWEEP RESULT: cells_run=1 cells_ok=1 cells_failed=0 results=tmp/chj_amac/fleet/results_phj_ph/results.shard3.jsonl -> PASS

=== shard 3 pulls str:probe.asof.S4.T96 ===
NOTE: remote mode is UNTESTED (no fleet yet); see SELFTEST.md
sweep: 1 cells planned, 0 already complete (resume via tmp/chj_amac/fleet/results_phj_ph/results.shard3.jsonl), 1 to run
=== cell 1/1: str:probe.asof.S4.T96 rows_build=48000000 rows_probe=192000000 expected_rows=192000000 threads=96 rows_source=calibration-file ===
SKIPPED: AMAC engagement counters absent in system.events (arm=baseline); engagement recorded as null
  cell OK (75.2s)
FLEET_AB SWEEP RESULT: cells_run=1 cells_ok=1 cells_failed=0 results=tmp/chj_amac/fleet/results_phj_ph/results.shard3.jsonl -> PASS

=== shard 3 pulls str:probe.any.S2.T96 ===
NOTE: remote mode is UNTESTED (no fleet yet); see SELFTEST.md
sweep: 1 cells planned, 0 already complete (resume via tmp/chj_amac/fleet/results_phj_ph/results.shard3.jsonl), 1 to run
=== cell 1/1: str:probe.any.S2.T96 rows_build=260000 rows_probe=192000000 expected_rows=192000000 threads=96 rows_source=calibration-file ===
SKIPPED: AMAC engagement counters absent in system.events (arm=baseline); engagement recorded as null
  cell OK (33.7s)
FLEET_AB SWEEP RESULT: cells_run=1 cells_ok=1 cells_failed=0 results=tmp/chj_amac/fleet/results_phj_ph/results.shard3.jsonl -> PASS

=== shard 3 pulls key64:probe.inner_all.S4.T1 ===
NOTE: remote mode is UNTESTED (no fleet yet); see SELFTEST.md
sweep: 1 cells planned, 0 already complete (resume via tmp/chj_amac/fleet/results_phj_ph/results.shard3.jsonl), 1 to run
=== cell 1/1: key64:probe.inner_all.S4.T1 rows_build=96000000 rows_probe=384000000 expected_rows=384000000 threads=1 rows_source=calibration-file ===
SKIPPED: AMAC engagement counters absent in system.events (arm=baseline); engagement recorded as null
  cell OK (1369.7s)
FLEET_AB SWEEP RESULT: cells_run=1 cells_ok=1 cells_failed=0 results=tmp/chj_amac/fleet/results_phj_ph/results.shard3.jsonl -> PASS
