
=== shard 0 pulls lcstr:probe.inner_all.S5.T96 ===
NOTE: remote mode is UNTESTED (no fleet yet); see SELFTEST.md
sweep: 1 cells planned, 0 already complete (resume via tmp/chj_amac/fleet/results_phj_ph/results.shard0.jsonl), 1 to run
=== cell 1/1: lcstr:probe.inner_all.S5.T96 rows_build=340000000 rows_probe=1360000000 expected_rows=1360000000 threads=96 rows_source=calibration-file ===
SKIPPED: AMAC engagement counters absent in system.events (arm=baseline); engagement recorded as null
  CELL FAILED: lcstr:probe.inner_all.S5.T96: warmup 0 failed on arm baseline: Received exception from server (version 26.8.1):
Code: 241. DB::Exception: Received from localhost:19510. DB::Exception: (total) memory limit exceeded: would use 186.12 GiB (attempt to allocate chunk of 128.00 MiB), current RSS: 193.70 GiB, maximum: 193.71 GiB. OvercommitTracker decision: Query was selected to stop by OvercommitTracker. Untracked memory across all threads: 6.26 MiB: While executing FillingRightJoinSide. (MEMORY_LIMIT_EXCEEDED)
(query: SELECT count() AS row_count, sum(cityHash64(isNull(l.k0), ifNull(toString(l.k0), ''), isNull(l.ts), ifNull(toString(l.ts), ''), isNull(l.p_p0), ifNull(toString(l.p_p0), ''), isNull(r.k0), ifNull(toString(r.k0), ''), isNull(r.ts), ifNull(toString(r.ts), ''), isNull(r.b_p0), ifNull(toString(r.b_p0), ''))) AS checksum FROM bench.probe_t AS l INNER JOIN bench.build_t AS r ON l.k0 = r.k0 SETTINGS join_algorithm = 'parallel_hash', max_threads = 96, query_plan_join_swap_table = false, enable_analyzer = 1, enable_join_runtime_filters = 0, max_bytes_before_external_join = 0, max_bytes_ratio_before_external_join = 0, collect_hash_table_stats_during_joins = 1, max_execution_time = 600, join_use_nulls = 0, log_comment = 'lcstr:probe.inner_all.S5.T96|1785260026_2366065|baseline|warmup0' FORMAT JSONEachRow)
FLEET_AB SWEEP RESULT: cells_run=1 cells_ok=0 cells_failed=1 results=tmp/chj_amac/fleet/results_phj_ph/results.shard0.jsonl -> FAIL

=== shard 0 pulls str:probe.semi_anti.S4.T96 ===
NOTE: remote mode is UNTESTED (no fleet yet); see SELFTEST.md
sweep: 1 cells planned, 0 already complete (resume via tmp/chj_amac/fleet/results_phj_ph/results.shard0.jsonl), 1 to run
=== cell 1/1: str:probe.semi_anti.S4.T96 rows_build=48000000 rows_probe=192000000 expected_rows=192000000 threads=96 rows_source=calibration-file ===
SKIPPED: AMAC engagement counters absent in system.events (arm=baseline); engagement recorded as null
  cell OK (43.6s)
FLEET_AB SWEEP RESULT: cells_run=1 cells_ok=1 cells_failed=0 results=tmp/chj_amac/fleet/results_phj_ph/results.shard0.jsonl -> PASS

=== shard 0 pulls k256:probe.inner_all.S1.T96 ===
NOTE: remote mode is UNTESTED (no fleet yet); see SELFTEST.md
sweep: 1 cells planned, 0 already complete (resume via tmp/chj_amac/fleet/results_phj_ph/results.shard0.jsonl), 1 to run
=== cell 1/1: k256:probe.inner_all.S1.T96 rows_build=24000 rows_probe=192000000 expected_rows=192000000 threads=96 rows_source=calibration-file ===
SKIPPED: AMAC engagement counters absent in system.events (arm=baseline); engagement recorded as null
  cell OK (33.5s)
FLEET_AB SWEEP RESULT: cells_run=1 cells_ok=1 cells_failed=0 results=tmp/chj_amac/fleet/results_phj_ph/results.shard0.jsonl -> PASS

=== shard 0 pulls str:probe.semi_anti.S2.T96 ===
NOTE: remote mode is UNTESTED (no fleet yet); see SELFTEST.md
sweep: 1 cells planned, 0 already complete (resume via tmp/chj_amac/fleet/results_phj_ph/results.shard0.jsonl), 1 to run
=== cell 1/1: str:probe.semi_anti.S2.T96 rows_build=260000 rows_probe=192000000 expected_rows=192000000 threads=96 rows_source=calibration-file ===
SKIPPED: AMAC engagement counters absent in system.events (arm=baseline); engagement recorded as null
  cell OK (33.2s)
FLEET_AB SWEEP RESULT: cells_run=1 cells_ok=1 cells_failed=0 results=tmp/chj_amac/fleet/results_phj_ph/results.shard0.jsonl -> PASS

=== shard 0 pulls key64:probe.inner_all.S4.T48 ===
NOTE: remote mode is UNTESTED (no fleet yet); see SELFTEST.md
sweep: 1 cells planned, 0 already complete (resume via tmp/chj_amac/fleet/results_phj_ph/results.shard0.jsonl), 1 to run
=== cell 1/1: key64:probe.inner_all.S4.T48 rows_build=96000000 rows_probe=384000000 expected_rows=384000000 threads=48 rows_source=calibration-file ===
SKIPPED: AMAC engagement counters absent in system.events (arm=baseline); engagement recorded as null
  cell OK (57.8s)
FLEET_AB SWEEP RESULT: cells_run=1 cells_ok=1 cells_failed=0 results=tmp/chj_amac/fleet/results_phj_ph/results.shard0.jsonl -> PASS

=== shard 0 pulls key64:probe.asof.S4.T96 ===
NOTE: remote mode is UNTESTED (no fleet yet); see SELFTEST.md
sweep: 1 cells planned, 0 already complete (resume via tmp/chj_amac/fleet/results_phj_ph/results.shard0.jsonl), 1 to run
=== cell 1/1: key64:probe.asof.S4.T96 rows_build=96000000 rows_probe=384000000 expected_rows=384000000 threads=96 rows_source=calibration-file ===
SKIPPED: AMAC engagement counters absent in system.events (arm=baseline); engagement recorded as null
  cell OK (99.7s)
FLEET_AB SWEEP RESULT: cells_run=1 cells_ok=1 cells_failed=0 results=tmp/chj_amac/fleet/results_phj_ph/results.shard0.jsonl -> PASS

=== shard 0 pulls fixstr:probe.inner_all.S2.T96 ===
NOTE: remote mode is UNTESTED (no fleet yet); see SELFTEST.md
sweep: 1 cells planned, 0 already complete (resume via tmp/chj_amac/fleet/results_phj_ph/results.shard0.jsonl), 1 to run
=== cell 1/1: fixstr:probe.inner_all.S2.T96 rows_build=260000 rows_probe=192000000 expected_rows=192000000 threads=96 rows_source=calibration-file ===
SKIPPED: AMAC engagement counters absent in system.events (arm=baseline); engagement recorded as null
  cell OK (36.1s)
FLEET_AB SWEEP RESULT: cells_run=1 cells_ok=1 cells_failed=0 results=tmp/chj_amac/fleet/results_phj_ph/results.shard0.jsonl -> PASS

=== shard 0 pulls key64:build.inner_all.S5.T96 ===
NOTE: remote mode is UNTESTED (no fleet yet); see SELFTEST.md
sweep: 1 cells planned, 0 already complete (resume via tmp/chj_amac/fleet/results_phj_ph/results.shard0.jsonl), 1 to run
=== cell 1/1: key64:build.inner_all.S5.T96 rows_build=384000000 rows_probe=96000000 expected_rows=96000000 threads=96 rows_source=calibration-file ===
SKIPPED: AMAC engagement counters absent in system.events (arm=baseline); engagement recorded as null
  cell OK (67.3s)
FLEET_AB SWEEP RESULT: cells_run=1 cells_ok=1 cells_failed=0 results=tmp/chj_amac/fleet/results_phj_ph/results.shard0.jsonl -> PASS

=== shard 0 pulls null64:probe.inner_all.S2.T96 ===
NOTE: remote mode is UNTESTED (no fleet yet); see SELFTEST.md
sweep: 1 cells planned, 0 already complete (resume via tmp/chj_amac/fleet/results_phj_ph/results.shard0.jsonl), 1 to run
=== cell 1/1: null64:probe.inner_all.S2.T96 rows_build=290000 rows_probe=192000000 expected_rows=192000000 threads=96 rows_source=calibration-file ===
SKIPPED: AMAC engagement counters absent in system.events (arm=baseline); engagement recorded as null
  cell OK (26.6s)
FLEET_AB SWEEP RESULT: cells_run=1 cells_ok=1 cells_failed=0 results=tmp/chj_amac/fleet/results_phj_ph/results.shard0.jsonl -> PASS

=== shard 0 pulls key32:probe.inner_all.S2.T96 ===
NOTE: remote mode is UNTESTED (no fleet yet); see SELFTEST.md
sweep: 1 cells planned, 0 already complete (resume via tmp/chj_amac/fleet/results_phj_ph/results.shard0.jsonl), 1 to run
=== cell 1/1: key32:probe.inner_all.S2.T96 rows_build=260000 rows_probe=192000000 expected_rows=192000000 threads=96 rows_source=calibration-file ===
SKIPPED: AMAC engagement counters absent in system.events (arm=baseline); engagement recorded as null
  cell OK (22.9s)
FLEET_AB SWEEP RESULT: cells_run=1 cells_ok=1 cells_failed=0 results=tmp/chj_amac/fleet/results_phj_ph/results.shard0.jsonl -> PASS

=== shard 0 pulls key64:probe.semi_anti.S2.T96 ===
NOTE: remote mode is UNTESTED (no fleet yet); see SELFTEST.md
sweep: 1 cells planned, 0 already complete (resume via tmp/chj_amac/fleet/results_phj_ph/results.shard0.jsonl), 1 to run
=== cell 1/1: key64:probe.semi_anti.S2.T96 rows_build=260000 rows_probe=192000000 expected_rows=192000000 threads=96 rows_source=calibration-file ===
SKIPPED: AMAC engagement counters absent in system.events (arm=baseline); engagement recorded as null
  cell OK (24.3s)
FLEET_AB SWEEP RESULT: cells_run=1 cells_ok=1 cells_failed=0 results=tmp/chj_amac/fleet/results_phj_ph/results.shard0.jsonl -> PASS

=== shard 0 pulls key64:probe.inner_all.S2.T48 ===
NOTE: remote mode is UNTESTED (no fleet yet); see SELFTEST.md
sweep: 1 cells planned, 0 already complete (resume via tmp/chj_amac/fleet/results_phj_ph/results.shard0.jsonl), 1 to run
=== cell 1/1: key64:probe.inner_all.S2.T48 rows_build=260000 rows_probe=96000000 expected_rows=96000000 threads=48 rows_source=calibration-file ===
SKIPPED: AMAC engagement counters absent in system.events (arm=baseline); engagement recorded as null
  cell OK (20.6s)
FLEET_AB SWEEP RESULT: cells_run=1 cells_ok=1 cells_failed=0 results=tmp/chj_amac/fleet/results_phj_ph/results.shard0.jsonl -> PASS

=== shard 0 pulls mixed:build.inner_all.S3.T96 ===
NOTE: remote mode is UNTESTED (no fleet yet); see SELFTEST.md
sweep: 1 cells planned, 0 already complete (resume via tmp/chj_amac/fleet/results_phj_ph/results.shard0.jsonl), 1 to run
=== cell 1/1: mixed:build.inner_all.S3.T96 rows_build=12000000 rows_probe=3000000 expected_rows=3000000 threads=96 rows_source=calibration-file ===
SKIPPED: AMAC engagement counters absent in system.events (arm=baseline); engagement recorded as null
  CELL FAILED: mixed:build.inner_all.S3.T96: one or more runs INVALID (see invalid_reason in results)
FLEET_AB SWEEP RESULT: cells_run=1 cells_ok=0 cells_failed=1 results=tmp/chj_amac/fleet/results_phj_ph/results.shard0.jsonl -> FAIL

=== shard 0 pulls key64:build.inner_all.S3.T1 ===
NOTE: remote mode is UNTESTED (no fleet yet); see SELFTEST.md
sweep: 1 cells planned, 0 already complete (resume via tmp/chj_amac/fleet/results_phj_ph/results.shard0.jsonl), 1 to run
=== cell 1/1: key64:build.inner_all.S3.T1 rows_build=24000000 rows_probe=6000000 expected_rows=6000000 threads=1 rows_source=calibration-file ===
SKIPPED: AMAC engagement counters absent in system.events (arm=baseline); engagement recorded as null
  cell OK (55.8s)
FLEET_AB SWEEP RESULT: cells_run=1 cells_ok=1 cells_failed=0 results=tmp/chj_amac/fleet/results_phj_ph/results.shard0.jsonl -> PASS
