
=== shard 1 pulls mixed:probe.inner_all.S5.T96 ===
sweep: 1 cells planned, 0 already complete (resume via /mnt/ch/ClickHouse/tmp/probe_campaign_20260729/results/fleet_abba/results.shard1.jsonl), 1 to run
=== cell 1/1: mixed:probe.inner_all.S5.T96 rows_build=192000000 rows_probe=768000000 expected_rows=768000000 threads=96 order=ABBA runs=10(5/dir) warmups=4/block rows_source=calibration-file ===
SKIPPED: AMAC engagement counters absent in system.events (arm=baseline); engagement recorded as null
  block 1/4 ABBA arm A(baseline) dir0: fill 8.3s, runs 0-4, median 3562.7ms, block 48.2s
  block 2/4 ABBA arm B(candidate) dir0: fill 8.5s, runs 0-4, median 2598.2ms, block 37.5s
  block 3/4 ABBA arm B(candidate) dir1: fill 10.1s, runs 5-9, median 2585.1ms, block 39.3s
  block 4/4 ABBA arm A(baseline) dir1: fill 8.8s, runs 5-9, median 3576.6ms, block 48.9s
  cell OK (174.0s)
FLEET_AB SWEEP RESULT: cells_run=1 cells_ok=1 cells_failed=0 results=/mnt/ch/ClickHouse/tmp/probe_campaign_20260729/results/fleet_abba/results.shard1.jsonl -> PASS

=== shard 1 pulls k256:probe.inner_all.S4.T1 ===
sweep: 1 cells planned, 0 already complete (resume via /mnt/ch/ClickHouse/tmp/probe_campaign_20260729/results/fleet_abba/results.shard1.jsonl), 1 to run
=== cell 1/1: k256:probe.inner_all.S4.T1 rows_build=48000000 rows_probe=192000000 expected_rows=192000000 threads=1 order=ABBA runs=10(5/dir) warmups=4/block rows_source=calibration-file ===
SKIPPED: AMAC engagement counters absent in system.events (arm=baseline); engagement recorded as null
  block 1/4 ABBA arm A(baseline) dir0: fill 7.0s, runs 0-4, median 59196.7ms, block 549.4s
  block 2/4 ABBA arm B(candidate) dir0: fill 7.0s, runs 0-4, median 55820.8ms, block 518.0s
  block 3/4 ABBA arm B(candidate) dir1: fill 7.0s, runs 5-9, median 55586.9ms, block 515.7s
  block 4/4 ABBA arm A(baseline) dir1: fill 7.0s, runs 5-9, median 58490.2ms, block 541.1s
  cell OK (2124.3s)
FLEET_AB SWEEP RESULT: cells_run=1 cells_ok=1 cells_failed=0 results=/mnt/ch/ClickHouse/tmp/probe_campaign_20260729/results/fleet_abba/results.shard1.jsonl -> PASS
