
=== shard 2 pulls null64:probe.inner_all.S5.T96 ===
sweep: 1 cells planned, 0 already complete (resume via /mnt/ch/ClickHouse/tmp/probe_campaign_20260729/results/fleet_abba/results.shard2.jsonl), 1 to run
=== cell 1/1: null64:probe.inner_all.S5.T96 rows_build=427000000 rows_probe=1708000000 expected_rows=1708000000 threads=96 order=ABBA runs=10(5/dir) warmups=4/block rows_source=calibration-file ===
SKIPPED: AMAC engagement counters absent in system.events (arm=baseline); engagement recorded as null
  block 1/4 ABBA arm A(baseline) dir0: fill 8.8s, runs 0-4, median 4266.1ms, block 60.3s
  block 2/4 ABBA arm B(candidate) dir0: fill 9.2s, runs 0-4, median 4514.9ms, block 55.9s
  block 3/4 ABBA arm B(candidate) dir1: fill 10.9s, runs 5-9, median 4525.6ms, block 57.1s
  block 4/4 ABBA arm A(baseline) dir1: fill 9.3s, runs 5-9, median 4268.0ms, block 60.8s
  cell OK (234.1s)
FLEET_AB SWEEP RESULT: cells_run=1 cells_ok=1 cells_failed=0 results=/mnt/ch/ClickHouse/tmp/probe_campaign_20260729/results/fleet_abba/results.shard2.jsonl -> PASS

=== shard 2 pulls str:probe.inner_all.S4.T48 ===
sweep: 1 cells planned, 0 already complete (resume via /mnt/ch/ClickHouse/tmp/probe_campaign_20260729/results/fleet_abba/results.shard2.jsonl), 1 to run
=== cell 1/1: str:probe.inner_all.S4.T48 rows_build=48000000 rows_probe=192000000 expected_rows=192000000 threads=48 order=ABBA runs=10(5/dir) warmups=4/block rows_source=calibration-file ===
SKIPPED: AMAC engagement counters absent in system.events (arm=baseline); engagement recorded as null
  block 1/4 ABBA arm A(baseline) dir0: fill 7.2s, runs 0-4, median 712.1ms, block 18.1s
  block 2/4 ABBA arm B(candidate) dir0: fill 7.0s, runs 0-4, median 618.1ms, block 16.8s
  block 3/4 ABBA arm B(candidate) dir1: fill 7.2s, runs 5-9, median 619.9ms, block 17.1s
  block 4/4 ABBA arm A(baseline) dir1: fill 7.1s, runs 5-9, median 713.2ms, block 18.3s
  cell OK (70.2s)
FLEET_AB SWEEP RESULT: cells_run=1 cells_ok=1 cells_failed=0 results=/mnt/ch/ClickHouse/tmp/probe_campaign_20260729/results/fleet_abba/results.shard2.jsonl -> PASS

=== shard 2 pulls str:probe.asof.S4.T96 ===
sweep: 1 cells planned, 0 already complete (resume via /mnt/ch/ClickHouse/tmp/probe_campaign_20260729/results/fleet_abba/results.shard2.jsonl), 1 to run
=== cell 1/1: str:probe.asof.S4.T96 rows_build=48000000 rows_probe=192000000 expected_rows=192000000 threads=96 order=ABBA runs=10(5/dir) warmups=4/block rows_source=calibration-file ===
SKIPPED: AMAC engagement counters absent in system.events (arm=baseline); engagement recorded as null
  block 1/4 ABBA arm A(baseline) dir0: fill 7.0s, runs 0-4, median 787.4ms, block 25.0s
  block 2/4 ABBA arm B(candidate) dir0: fill 7.2s, runs 0-4, median 807.3ms, block 26.4s
  block 3/4 ABBA arm B(candidate) dir1: fill 7.2s, runs 5-9, median 816.2ms, block 26.3s
  block 4/4 ABBA arm A(baseline) dir1: fill 7.3s, runs 5-9, median 791.4ms, block 25.5s
  cell OK (103.2s)
FLEET_AB SWEEP RESULT: cells_run=1 cells_ok=1 cells_failed=0 results=/mnt/ch/ClickHouse/tmp/probe_campaign_20260729/results/fleet_abba/results.shard2.jsonl -> PASS

=== shard 2 pulls str:probe.inner_all.S2.T96 ===
sweep: 1 cells planned, 0 already complete (resume via /mnt/ch/ClickHouse/tmp/probe_campaign_20260729/results/fleet_abba/results.shard2.jsonl), 1 to run
=== cell 1/1: str:probe.inner_all.S2.T96 rows_build=260000 rows_probe=192000000 expected_rows=192000000 threads=96 order=ABBA runs=10(5/dir) warmups=4/block rows_source=calibration-file ===
SKIPPED: AMAC engagement counters absent in system.events (arm=baseline); engagement recorded as null
  block 1/4 ABBA arm A(baseline) dir0: fill 6.9s, runs 0-4, median 290.7ms, block 13.6s
  block 2/4 ABBA arm B(candidate) dir0: fill 7.0s, runs 0-4, median 258.8ms, block 13.3s
  block 3/4 ABBA arm B(candidate) dir1: fill 6.9s, runs 5-9, median 257.1ms, block 13.3s
  block 4/4 ABBA arm A(baseline) dir1: fill 6.9s, runs 5-9, median 291.6ms, block 13.5s
  cell OK (53.7s)
FLEET_AB SWEEP RESULT: cells_run=1 cells_ok=1 cells_failed=0 results=/mnt/ch/ClickHouse/tmp/probe_campaign_20260729/results/fleet_abba/results.shard2.jsonl -> PASS

=== shard 2 pulls str:probe.asof.S2.T96 ===
sweep: 1 cells planned, 0 already complete (resume via /mnt/ch/ClickHouse/tmp/probe_campaign_20260729/results/fleet_abba/results.shard2.jsonl), 1 to run
=== cell 1/1: str:probe.asof.S2.T96 rows_build=260000 rows_probe=192000000 expected_rows=192000000 threads=96 order=ABBA runs=10(5/dir) warmups=4/block rows_source=calibration-file ===
SKIPPED: AMAC engagement counters absent in system.events (arm=baseline); engagement recorded as null
  block 1/4 ABBA arm A(baseline) dir0: fill 6.9s, runs 0-4, median 395.7ms, block 14.5s
  block 2/4 ABBA arm B(candidate) dir0: fill 6.9s, runs 0-4, median 384.2ms, block 14.4s
  block 3/4 ABBA arm B(candidate) dir1: fill 6.9s, runs 5-9, median 382.8ms, block 14.4s
  block 4/4 ABBA arm A(baseline) dir1: fill 6.9s, runs 5-9, median 395.7ms, block 14.5s
  cell OK (57.8s)
FLEET_AB SWEEP RESULT: cells_run=1 cells_ok=1 cells_failed=0 results=/mnt/ch/ClickHouse/tmp/probe_campaign_20260729/results/fleet_abba/results.shard2.jsonl -> PASS

=== shard 2 pulls key64:probe.left_all.S4.T96 ===
sweep: 1 cells planned, 0 already complete (resume via /mnt/ch/ClickHouse/tmp/probe_campaign_20260729/results/fleet_abba/results.shard2.jsonl), 1 to run
=== cell 1/1: key64:probe.left_all.S4.T96 rows_build=96000000 rows_probe=384000000 expected_rows=384000000 threads=96 order=ABBA runs=10(5/dir) warmups=4/block rows_source=calibration-file ===
SKIPPED: AMAC engagement counters absent in system.events (arm=baseline); engagement recorded as null
  block 1/4 ABBA arm A(baseline) dir0: fill 7.1s, runs 0-4, median 789.0ms, block 20.0s
  block 2/4 ABBA arm B(candidate) dir0: fill 7.1s, runs 0-4, median 858.3ms, block 19.2s
  block 3/4 ABBA arm B(candidate) dir1: fill 7.3s, runs 5-9, median 861.2ms, block 19.4s
  block 4/4 ABBA arm A(baseline) dir1: fill 7.2s, runs 5-9, median 806.2ms, block 20.3s
  cell OK (78.9s)
FLEET_AB SWEEP RESULT: cells_run=1 cells_ok=1 cells_failed=0 results=/mnt/ch/ClickHouse/tmp/probe_campaign_20260729/results/fleet_abba/results.shard2.jsonl -> PASS

=== shard 2 pulls key64:probe.asof.S4.T96 ===
sweep: 1 cells planned, 0 already complete (resume via /mnt/ch/ClickHouse/tmp/probe_campaign_20260729/results/fleet_abba/results.shard2.jsonl), 1 to run
=== cell 1/1: key64:probe.asof.S4.T96 rows_build=96000000 rows_probe=384000000 expected_rows=384000000 threads=96 order=ABBA runs=10(5/dir) warmups=4/block rows_source=calibration-file ===
SKIPPED: AMAC engagement counters absent in system.events (arm=baseline); engagement recorded as null
  block 1/4 ABBA arm A(baseline) dir0: fill 7.1s, runs 0-4, median 1229.2ms, block 34.2s
  block 2/4 ABBA arm B(candidate) dir0: fill 7.3s, runs 0-4, median 1294.0ms, block 37.9s
  block 3/4 ABBA arm B(candidate) dir1: fill 7.2s, runs 5-9, median 1270.7ms, block 38.1s
  block 4/4 ABBA arm A(baseline) dir1: fill 7.4s, runs 5-9, median 1221.1ms, block 34.1s
  cell OK (144.2s)
FLEET_AB SWEEP RESULT: cells_run=1 cells_ok=1 cells_failed=0 results=/mnt/ch/ClickHouse/tmp/probe_campaign_20260729/results/fleet_abba/results.shard2.jsonl -> PASS

=== shard 2 pulls k128:probe.inner_all.S3.T96 ===
sweep: 1 cells planned, 0 already complete (resume via /mnt/ch/ClickHouse/tmp/probe_campaign_20260729/results/fleet_abba/results.shard2.jsonl), 1 to run
=== cell 1/1: k128:probe.inner_all.S3.T96 rows_build=12000000 rows_probe=192000000 expected_rows=192000000 threads=96 order=ABBA runs=10(5/dir) warmups=4/block rows_source=calibration-file ===
SKIPPED: AMAC engagement counters absent in system.events (arm=baseline); engagement recorded as null
  block 1/4 ABBA arm A(baseline) dir0: fill 7.1s, runs 0-4, median 502.9ms, block 15.8s
  block 2/4 ABBA arm B(candidate) dir0: fill 6.8s, runs 0-4, median 509.3ms, block 15.6s
  block 3/4 ABBA arm B(candidate) dir1: fill 6.9s, runs 5-9, median 505.7ms, block 15.5s
  block 4/4 ABBA arm A(baseline) dir1: fill 6.9s, runs 5-9, median 505.4ms, block 15.7s
  cell OK (62.6s)
FLEET_AB SWEEP RESULT: cells_run=1 cells_ok=1 cells_failed=0 results=/mnt/ch/ClickHouse/tmp/probe_campaign_20260729/results/fleet_abba/results.shard2.jsonl -> PASS

=== shard 2 pulls k256:probe.inner_all.S2.T48 ===
sweep: 1 cells planned, 0 already complete (resume via /mnt/ch/ClickHouse/tmp/probe_campaign_20260729/results/fleet_abba/results.shard2.jsonl), 1 to run
=== cell 1/1: k256:probe.inner_all.S2.T48 rows_build=260000 rows_probe=96000000 expected_rows=96000000 threads=48 order=ABBA runs=10(5/dir) warmups=4/block rows_source=calibration-file ===
SKIPPED: AMAC engagement counters absent in system.events (arm=baseline); engagement recorded as null
  block 1/4 ABBA arm A(baseline) dir0: fill 6.8s, runs 0-4, median 497.9ms, block 15.2s
  block 2/4 ABBA arm B(candidate) dir0: fill 6.7s, runs 0-4, median 463.0ms, block 14.9s
  block 3/4 ABBA arm B(candidate) dir1: fill 6.8s, runs 5-9, median 459.7ms, block 14.9s
  block 4/4 ABBA arm A(baseline) dir1: fill 6.8s, runs 5-9, median 496.0ms, block 15.4s
  cell OK (60.5s)
FLEET_AB SWEEP RESULT: cells_run=1 cells_ok=1 cells_failed=0 results=/mnt/ch/ClickHouse/tmp/probe_campaign_20260729/results/fleet_abba/results.shard2.jsonl -> PASS

=== shard 2 pulls key64:probe.semi_anti.S4.T96.anti ===
sweep: 1 cells planned, 0 already complete (resume via /mnt/ch/ClickHouse/tmp/probe_campaign_20260729/results/fleet_abba/results.shard2.jsonl), 1 to run
=== cell 1/1: key64:probe.semi_anti.S4.T96.anti rows_build=96000000 rows_probe=384000000 expected_rows=0 threads=96 order=ABBA runs=10(5/dir) warmups=4/block rows_source=calibration-file ===
SKIPPED: AMAC engagement counters absent in system.events (arm=baseline); engagement recorded as null
  block 1/4 ABBA arm A(baseline) dir0: fill 7.1s, runs 0-4, median 249.6ms, block 15.2s
  block 2/4 ABBA arm B(candidate) dir0: fill 7.1s, runs 0-4, median 350.7ms, block 14.5s
  block 3/4 ABBA arm B(candidate) dir1: fill 7.2s, runs 5-9, median 341.5ms, block 14.5s
  block 4/4 ABBA arm A(baseline) dir1: fill 7.4s, runs 5-9, median 247.6ms, block 15.5s
  cell OK (59.7s)
FLEET_AB SWEEP RESULT: cells_run=1 cells_ok=1 cells_failed=0 results=/mnt/ch/ClickHouse/tmp/probe_campaign_20260729/results/fleet_abba/results.shard2.jsonl -> PASS

=== shard 2 pulls key64:probe.inner_all.S3.T96.statson ===
sweep: 1 cells planned, 0 already complete (resume via /mnt/ch/ClickHouse/tmp/probe_campaign_20260729/results/fleet_abba/results.shard2.jsonl), 1 to run
=== cell 1/1: key64:probe.inner_all.S3.T96.statson rows_build=24000000 rows_probe=192000000 expected_rows=192000000 threads=96 order=ABBA runs=10(5/dir) warmups=4/block rows_source=calibration-file ===
SKIPPED: AMAC engagement counters absent in system.events (arm=baseline); engagement recorded as null
  block 1/4 ABBA arm A(baseline) dir0: fill 6.8s, runs 0-4, median 368.9ms, block 14.6s
  block 2/4 ABBA arm B(candidate) dir0: fill 6.8s, runs 0-4, median 372.7ms, block 14.3s
  block 3/4 ABBA arm B(candidate) dir1: fill 6.8s, runs 5-9, median 370.8ms, block 14.3s
  block 4/4 ABBA arm A(baseline) dir1: fill 7.0s, runs 5-9, median 368.7ms, block 14.8s
  cell OK (57.9s)
FLEET_AB SWEEP RESULT: cells_run=1 cells_ok=1 cells_failed=0 results=/mnt/ch/ClickHouse/tmp/probe_campaign_20260729/results/fleet_abba/results.shard2.jsonl -> PASS

=== shard 2 pulls key64:probe.any.S2.T96 ===
sweep: 1 cells planned, 0 already complete (resume via /mnt/ch/ClickHouse/tmp/probe_campaign_20260729/results/fleet_abba/results.shard2.jsonl), 1 to run
=== cell 1/1: key64:probe.any.S2.T96 rows_build=260000 rows_probe=192000000 expected_rows=192000000 threads=96 order=ABBA runs=10(5/dir) warmups=4/block rows_source=calibration-file ===
SKIPPED: AMAC engagement counters absent in system.events (arm=baseline); engagement recorded as null
  block 1/4 ABBA arm A(baseline) dir0: fill 6.8s, runs 0-4, median 299.6ms, block 13.5s
  block 2/4 ABBA arm B(candidate) dir0: fill 6.8s, runs 0-4, median 288.1ms, block 13.4s
  block 3/4 ABBA arm B(candidate) dir1: fill 6.8s, runs 5-9, median 290.5ms, block 13.4s
  block 4/4 ABBA arm A(baseline) dir1: fill 7.0s, runs 5-9, median 300.1ms, block 13.8s
  cell OK (54.1s)
FLEET_AB SWEEP RESULT: cells_run=1 cells_ok=1 cells_failed=0 results=/mnt/ch/ClickHouse/tmp/probe_campaign_20260729/results/fleet_abba/results.shard2.jsonl -> PASS

=== shard 2 pulls key64:probe.inner_all.S3.T96.h05 ===
sweep: 1 cells planned, 0 already complete (resume via /mnt/ch/ClickHouse/tmp/probe_campaign_20260729/results/fleet_abba/results.shard2.jsonl), 1 to run
=== cell 1/1: key64:probe.inner_all.S3.T96.h05 rows_build=24000000 rows_probe=192000000 expected_rows=9600000 threads=96 order=ABBA runs=10(5/dir) warmups=4/block rows_source=calibration-file ===
SKIPPED: AMAC engagement counters absent in system.events (arm=baseline); engagement recorded as null
  block 1/4 ABBA arm A(baseline) dir0: fill 6.8s, runs 0-4, median 121.6ms, block 12.3s
  block 2/4 ABBA arm B(candidate) dir0: fill 6.8s, runs 0-4, median 131.5ms, block 12.1s
  block 3/4 ABBA arm B(candidate) dir1: fill 6.8s, runs 5-9, median 137.3ms, block 12.1s
  block 4/4 ABBA arm A(baseline) dir1: fill 7.0s, runs 5-9, median 122.9ms, block 12.5s
  CELL FAILED: key64:probe.inner_all.S3.T96.h05: one or more runs INVALID (see invalid_reason in results)
FLEET_AB SWEEP RESULT: cells_run=1 cells_ok=0 cells_failed=1 results=/mnt/ch/ClickHouse/tmp/probe_campaign_20260729/results/fleet_abba/results.shard2.jsonl -> FAIL

=== shard 2 pulls key64:build.inner_all.S3.T96.dup16 ===
sweep: 1 cells planned, 0 already complete (resume via /mnt/ch/ClickHouse/tmp/probe_campaign_20260729/results/fleet_abba/results.shard2.jsonl), 1 to run
=== cell 1/1: key64:build.inner_all.S3.T96.dup16 rows_build=24000000 rows_probe=6000000 expected_rows=96000000 threads=96 order=ABBA runs=10(5/dir) warmups=4/block rows_source=calibration-file ===
SKIPPED: AMAC engagement counters absent in system.events (arm=baseline); engagement recorded as null
  block 1/4 ABBA arm A(baseline) dir0: fill 6.6s, runs 0-4, median 271.7ms, block 13.5s
  block 2/4 ABBA arm B(candidate) dir0: fill 6.7s, runs 0-4, median 287.8ms, block 13.3s
  block 3/4 ABBA arm B(candidate) dir1: fill 6.7s, runs 5-9, median 289.6ms, block 13.3s
  block 4/4 ABBA arm A(baseline) dir1: fill 6.8s, runs 5-9, median 269.8ms, block 13.7s
  cell OK (53.8s)
FLEET_AB SWEEP RESULT: cells_run=1 cells_ok=1 cells_failed=0 results=/mnt/ch/ClickHouse/tmp/probe_campaign_20260729/results/fleet_abba/results.shard2.jsonl -> PASS

=== shard 2 pulls key64:build.inner_all.S3.T96 ===
sweep: 1 cells planned, 0 already complete (resume via /mnt/ch/ClickHouse/tmp/probe_campaign_20260729/results/fleet_abba/results.shard2.jsonl), 1 to run
=== cell 1/1: key64:build.inner_all.S3.T96 rows_build=24000000 rows_probe=6000000 expected_rows=6000000 threads=96 order=ABBA runs=10(5/dir) warmups=4/block rows_source=calibration-file ===
SKIPPED: AMAC engagement counters absent in system.events (arm=baseline); engagement recorded as null
  block 1/4 ABBA arm A(baseline) dir0: fill 6.6s, runs 0-4, median 65.4ms, block 11.7s
  block 2/4 ABBA arm B(candidate) dir0: fill 6.6s, runs 0-4, median 82.9ms, block 11.4s
  block 3/4 ABBA arm B(candidate) dir1: fill 6.6s, runs 5-9, median 86.3ms, block 11.5s
  block 4/4 ABBA arm A(baseline) dir1: fill 6.6s, runs 5-9, median 65.6ms, block 11.6s
  CELL FAILED: key64:build.inner_all.S3.T96: one or more runs INVALID (see invalid_reason in results)
FLEET_AB SWEEP RESULT: cells_run=1 cells_ok=0 cells_failed=1 results=/mnt/ch/ClickHouse/tmp/probe_campaign_20260729/results/fleet_abba/results.shard2.jsonl -> FAIL

=== shard 2 pulls key64:probe.inner_all.S2.T1 ===
sweep: 1 cells planned, 0 already complete (resume via /mnt/ch/ClickHouse/tmp/probe_campaign_20260729/results/fleet_abba/results.shard2.jsonl), 1 to run
=== cell 1/1: key64:probe.inner_all.S2.T1 rows_build=260000 rows_probe=2000000 expected_rows=2000000 threads=1 order=ABBA runs=10(5/dir) warmups=4/block rows_source=calibration-file ===
SKIPPED: AMAC engagement counters absent in system.events (arm=baseline); engagement recorded as null
  block 1/4 ABBA arm A(baseline) dir0: fill 6.6s, runs 0-4, median 212.9ms, block 12.5s
  block 2/4 ABBA arm B(candidate) dir0: fill 6.6s, runs 0-4, median 227.4ms, block 12.7s
  block 3/4 ABBA arm B(candidate) dir1: fill 6.6s, runs 5-9, median 228.3ms, block 12.7s
  block 4/4 ABBA arm A(baseline) dir1: fill 6.6s, runs 5-9, median 213.5ms, block 12.5s
  cell OK (50.5s)
FLEET_AB SWEEP RESULT: cells_run=1 cells_ok=1 cells_failed=0 results=/mnt/ch/ClickHouse/tmp/probe_campaign_20260729/results/fleet_abba/results.shard2.jsonl -> PASS
