
=== shard 6 pulls key64:probe.inner_all.S5.T96 ===
sweep: 1 cells planned, 0 already complete (resume via /mnt/ch/ClickHouse/tmp/probe_campaign_20260729/results/fleet_abba/results.shard6.jsonl), 1 to run
=== cell 1/1: key64:probe.inner_all.S5.T96 rows_build=384000000 rows_probe=1536000000 expected_rows=1536000000 threads=96 order=ABBA runs=10(5/dir) warmups=4/block rows_source=calibration-file ===
SKIPPED: AMAC engagement counters absent in system.events (arm=baseline); engagement recorded as null
  block 1/4 ABBA arm A(baseline) dir0: fill 8.3s, runs 0-4, median 3213.7ms, block 49.2s
  block 2/4 ABBA arm B(candidate) dir0: fill 9.5s, runs 0-4, median 3360.8ms, block 45.2s
  block 3/4 ABBA arm B(candidate) dir1: fill 9.0s, runs 5-9, median 3542.9ms, block 45.9s
  block 4/4 ABBA arm A(baseline) dir1: fill 10.2s, runs 5-9, median 3247.7ms, block 51.6s
  cell OK (191.9s)
FLEET_AB SWEEP RESULT: cells_run=1 cells_ok=1 cells_failed=0 results=/mnt/ch/ClickHouse/tmp/probe_campaign_20260729/results/fleet_abba/results.shard6.jsonl -> PASS

=== shard 6 pulls str:probe.inner_all.S4.T96 ===
sweep: 1 cells planned, 0 already complete (resume via /mnt/ch/ClickHouse/tmp/probe_campaign_20260729/results/fleet_abba/results.shard6.jsonl), 1 to run
=== cell 1/1: str:probe.inner_all.S4.T96 rows_build=48000000 rows_probe=192000000 expected_rows=192000000 threads=96 order=ABBA runs=10(5/dir) warmups=4/block rows_source=calibration-file ===
SKIPPED: AMAC engagement counters absent in system.events (arm=baseline); engagement recorded as null
  block 1/4 ABBA arm A(baseline) dir0: fill 6.9s, runs 0-4, median 470.2ms, block 16.0s
  block 2/4 ABBA arm B(candidate) dir0: fill 6.9s, runs 0-4, median 409.5ms, block 14.8s
  block 3/4 ABBA arm B(candidate) dir1: fill 7.0s, runs 5-9, median 418.5ms, block 15.2s
  block 4/4 ABBA arm A(baseline) dir1: fill 6.9s, runs 5-9, median 469.6ms, block 16.0s
  cell OK (62.1s)
FLEET_AB SWEEP RESULT: cells_run=1 cells_ok=1 cells_failed=0 results=/mnt/ch/ClickHouse/tmp/probe_campaign_20260729/results/fleet_abba/results.shard6.jsonl -> PASS

=== shard 6 pulls str:probe.rf_all.S4.T96 ===
sweep: 1 cells planned, 0 already complete (resume via /mnt/ch/ClickHouse/tmp/probe_campaign_20260729/results/fleet_abba/results.shard6.jsonl), 1 to run
=== cell 1/1: str:probe.rf_all.S4.T96 rows_build=48000000 rows_probe=192000000 expected_rows=192000000 threads=96 order=ABBA runs=10(5/dir) warmups=4/block rows_source=calibration-file ===
SKIPPED: AMAC engagement counters absent in system.events (arm=baseline); engagement recorded as null
  block 1/4 ABBA arm A(baseline) dir0: fill 6.8s, runs 0-4, median 3000.9ms, block 39.2s
  block 2/4 ABBA arm B(candidate) dir0: fill 7.2s, runs 0-4, median 722.7ms, block 18.4s
  block 3/4 ABBA arm B(candidate) dir1: fill 7.0s, runs 5-9, median 728.7ms, block 18.2s
  block 4/4 ABBA arm A(baseline) dir1: fill 7.1s, runs 5-9, median 2974.3ms, block 39.5s
  cell OK (115.3s)
FLEET_AB SWEEP RESULT: cells_run=1 cells_ok=1 cells_failed=0 results=/mnt/ch/ClickHouse/tmp/probe_campaign_20260729/results/fleet_abba/results.shard6.jsonl -> PASS

=== shard 6 pulls k256:probe.inner_all.S1.T96 ===
sweep: 1 cells planned, 0 already complete (resume via /mnt/ch/ClickHouse/tmp/probe_campaign_20260729/results/fleet_abba/results.shard6.jsonl), 1 to run
=== cell 1/1: k256:probe.inner_all.S1.T96 rows_build=24000 rows_probe=192000000 expected_rows=192000000 threads=96 order=ABBA runs=10(5/dir) warmups=4/block rows_source=calibration-file ===
SKIPPED: AMAC engagement counters absent in system.events (arm=baseline); engagement recorded as null
  block 1/4 ABBA arm A(baseline) dir0: fill 6.8s, runs 0-4, median 555.3ms, block 15.7s
  block 2/4 ABBA arm B(candidate) dir0: fill 6.8s, runs 0-4, median 516.8ms, block 15.4s
  block 3/4 ABBA arm B(candidate) dir1: fill 7.0s, runs 5-9, median 521.4ms, block 15.6s
  block 4/4 ABBA arm A(baseline) dir1: fill 6.8s, runs 5-9, median 550.8ms, block 15.7s
  cell OK (62.4s)
FLEET_AB SWEEP RESULT: cells_run=1 cells_ok=1 cells_failed=0 results=/mnt/ch/ClickHouse/tmp/probe_campaign_20260729/results/fleet_abba/results.shard6.jsonl -> PASS

=== shard 6 pulls str:probe.any.S2.T96 ===
sweep: 1 cells planned, 0 already complete (resume via /mnt/ch/ClickHouse/tmp/probe_campaign_20260729/results/fleet_abba/results.shard6.jsonl), 1 to run
=== cell 1/1: str:probe.any.S2.T96 rows_build=260000 rows_probe=192000000 expected_rows=192000000 threads=96 order=ABBA runs=10(5/dir) warmups=4/block rows_source=calibration-file ===
SKIPPED: AMAC engagement counters absent in system.events (arm=baseline); engagement recorded as null
  block 1/4 ABBA arm A(baseline) dir0: fill 6.7s, runs 0-4, median 326.2ms, block 13.6s
  block 2/4 ABBA arm B(candidate) dir0: fill 6.8s, runs 0-4, median 270.1ms, block 13.3s
  block 3/4 ABBA arm B(candidate) dir1: fill 6.8s, runs 5-9, median 271.6ms, block 13.1s
  block 4/4 ABBA arm A(baseline) dir1: fill 6.8s, runs 5-9, median 322.4ms, block 13.6s
  cell OK (53.6s)
FLEET_AB SWEEP RESULT: cells_run=1 cells_ok=1 cells_failed=0 results=/mnt/ch/ClickHouse/tmp/probe_campaign_20260729/results/fleet_abba/results.shard6.jsonl -> PASS

=== shard 6 pulls key64:probe.inner_all.S4.T96 ===
sweep: 1 cells planned, 0 already complete (resume via /mnt/ch/ClickHouse/tmp/probe_campaign_20260729/results/fleet_abba/results.shard6.jsonl), 1 to run
=== cell 1/1: key64:probe.inner_all.S4.T96 rows_build=96000000 rows_probe=384000000 expected_rows=384000000 threads=96 order=ABBA runs=10(5/dir) warmups=4/block rows_source=calibration-file ===
SKIPPED: AMAC engagement counters absent in system.events (arm=baseline); engagement recorded as null
  block 1/4 ABBA arm A(baseline) dir0: fill 7.0s, runs 0-4, median 795.6ms, block 19.9s
  block 2/4 ABBA arm B(candidate) dir0: fill 7.1s, runs 0-4, median 840.5ms, block 18.8s
  block 3/4 ABBA arm B(candidate) dir1: fill 7.0s, runs 5-9, median 852.4ms, block 18.8s
  block 4/4 ABBA arm A(baseline) dir1: fill 7.0s, runs 5-9, median 797.3ms, block 20.0s
  cell OK (77.5s)
FLEET_AB SWEEP RESULT: cells_run=1 cells_ok=1 cells_failed=0 results=/mnt/ch/ClickHouse/tmp/probe_campaign_20260729/results/fleet_abba/results.shard6.jsonl -> PASS

=== shard 6 pulls key64:probe.any.S4.T96 ===
sweep: 1 cells planned, 0 already complete (resume via /mnt/ch/ClickHouse/tmp/probe_campaign_20260729/results/fleet_abba/results.shard6.jsonl), 1 to run
=== cell 1/1: key64:probe.any.S4.T96 rows_build=96000000 rows_probe=384000000 expected_rows=384000000 threads=96 order=ABBA runs=10(5/dir) warmups=4/block rows_source=calibration-file ===
SKIPPED: AMAC engagement counters absent in system.events (arm=baseline); engagement recorded as null
  block 1/4 ABBA arm A(baseline) dir0: fill 7.1s, runs 0-4, median 812.4ms, block 20.2s
  block 2/4 ABBA arm B(candidate) dir0: fill 7.0s, runs 0-4, median 819.6ms, block 18.5s
  block 3/4 ABBA arm B(candidate) dir1: fill 7.0s, runs 5-9, median 830.5ms, block 18.7s
  block 4/4 ABBA arm A(baseline) dir1: fill 7.1s, runs 5-9, median 822.9ms, block 20.2s
  cell OK (77.7s)
FLEET_AB SWEEP RESULT: cells_run=1 cells_ok=1 cells_failed=0 results=/mnt/ch/ClickHouse/tmp/probe_campaign_20260729/results/fleet_abba/results.shard6.jsonl -> PASS

=== shard 6 pulls mixed:build.inner_all.S5.T96 ===
sweep: 1 cells planned, 0 already complete (resume via /mnt/ch/ClickHouse/tmp/probe_campaign_20260729/results/fleet_abba/results.shard6.jsonl), 1 to run
=== cell 1/1: mixed:build.inner_all.S5.T96 rows_build=192000000 rows_probe=48000000 expected_rows=48000000 threads=96 order=ABBA runs=10(5/dir) warmups=4/block rows_source=calibration-file ===
SKIPPED: AMAC engagement counters absent in system.events (arm=baseline); engagement recorded as null
  block 1/4 ABBA arm A(baseline) dir0: fill 6.9s, runs 0-4, median 956.1ms, block 23.3s
  block 2/4 ABBA arm B(candidate) dir0: fill 7.1s, runs 0-4, median 858.0ms, block 20.5s
  block 3/4 ABBA arm B(candidate) dir1: fill 7.2s, runs 5-9, median 855.8ms, block 20.6s
  block 4/4 ABBA arm A(baseline) dir1: fill 7.1s, runs 5-9, median 965.9ms, block 23.7s
  cell OK (88.1s)
FLEET_AB SWEEP RESULT: cells_run=1 cells_ok=1 cells_failed=0 results=/mnt/ch/ClickHouse/tmp/probe_campaign_20260729/results/fleet_abba/results.shard6.jsonl -> PASS

=== shard 6 pulls fixstr:probe.inner_all.S2.T96 ===
sweep: 1 cells planned, 0 already complete (resume via /mnt/ch/ClickHouse/tmp/probe_campaign_20260729/results/fleet_abba/results.shard6.jsonl), 1 to run
=== cell 1/1: fixstr:probe.inner_all.S2.T96 rows_build=260000 rows_probe=192000000 expected_rows=192000000 threads=96 order=ABBA runs=10(5/dir) warmups=4/block rows_source=calibration-file ===
SKIPPED: AMAC engagement counters absent in system.events (arm=baseline); engagement recorded as null
  block 1/4 ABBA arm A(baseline) dir0: fill 7.0s, runs 0-4, median 297.7ms, block 13.6s
  block 2/4 ABBA arm B(candidate) dir0: fill 6.8s, runs 0-4, median 302.1ms, block 13.4s
  block 3/4 ABBA arm B(candidate) dir1: fill 6.8s, runs 5-9, median 302.1ms, block 13.4s
  block 4/4 ABBA arm A(baseline) dir1: fill 6.8s, runs 5-9, median 303.1ms, block 13.4s
  cell OK (53.8s)
FLEET_AB SWEEP RESULT: cells_run=1 cells_ok=1 cells_failed=0 results=/mnt/ch/ClickHouse/tmp/probe_campaign_20260729/results/fleet_abba/results.shard6.jsonl -> PASS

=== shard 6 pulls str:probe.inner_all.S3.T96.h05 ===
sweep: 1 cells planned, 0 already complete (resume via /mnt/ch/ClickHouse/tmp/probe_campaign_20260729/results/fleet_abba/results.shard6.jsonl), 1 to run
=== cell 1/1: str:probe.inner_all.S3.T96.h05 rows_build=12000000 rows_probe=192000000 expected_rows=9600000 threads=96 order=ABBA runs=10(5/dir) warmups=4/block rows_source=calibration-file ===
SKIPPED: AMAC engagement counters absent in system.events (arm=baseline); engagement recorded as null
  block 1/4 ABBA arm A(baseline) dir0: fill 7.0s, runs 0-4, median 158.0ms, block 12.6s
  block 2/4 ABBA arm B(candidate) dir0: fill 6.8s, runs 0-4, median 122.0ms, block 11.9s
  block 3/4 ABBA arm B(candidate) dir1: fill 6.8s, runs 5-9, median 122.1ms, block 11.8s
  block 4/4 ABBA arm A(baseline) dir1: fill 6.8s, runs 5-9, median 157.0ms, block 12.3s
  CELL FAILED: str:probe.inner_all.S3.T96.h05: one or more runs INVALID (see invalid_reason in results)
FLEET_AB SWEEP RESULT: cells_run=1 cells_ok=0 cells_failed=1 results=/mnt/ch/ClickHouse/tmp/probe_campaign_20260729/results/fleet_abba/results.shard6.jsonl -> FAIL

=== shard 6 pulls str:probe.semi_anti.S2.T96.anti ===
sweep: 1 cells planned, 0 already complete (resume via /mnt/ch/ClickHouse/tmp/probe_campaign_20260729/results/fleet_abba/results.shard6.jsonl), 1 to run
=== cell 1/1: str:probe.semi_anti.S2.T96.anti rows_build=260000 rows_probe=192000000 expected_rows=0 threads=96 order=ABBA runs=10(5/dir) warmups=4/block rows_source=calibration-file ===
SKIPPED: AMAC engagement counters absent in system.events (arm=baseline); engagement recorded as null
  block 1/4 ABBA arm A(baseline) dir0: fill 6.8s, runs 0-4, median 65.9ms, block 11.5s
  block 2/4 ABBA arm B(candidate) dir0: fill 6.7s, runs 0-4, median 58.3ms, block 11.2s
  block 3/4 ABBA arm B(candidate) dir1: fill 6.7s, runs 5-9, median 57.9ms, block 11.1s
  block 4/4 ABBA arm A(baseline) dir1: fill 6.8s, runs 5-9, median 64.8ms, block 11.3s
  CELL FAILED: str:probe.semi_anti.S2.T96.anti: one or more runs INVALID (see invalid_reason in results)
FLEET_AB SWEEP RESULT: cells_run=1 cells_ok=0 cells_failed=1 results=/mnt/ch/ClickHouse/tmp/probe_campaign_20260729/results/fleet_abba/results.shard6.jsonl -> FAIL

=== shard 6 pulls key64:probe.inner_all.S3.T96 ===
sweep: 1 cells planned, 0 already complete (resume via /mnt/ch/ClickHouse/tmp/probe_campaign_20260729/results/fleet_abba/results.shard6.jsonl), 1 to run
=== cell 1/1: key64:probe.inner_all.S3.T96 rows_build=24000000 rows_probe=192000000 expected_rows=192000000 threads=96 order=ABBA runs=10(5/dir) warmups=4/block rows_source=calibration-file ===
SKIPPED: AMAC engagement counters absent in system.events (arm=baseline); engagement recorded as null
  block 1/4 ABBA arm A(baseline) dir0: fill 6.7s, runs 0-4, median 368.9ms, block 14.3s
  block 2/4 ABBA arm B(candidate) dir0: fill 6.9s, runs 0-4, median 375.3ms, block 14.2s
  block 3/4 ABBA arm B(candidate) dir1: fill 6.7s, runs 5-9, median 374.1ms, block 14.0s
  block 4/4 ABBA arm A(baseline) dir1: fill 6.7s, runs 5-9, median 367.7ms, block 14.3s
  cell OK (56.8s)
FLEET_AB SWEEP RESULT: cells_run=1 cells_ok=1 cells_failed=0 results=/mnt/ch/ClickHouse/tmp/probe_campaign_20260729/results/fleet_abba/results.shard6.jsonl -> PASS

=== shard 6 pulls key64:probe.left_all.S2.T96 ===
sweep: 1 cells planned, 0 already complete (resume via /mnt/ch/ClickHouse/tmp/probe_campaign_20260729/results/fleet_abba/results.shard6.jsonl), 1 to run
=== cell 1/1: key64:probe.left_all.S2.T96 rows_build=260000 rows_probe=192000000 expected_rows=192000000 threads=96 order=ABBA runs=10(5/dir) warmups=4/block rows_source=calibration-file ===
SKIPPED: AMAC engagement counters absent in system.events (arm=baseline); engagement recorded as null
  block 1/4 ABBA arm A(baseline) dir0: fill 6.6s, runs 0-4, median 303.9ms, block 13.3s
  block 2/4 ABBA arm B(candidate) dir0: fill 6.9s, runs 0-4, median 303.1ms, block 13.5s
  block 3/4 ABBA arm B(candidate) dir1: fill 6.6s, runs 5-9, median 299.7ms, block 13.3s
  block 4/4 ABBA arm A(baseline) dir1: fill 6.6s, runs 5-9, median 304.4ms, block 13.3s
  cell OK (53.4s)
FLEET_AB SWEEP RESULT: cells_run=1 cells_ok=1 cells_failed=0 results=/mnt/ch/ClickHouse/tmp/probe_campaign_20260729/results/fleet_abba/results.shard6.jsonl -> PASS

=== shard 6 pulls key64:probe.inner_all.S1.T96 ===
sweep: 1 cells planned, 0 already complete (resume via /mnt/ch/ClickHouse/tmp/probe_campaign_20260729/results/fleet_abba/results.shard6.jsonl), 1 to run
=== cell 1/1: key64:probe.inner_all.S1.T96 rows_build=24000 rows_probe=192000000 expected_rows=192000000 threads=96 order=ABBA runs=10(5/dir) warmups=4/block rows_source=calibration-file ===
SKIPPED: AMAC engagement counters absent in system.events (arm=baseline); engagement recorded as null
  block 1/4 ABBA arm A(baseline) dir0: fill 6.6s, runs 0-4, median 279.8ms, block 13.1s
  block 2/4 ABBA arm B(candidate) dir0: fill 6.8s, runs 0-4, median 285.7ms, block 13.3s
  block 3/4 ABBA arm B(candidate) dir1: fill 6.6s, runs 5-9, median 283.5ms, block 13.1s
  block 4/4 ABBA arm A(baseline) dir1: fill 6.7s, runs 5-9, median 277.8ms, block 13.1s
  cell OK (52.6s)
FLEET_AB SWEEP RESULT: cells_run=1 cells_ok=1 cells_failed=0 results=/mnt/ch/ClickHouse/tmp/probe_campaign_20260729/results/fleet_abba/results.shard6.jsonl -> PASS

=== shard 6 pulls key64:probe.semi_anti.S2.T96.anti ===
sweep: 1 cells planned, 0 already complete (resume via /mnt/ch/ClickHouse/tmp/probe_campaign_20260729/results/fleet_abba/results.shard6.jsonl), 1 to run
=== cell 1/1: key64:probe.semi_anti.S2.T96.anti rows_build=260000 rows_probe=192000000 expected_rows=0 threads=96 order=ABBA runs=10(5/dir) warmups=4/block rows_source=calibration-file ===
SKIPPED: AMAC engagement counters absent in system.events (arm=baseline); engagement recorded as null
  block 1/4 ABBA arm A(baseline) dir0: fill 6.6s, runs 0-4, median 35.8ms, block 10.9s
  block 2/4 ABBA arm B(candidate) dir0: fill 6.6s, runs 0-4, median 41.0ms, block 11.1s
  block 3/4 ABBA arm B(candidate) dir1: fill 6.6s, runs 5-9, median 42.1ms, block 10.9s
  block 4/4 ABBA arm A(baseline) dir1: fill 6.7s, runs 5-9, median 36.9ms, block 10.9s
  CELL FAILED: key64:probe.semi_anti.S2.T96.anti: one or more runs INVALID (see invalid_reason in results)
FLEET_AB SWEEP RESULT: cells_run=1 cells_ok=0 cells_failed=1 results=/mnt/ch/ClickHouse/tmp/probe_campaign_20260729/results/fleet_abba/results.shard6.jsonl -> FAIL

=== shard 6 pulls key64:build.left_all.S3.T96.dup16 ===
sweep: 1 cells planned, 0 already complete (resume via /mnt/ch/ClickHouse/tmp/probe_campaign_20260729/results/fleet_abba/results.shard6.jsonl), 1 to run
=== cell 1/1: key64:build.left_all.S3.T96.dup16 rows_build=24000000 rows_probe=6000000 expected_rows=96000000 threads=96 order=ABBA runs=10(5/dir) warmups=4/block rows_source=calibration-file ===
SKIPPED: AMAC engagement counters absent in system.events (arm=baseline); engagement recorded as null
  block 1/4 ABBA arm A(baseline) dir0: fill 6.5s, runs 0-4, median 267.9ms, block 13.1s
  block 2/4 ABBA arm B(candidate) dir0: fill 6.5s, runs 0-4, median 288.9ms, block 13.0s
  block 3/4 ABBA arm B(candidate) dir1: fill 6.6s, runs 5-9, median 286.5ms, block 13.2s
  block 4/4 ABBA arm A(baseline) dir1: fill 6.5s, runs 5-9, median 270.3ms, block 13.3s
  cell OK (52.6s)
FLEET_AB SWEEP RESULT: cells_run=1 cells_ok=1 cells_failed=0 results=/mnt/ch/ClickHouse/tmp/probe_campaign_20260729/results/fleet_abba/results.shard6.jsonl -> PASS

=== shard 6 pulls key64:build.inner_all.S3.T96.statson ===
sweep: 1 cells planned, 0 already complete (resume via /mnt/ch/ClickHouse/tmp/probe_campaign_20260729/results/fleet_abba/results.shard6.jsonl), 1 to run
=== cell 1/1: key64:build.inner_all.S3.T96.statson rows_build=24000000 rows_probe=6000000 expected_rows=6000000 threads=96 order=ABBA runs=10(5/dir) warmups=4/block rows_source=calibration-file ===
SKIPPED: AMAC engagement counters absent in system.events (arm=baseline); engagement recorded as null
  block 1/4 ABBA arm A(baseline) dir0: fill 6.4s, runs 0-4, median 65.2ms, block 11.3s
  block 2/4 ABBA arm B(candidate) dir0: fill 6.5s, runs 0-4, median 83.8ms, block 11.2s
  block 3/4 ABBA arm B(candidate) dir1: fill 6.5s, runs 5-9, median 85.3ms, block 11.4s
  block 4/4 ABBA arm A(baseline) dir1: fill 6.5s, runs 5-9, median 64.2ms, block 11.4s
  CELL FAILED: key64:build.inner_all.S3.T96.statson: one or more runs INVALID (see invalid_reason in results)
FLEET_AB SWEEP RESULT: cells_run=1 cells_ok=0 cells_failed=1 results=/mnt/ch/ClickHouse/tmp/probe_campaign_20260729/results/fleet_abba/results.shard6.jsonl -> FAIL

=== shard 6 pulls mixed:build.inner_all.S2.T96 ===
sweep: 1 cells planned, 0 already complete (resume via /mnt/ch/ClickHouse/tmp/probe_campaign_20260729/results/fleet_abba/results.shard6.jsonl), 1 to run
=== cell 1/1: mixed:build.inner_all.S2.T96 rows_build=260000 rows_probe=65000 expected_rows=65000 threads=96 order=ABBA runs=10(5/dir) warmups=4/block rows_source=calibration-file ===
SKIPPED: AMAC engagement counters absent in system.events (arm=baseline); engagement recorded as null
  block 1/4 ABBA arm A(baseline) dir0: fill 6.5s, runs 0-4, median 38.2ms, block 10.7s
  block 2/4 ABBA arm B(candidate) dir0: fill 6.5s, runs 0-4, median 38.1ms, block 10.7s
  block 3/4 ABBA arm B(candidate) dir1: fill 6.4s, runs 5-9, median 36.6ms, block 10.7s
  block 4/4 ABBA arm A(baseline) dir1: fill 6.5s, runs 5-9, median 38.6ms, block 10.9s
  CELL FAILED: mixed:build.inner_all.S2.T96: one or more runs INVALID (see invalid_reason in results)
FLEET_AB SWEEP RESULT: cells_run=1 cells_ok=0 cells_failed=1 results=/mnt/ch/ClickHouse/tmp/probe_campaign_20260729/results/fleet_abba/results.shard6.jsonl -> FAIL
