2026-07-16T03:34:17 shape A: oracles at T96
2026-07-16T03:34:30 cell A_T96: 9 pairs, timeout 900s
2026-07-16T03:34:37   A_T96 pair 0 arm A: wall 1.324s (session 6.9s)
2026-07-16T03:34:44   A_T96 pair 0 arm B: wall 1.347s (session 7.1s)
2026-07-16T03:34:52   A_T96 pair 1 arm B: wall 1.367s (session 7.1s)
2026-07-16T03:34:58   A_T96 pair 1 arm A: wall 1.349s (session 6.9s)
2026-07-16T03:35:05   A_T96 pair 2 arm A: wall 1.355s (session 7.1s)
2026-07-16T03:35:12   A_T96 pair 2 arm B: wall 1.332s (session 6.8s)
2026-07-16T03:35:19   A_T96 pair 3 arm B: wall 1.329s (session 6.9s)
2026-07-16T03:35:26   A_T96 pair 3 arm A: wall 1.338s (session 7.0s)
2026-07-16T03:35:33   A_T96 pair 4 arm A: wall 1.342s (session 7.1s)
2026-07-16T03:35:40   A_T96 pair 4 arm B: wall 1.326s (session 6.9s)
2026-07-16T03:35:47   A_T96 pair 5 arm B: wall 1.343s (session 7.1s)
2026-07-16T03:35:54   A_T96 pair 5 arm A: wall 1.339s (session 7.0s)
2026-07-16T03:36:01   A_T96 pair 6 arm A: wall 1.330s (session 7.0s)
2026-07-16T03:36:08   A_T96 pair 6 arm B: wall 1.345s (session 7.0s)
2026-07-16T03:36:15   A_T96 pair 7 arm B: wall 1.321s (session 6.8s)
2026-07-16T03:36:22   A_T96 pair 7 arm A: wall 1.348s (session 7.0s)
2026-07-16T03:36:29   A_T96 pair 8 arm A: wall 1.356s (session 7.0s)
2026-07-16T03:36:36   A_T96 pair 8 arm B: wall 1.348s (session 7.0s)
2026-07-16T03:36:36 cell A_T64: 9 pairs, timeout 900s
2026-07-16T03:36:43   A_T64 pair 0 arm A: wall 1.363s (session 7.2s)
2026-07-16T03:36:51   A_T64 pair 0 arm B: wall 1.386s (session 7.3s)
2026-07-16T03:36:58   A_T64 pair 1 arm B: wall 1.375s (session 7.3s)
2026-07-16T03:37:05   A_T64 pair 1 arm A: wall 1.357s (session 7.2s)
2026-07-16T03:37:12   A_T64 pair 2 arm A: wall 1.362s (session 7.1s)
2026-07-16T03:37:19   A_T64 pair 2 arm B: wall 1.358s (session 7.3s)
2026-07-16T03:37:27   A_T64 pair 3 arm B: wall 1.336s (session 7.1s)
2026-07-16T03:37:34   A_T64 pair 3 arm A: wall 1.378s (session 7.2s)
2026-07-16T03:37:41   A_T64 pair 4 arm A: wall 1.358s (session 7.3s)
2026-07-16T03:37:48   A_T64 pair 4 arm B: wall 1.370s (session 7.2s)
2026-07-16T03:37:55   A_T64 pair 5 arm B: wall 1.344s (session 7.1s)
2026-07-16T03:38:03   A_T64 pair 5 arm A: wall 1.371s (session 7.2s)
2026-07-16T03:38:10   A_T64 pair 6 arm A: wall 1.338s (session 7.0s)
2026-07-16T03:38:17   A_T64 pair 6 arm B: wall 1.369s (session 7.2s)
2026-07-16T03:38:24   A_T64 pair 7 arm B: wall 1.367s (session 7.1s)
2026-07-16T03:38:31   A_T64 pair 7 arm A: wall 1.388s (session 7.3s)
2026-07-16T03:38:38   A_T64 pair 8 arm A: wall 1.381s (session 7.2s)
2026-07-16T03:38:46   A_T64 pair 8 arm B: wall 1.371s (session 7.2s)
2026-07-16T03:38:46 cell A_T32: 5 pairs, timeout 900s
2026-07-16T03:38:54   A_T32 pair 0 arm A: wall 2.166s (session 8.3s)
2026-07-16T03:39:02   A_T32 pair 0 arm B: wall 2.137s (session 8.2s)
2026-07-16T03:39:10   A_T32 pair 1 arm B: wall 2.200s (session 8.3s)
2026-07-16T03:39:19   A_T32 pair 1 arm A: wall 2.177s (session 8.4s)
2026-07-16T03:39:27   A_T32 pair 2 arm A: wall 2.210s (session 8.4s)
2026-07-16T03:39:36   A_T32 pair 2 arm B: wall 2.170s (session 8.3s)
2026-07-16T03:39:44   A_T32 pair 3 arm B: wall 2.169s (session 8.3s)
2026-07-16T03:39:52   A_T32 pair 3 arm A: wall 2.246s (session 8.2s)
2026-07-16T03:40:00   A_T32 pair 4 arm A: wall 2.215s (session 8.3s)
2026-07-16T03:40:09   A_T32 pair 4 arm B: wall 2.182s (session 8.2s)
2026-07-16T03:40:09 cell A_T16: 5 pairs, timeout 900s
2026-07-16T03:40:18   A_T16 pair 0 arm A: wall 3.273s (session 9.7s)
2026-07-16T03:40:28   A_T16 pair 0 arm B: wall 3.269s (session 9.7s)
2026-07-16T03:40:38   A_T16 pair 1 arm B: wall 3.277s (session 9.7s)
2026-07-16T03:40:47   A_T16 pair 1 arm A: wall 3.272s (session 9.7s)
2026-07-16T03:40:57   A_T16 pair 2 arm A: wall 3.295s (session 9.7s)
2026-07-16T03:41:07   A_T16 pair 2 arm B: wall 3.292s (session 9.7s)
2026-07-16T03:41:17   A_T16 pair 3 arm B: wall 3.286s (session 9.7s)
2026-07-16T03:41:26   A_T16 pair 3 arm A: wall 3.323s (session 9.9s)
2026-07-16T03:41:36   A_T16 pair 4 arm A: wall 3.302s (session 9.7s)
2026-07-16T03:41:46   A_T16 pair 4 arm B: wall 3.339s (session 9.8s)
2026-07-16T03:41:46 cell A_T1: 5 pairs, timeout 2400s
2026-07-16T03:43:52   A_T1 pair 0 arm A: wall 61.669s (session 126.5s)
2026-07-16T03:45:59   A_T1 pair 0 arm B: wall 61.688s (session 126.9s)
2026-07-16T03:48:07   A_T1 pair 1 arm B: wall 61.891s (session 127.8s)
2026-07-16T03:50:14   A_T1 pair 1 arm A: wall 61.156s (session 126.4s)
2026-07-16T03:52:20   A_T1 pair 2 arm A: wall 61.829s (session 126.7s)
2026-07-16T03:54:27   A_T1 pair 2 arm B: wall 61.515s (session 126.8s)
2026-07-16T03:56:34   A_T1 pair 3 arm B: wall 61.327s (session 126.6s)
2026-07-16T03:58:40   A_T1 pair 3 arm A: wall 61.392s (session 126.5s)
2026-07-16T04:00:47   A_T1 pair 4 arm A: wall 62.337s (session 127.2s)
2026-07-16T04:02:54   A_T1 pair 4 arm B: wall 61.744s (session 127.1s)
2026-07-16T04:02:55 shape C: oracles at T96
2026-07-16T04:03:39 cell C_T96: 9 pairs, timeout 900s
2026-07-16T04:04:03   C_T96 pair 0 arm A: wall 7.768s (session 23.3s)
2026-07-16T04:04:26   C_T96 pair 0 arm B: wall 7.825s (session 23.3s)
2026-07-16T04:04:49   C_T96 pair 1 arm B: wall 7.834s (session 23.3s)
2026-07-16T04:05:12   C_T96 pair 1 arm A: wall 7.784s (session 23.2s)
2026-07-16T04:05:36   C_T96 pair 2 arm A: wall 7.932s (session 23.7s)
2026-07-16T04:05:59   C_T96 pair 2 arm B: wall 7.776s (session 23.2s)
2026-07-16T04:06:22   C_T96 pair 3 arm B: wall 7.828s (session 23.2s)
2026-07-16T04:06:46   C_T96 pair 3 arm A: wall 7.835s (session 23.6s)
2026-07-16T04:07:09   C_T96 pair 4 arm A: wall 7.846s (session 23.2s)
2026-07-16T04:07:33   C_T96 pair 4 arm B: wall 7.836s (session 23.4s)
2026-07-16T04:07:56   C_T96 pair 5 arm B: wall 7.921s (session 23.4s)
2026-07-16T04:08:19   C_T96 pair 5 arm A: wall 7.882s (session 23.3s)
2026-07-16T04:08:42   C_T96 pair 6 arm A: wall 7.754s (session 23.0s)
2026-07-16T04:09:06   C_T96 pair 6 arm B: wall 7.943s (session 23.6s)
2026-07-16T04:09:30   C_T96 pair 7 arm B: wall 7.898s (session 23.5s)
2026-07-16T04:09:53   C_T96 pair 7 arm A: wall 7.878s (session 23.5s)
2026-07-16T04:10:16   C_T96 pair 8 arm A: wall 7.836s (session 23.4s)
2026-07-16T04:10:40   C_T96 pair 8 arm B: wall 7.799s (session 23.3s)
2026-07-16T04:10:40 cell C_T64: 9 pairs, timeout 900s
2026-07-16T04:11:03   C_T64 pair 0 arm A: wall 7.902s (session 23.5s)
2026-07-16T04:11:27   C_T64 pair 0 arm B: wall 7.941s (session 23.7s)
2026-07-16T04:11:51   C_T64 pair 1 arm B: wall 7.892s (session 23.8s)
2026-07-16T04:12:14   C_T64 pair 1 arm A: wall 7.938s (session 23.6s)
2026-07-16T04:12:38   C_T64 pair 2 arm A: wall 7.891s (session 23.9s)
2026-07-16T04:13:02   C_T64 pair 2 arm B: wall 7.882s (session 23.6s)
2026-07-16T04:13:26   C_T64 pair 3 arm B: wall 8.076s (session 24.0s)
2026-07-16T04:13:50   C_T64 pair 3 arm A: wall 8.035s (session 24.0s)
2026-07-16T04:14:14   C_T64 pair 4 arm A: wall 7.881s (session 23.8s)
2026-07-16T04:14:37   C_T64 pair 4 arm B: wall 7.794s (session 23.4s)
2026-07-16T04:15:01   C_T64 pair 5 arm B: wall 8.055s (session 23.8s)
2026-07-16T04:15:25   C_T64 pair 5 arm A: wall 7.955s (session 24.1s)
2026-07-16T04:15:49   C_T64 pair 6 arm A: wall 7.986s (session 23.9s)
2026-07-16T04:16:13   C_T64 pair 6 arm B: wall 8.018s (session 23.9s)
2026-07-16T04:16:37   C_T64 pair 7 arm B: wall 7.911s (session 23.7s)
2026-07-16T04:17:00   C_T64 pair 7 arm A: wall 7.929s (session 23.7s)
2026-07-16T04:17:24   C_T64 pair 8 arm A: wall 7.962s (session 23.8s)
2026-07-16T04:17:48   C_T64 pair 8 arm B: wall 7.971s (session 23.9s)
2026-07-16T04:17:48 cell C_T32: 5 pairs, timeout 900s
2026-07-16T04:18:13   C_T32 pair 0 arm A: wall 9.266s (session 24.5s)
2026-07-16T04:18:37   C_T32 pair 0 arm B: wall 9.305s (session 24.6s)
2026-07-16T04:19:02   C_T32 pair 1 arm B: wall 9.378s (session 24.6s)
2026-07-16T04:19:26   C_T32 pair 1 arm A: wall 9.230s (session 24.2s)
2026-07-16T04:19:50   C_T32 pair 2 arm A: wall 9.259s (session 24.3s)
2026-07-16T04:20:15   C_T32 pair 2 arm B: wall 9.281s (session 24.4s)
2026-07-16T04:20:39   C_T32 pair 3 arm B: wall 9.279s (session 24.5s)
2026-07-16T04:21:04   C_T32 pair 3 arm A: wall 9.241s (session 24.5s)
2026-07-16T04:21:28   C_T32 pair 4 arm A: wall 9.241s (session 24.5s)
2026-07-16T04:21:53   C_T32 pair 4 arm B: wall 9.269s (session 24.6s)
2026-07-16T04:21:53 cell C_T16: 5 pairs, timeout 1200s
2026-07-16T04:22:26   C_T16 pair 0 arm A: wall 14.551s (session 33.4s)
2026-07-16T04:22:59   C_T16 pair 0 arm B: wall 13.975s (session 33.2s)
2026-07-16T04:23:33   C_T16 pair 1 arm B: wall 14.191s (session 33.2s)
2026-07-16T04:24:06   C_T16 pair 1 arm A: wall 14.014s (session 33.0s)
2026-07-16T04:24:38   C_T16 pair 2 arm A: wall 13.890s (session 32.6s)
2026-07-16T04:25:11   C_T16 pair 2 arm B: wall 14.263s (session 33.1s)
2026-07-16T04:25:44   C_T16 pair 3 arm B: wall 14.199s (session 33.0s)
2026-07-16T04:26:17   C_T16 pair 3 arm A: wall 13.957s (session 32.7s)
2026-07-16T04:26:50   C_T16 pair 4 arm A: wall 14.210s (session 33.3s)
2026-07-16T04:27:23   C_T16 pair 4 arm B: wall 14.246s (session 33.1s)
2026-07-16T04:27:23 cell C_T1: 5 pairs, timeout 5400s
2026-07-16T04:36:00   C_T1 pair 0 arm A: wall 255.581s (session 516.6s)
2026-07-16T04:44:32   C_T1 pair 0 arm B: wall 251.316s (session 511.8s)
2026-07-16T04:53:02   C_T1 pair 1 arm B: wall 251.728s (session 510.1s)
2026-07-16T05:01:27   C_T1 pair 1 arm A: wall 249.205s (session 505.6s)
2026-07-16T05:09:57   C_T1 pair 2 arm A: wall 252.171s (session 509.3s)
2026-07-16T05:18:32   C_T1 pair 2 arm B: wall 254.298s (session 515.2s)
2026-07-16T05:27:06   C_T1 pair 3 arm B: wall 253.951s (session 514.1s)
2026-07-16T05:35:44   C_T1 pair 3 arm A: wall 254.771s (session 517.4s)
2026-07-16T05:44:16   C_T1 pair 4 arm A: wall 254.310s (session 512.0s)
2026-07-16T05:52:55   C_T1 pair 4 arm B: wall 256.981s (session 519.0s)
2026-07-16T05:52:55 summary A_T96: median 1.343s n=18 band=0.01369520656822099
2026-07-16T05:52:55 summary A_T64: median 1.368s n=18 band=0.01830069015644558
2026-07-16T05:52:55 summary A_T32: median 2.179s n=10 band=0.021800291568783086
2026-07-16T05:52:55 summary A_T16: median 3.289s n=10 band=0.010693396841212073
2026-07-16T05:52:55 summary A_T1: median 61.678s n=10 band=0.010792529732567908
2026-07-16T05:52:55 summary C_T96: median 7.835s n=18 band=0.01165399858993932
2026-07-16T05:52:55 summary C_T64: median 7.939s n=18 band=0.01
2026-07-16T05:52:55 summary C_T32: median 9.268s n=10 band=0.01
2026-07-16T05:52:55 summary C_T16: median 14.195s n=10 band=0.035020565166185756
2026-07-16T05:52:55 summary C_T1: median 254.125s n=10 band=0.015860854010247075
2026-07-16T05:53:01 suite complete
