baseline q64 mean of 5 hot runs: 0.399s
=== perf stat baseline q64 ===

 Performance counter stats for process id '3518936':

      916292572617      cycles                                                                  (75.01%)
     1241515601925      instructions                                                            (74.99%)
      209283421268      branches                                                                (74.99%)
        2365720858      branch-misses                                                           (75.02%)
      379323036732      cache-references                                                        (75.02%)
       14489455065      cache-misses                                                            (75.01%)
       47885596697      stalled-cycles-frontend                                                 (62.50%)
      627538363829      stalled-cycles-backend                                                  (62.50%)

      30.013927529 seconds time elapsed

PERFSTAT_DONE baseline q64
uhj q64 mean of 5 hot runs: 0.499s
=== perf stat uhj q64 ===

 Performance counter stats for process id '3520767':

      985151339009      cycles                                                                  (74.95%)
     1124931453981      instructions                                                            (74.97%)
      189977296266      branches                                                                (75.00%)
        1951569265      branch-misses                                                           (75.04%)
      346220434520      cache-references                                                        (75.04%)
       11628752448      cache-misses                                                            (75.03%)
       35039414522      stalled-cycles-frontend                                                 (62.49%)
      733698421030      stalled-cycles-backend                                                  (62.46%)

      30.013331012 seconds time elapsed

PERFSTAT_DONE uhj q64
