arms: baseline=/home/ubuntu/chj/clickhouse-base:9005 sha=0d32ef1c96e6, candidate=/home/ubuntu/chj/clickhouse-cand:9006 sha=06d804546e0f
algorithms: parallel_hash
shard 0/8: 46 units, 0 done, 46 to run
[1/46] tpch__orders_o_custkey__customer_c_custkey__filtered__T16__tiera: OK (4.5s)
[2/46] tpch__lineitem_l_partkey__part_p_partkey__T16__tiera: OK (51.1s)
[3/46] tpch__lineitem_l_suppkey__supplier_s_suppkey__T16__tiera: OK (29.0s)
[4/46] tpcds__catalog_sales_cs_item_sk__item_i_item_sk__T16__tiera: OK (4.1s)
[5/46] tpcds__web_sales_ws_item_sk__item_i_item_sk__T16__tiera: OK (3.0s)
[6/46] tpcds__store_sales_ss_cdemo_sk__customer_demographics_cd_demo_sk__T16__tiera: OK (11.7s)
[7/46] tpcds__store_sales_ss_sold_time_sk__time_dim_t_time_sk__T16__tiera: OK (6.0s)
[8/46] tpcds__inventory_inv_date_sk__date_dim_d_date_sk__filtered__T16__tiera: OK (2.4s)
[9/46] tpcds__store_sales_ss_promo_sk__promotion_p_promo_sk__T16__tiera: OK (6.3s)
[10/46] tpcds__catalog_returns_cr_returned_date_sk__date_dim_d_date_sk__filtered__T16__tiera: OK (1.9s)
[11/46] tpcds__web_sales_ws_web_page_sk__web_page_wp_web_page_sk__T16__tiera: OK (2.6s)
[12/46] tpcds__catalog_sales_cs_ship_date_sk__date_dim_d_date_sk__filtered__T16__tiera: OK (2.8s)
[13/46] tpcds__catalog_sales_cs_item_sk__store_returns_sr_item_sk__T16__tiera: OK (214.0s)
[14/46] tpcds__web_returns_wr_returned_date_sk__date_dim_d_date_sk__T16__tiera: OK (1.9s)
[15/46] tpcds__catalog_sales_cs_bill_addr_sk__customer_address_ca_address_sk__T16__tiera: OK (5.8s)
[16/46] tpcds__catalog_sales_cs_warehouse_sk__warehouse_w_warehouse_sk__T16__tiera: OK (4.2s)
[17/46] tpcds__web_sales_ws_ship_date_sk__date_dim_d_date_sk__filtered__T16__tiera: OK (2.3s)
[18/46] tpcds__customer_c_current_hdemo_sk__household_demographics_hd_demo_sk__T16__tiera: OK (1.8s)
[19/46] tpcds__customer_address_ca_zip__store_s_zip__filtered__T16__tiera: OK (1.8s)
[20/46] tpcds__web_sales_ws_warehouse_sk__warehouse_w_warehouse_sk__T16__tiera: OK (3.0s)
[21/46] tpcds__web_returns_wr_returning_addr_sk__customer_address_ca_address_sk__T16__tiera: OK (2.0s)
[22/46] tpcds__customer_c_first_sales_date_sk__date_dim_d_date_sk__T16__tiera: OK (1.8s)
[23/46] tpcds__catalog_sales_cs_bill_hdemo_sk__household_demographics_hd_demo_sk__T16__tiera: OK (4.1s)
[24/46] tpcds__store_returns_sr_store_sk__store_s_store_sk__T16__tiera: OK (2.3s)
[25/46] tpcds__catalog_returns_cr_returning_addr_sk__customer_address_ca_address_sk__T16__tiera: OK (2.3s)
[26/46] tpcds__store_returns_sr_cdemo_sk__customer_demographics_cd_demo_sk__T16__tiera: OK (2.9s)
[27/46] tpcds__web_returns_wr_returning_cdemo_sk__customer_demographics_cd_demo_sk__T16__tiera: OK (2.1s)
[28/46] tpcds__catalog_returns_cr_call_center_sk__call_center_cc_call_center_sk__T16__tiera: OK (2.0s)
[29/46] job__movie_keyword_movie_id__title_id__T16__tiera: OK (2.2s)
[30/46] job__movie_keyword_movie_id__movie_companies_movie_id__T16__tiera: OK (3.0s)
[31/46] job__movie_info_idx_info_type_id__info_type_id__T16__tiera: OK (1.8s)
[32/46] job__complete_cast_subject_id__comp_cast_type_id__T16__tiera: OK (1.8s)
[33/46] job__title_id__movie_link_movie_id__T16__tiera: OK (1.9s)
[34/46] job__cast_info_movie_id__movie_info_idx_movie_id__T16__tiera: OK (6.2s)
[35/46] job__movie_info_movie_id__complete_cast_movie_id__T16__tiera: OK (3.5s)
[36/46] job__movie_companies_movie_id__movie_link_movie_id__T16__tiera: OK (1.8s)
[37/46] job__movie_info_idx_movie_id__complete_cast_movie_id__T16__tiera: OK (1.8s)
[38/46] job__person_info_info_type_id__info_type_id__filtered__T16__tiera: OK (2.1s)
[39/46] job__cast_info_person_id__person_info_person_id__T16__tiera: OK (17.6s)
[40/46] job__movie_info_movie_id__aka_title_movie_id__T16__tiera: OK (3.3s)
[41/46] job__movie_companies_movie_id__aka_title_movie_id__T16__tiera: OK (2.0s)
[42/46] job__cast_info_movie_id__movie_link_linked_movie_id__T16__tiera: OK (2.8s)
[43/46] coffeeshop__fact_sales_location_id__dim_locations_location_id__T16__tiera: OK (55.6s)
[44/46] tpcds__store_sales_ss_item_sk__store_returns_sr_item_sk__composite__T16__tiera: OK (6.3s)
[45/46] tpcds__web_sales_ws_item_sk__web_returns_wr_item_sk__composite__T16__tiera: OK (2.9s)
[46/46] stackoverflow__badges_UserId__users_Id__T16__tiera: OK (5.7s)
sweep done: 46 run, 0 not OK/FALLBACK
