arms: baseline=/home/ubuntu/chj/clickhouse-base:9005 sha=0d32ef1c96e6, candidate=/home/ubuntu/chj/clickhouse-cand:9006 sha=06d804546e0f
algorithms: parallel_hash
shard 6/8: 37 units, 0 done, 37 to run
[1/37] D1000000_K0_mb1_mp16_h1.0_bp8_pp8_T8: OK (7.5s)
[2/37] D128000000_K0_mb1_mp1_h1.0_bp0_pp64_T16: OK (94.0s)
[3/37] D128000000_K0_mb1_mp1_h1.0_bp8_pp8_T64: OK (52.3s)
[4/37] D128000000_K1_mb1_mp1_h1.0_bp8_pp8_T32: OK (113.4s)
[5/37] D128000000_K2_mb1_mp1_h1.0_bp8_pp8_T24: OK (144.7s)
[6/37] D128000000_K3_mb1_mp1_h1.0_bp8_pp8_T96: OK (240.4s)
[7/37] D128000000_K8_mb1_mp1_h1.0_bp8_pp8_T8: OK (128.0s)
[8/37] D2000000_K0_mb1_mp1_h1.0_bp8_pp8_T8: OK (3.8s)
[9/37] D256000000_K0_mb1_mp1_h0.9_bp8_pp8_T96: OK (167.7s)
[10/37] D262144_K5_mb1_mp256_h1.0_bp8_pp8_T96: OK (43.7s)
[11/37] D32000000_K0_mb1_mp1_h0.25_bp8_pp8_T8: OK (18.5s)
[12/37] D32000000_K0_mb1_mp1_h0.9_bp16_pp8_T16: OK (20.0s)
[13/37] D32000000_K0_mb1_mp1_h0.9_bp8_pp16_T16: OK (17.9s)
[14/37] D32000000_K0_mb1_mp1_h1.0_bp8_pp8_T16_skew32000000: OK (29.3s)
[15/37] D32000000_K0_mb1_mp1_h1.0_bp8_pp8_T96: OK (15.1s)
[16/37] D32000000_K1_mb1_mp1_h0.05_bp8_pp8_T96: OK (55.0s)
[17/37] D32000000_K1_mb1_mp1_h1.0_bp8_pp8_T16: OK (25.5s)
[18/37] D32000000_K1_mb1_mp1_h1.0_bp8_pp8_T8_rep1: OK (57.5s)
[19/37] D32000000_K2_mb1_mp1_h0.5_bp8_pp8_T8: OK (66.7s)
[20/37] D32000000_K2_mb1_mp1_h1.0_bp0_pp64_T96: OK (30.6s)
[21/37] D32000000_K2_mb1_mp1_h1.0_bp8_pp8_T16_rep1: OK (44.7s)
[22/37] D32000000_K2_mb1_mp1_h1.0_bp8_pp8_T64: OK (24.2s)
[23/37] D32000000_K3_mb1_mp1_h1.0_bp16_pp8_T96: OK (46.4s)
[24/37] D32000000_K3_mb1_mp1_h1.0_bp8_pp8_T64: OK (41.5s)
[25/37] D32000000_K5_mb1_mp1_h0.05_bp8_pp8_T96: OK (68.7s)
[26/37] D32000000_K5_mb1_mp1_h1.0_bp8_pp8_T2: OK (92.8s)
[27/37] D32000000_K6_mb1_mp1_h1.0_bp8_pp8_T16: OK (51.0s)
[28/37] D32000000_K7_mb1_mp1_h0.25_bp8_pp8_T8: OK (195.7s)
[29/37] D32000000_K7_mb1_mp1_h1.0_bp8_pp8_T16: OK (54.9s)
[30/37] D32000000_K9_mb1_mp1_h0.9_bp8_pp8_T96_nulls10: OK (37.1s)
[31/37] D4000000_K0_mb1_mp64_h1.0_bp8_pp8_T96: OK (40.2s)
[32/37] D512000000_K0_mb1_mp1_h1.0_bp8_pp8_T64: OK (298.0s)
[33/37] D512000000_K7_mb1_mp1_h1.0_bp8_pp8_T96: OK (9938.3s)
[34/37] D64000000_K1_mb1_mp1_h1.0_bp8_pp8_T96: OK (41.9s)
[35/37] D8000000_K0_mb1_mp1_h1.0_bp8_pp8_T8: OK (7.0s)
[36/37] D8000000_K1_mb1_mp1_h1.0_bp8_pp8_T64: OK (7.2s)
[37/37] D8000000_K2_mb1_mp1_h1.0_bp8_pp8_T48: OK (8.2s)
sweep done: 37 run, 0 not OK/FALLBACK
