arms: baseline=/home/ubuntu/chj/clickhouse-base:9005 sha=0d32ef1c96e6, candidate=/home/ubuntu/chj/clickhouse-cand:9006 sha=06d804546e0f
algorithms: parallel_hash
shard 3/8: 47 units, 0 done, 47 to run
[1/47] tpch__orders_o_custkey__customer_c_custkey__T96__tiera: OK (4.2s)
[2/47] tpch__partsupp_ps_partkey__part_p_partkey__T96__tiera: OK (3.5s)
[3/47] tpch__customer_c_nationkey__supplier_s_nationkey__T96__tiera: OK (1897.4s)
[4/47] tpcds__store_sales_ss_sold_date_sk__date_dim_d_date_sk__filtered__T96__tiera: OK (3.0s)
[5/47] tpcds__store_sales_ss_item_sk__item_i_item_sk__T96__tiera: OK (3.2s)
[6/47] tpcds__catalog_sales_cs_sold_date_sk__date_dim_d_date_sk__filtered__T96__tiera: OK (2.2s)
[7/47] tpcds__store_sales_ss_store_sk__store_s_store_sk__filtered__T96__tiera: OK (2.7s)
[8/47] tpcds__web_sales_ws_sold_date_sk__date_dim_d_date_sk__T96__tiera: OK (2.2s)
[9/47] tpcds__store_sales_ss_customer_sk__customer_c_customer_sk__T96__tiera: OK (4.3s)
[10/47] tpcds__web_sales_ws_item_sk__item_i_item_sk__filtered__T96__tiera: OK (2.1s)
[11/47] tpcds__web_sales_ws_bill_customer_sk__customer_c_customer_sk__T96__tiera: OK (2.6s)
[12/47] tpcds__store_returns_sr_returned_date_sk__date_dim_d_date_sk__T96__tiera: OK (2.0s)
[13/47] tpcds__inventory_inv_item_sk__item_i_item_sk__filtered__T96__tiera: OK (2.1s)
[14/47] tpcds__catalog_sales_cs_call_center_sk__call_center_cc_call_center_sk__T96__tiera: OK (2.5s)
[15/47] tpcds__catalog_sales_cs_bill_customer_sk__store_returns_sr_customer_sk__T96__tiera: OK (885.5s)
[16/47] tpcds__customer_address_ca_county__store_s_county__filtered__T96__tiera: OK (1.9s)
[17/47] tpcds__customer_address_ca_state__store_s_state__filtered__T96__tiera: OK (1.8s)
[18/47] tpcds__customer_c_first_shipto_date_sk__date_dim_d_date_sk__filtered__T96__tiera: OK (1.9s)
[19/47] tpcds__catalog_sales_cs_sold_time_sk__time_dim_t_time_sk__T96__tiera: OK (2.5s)
[20/47] tpcds__store_sales_ss_item_sk__web_sales_ws_item_sk__T96__tiera: OK (248.7s)
[21/47] tpcds__web_sales_ws_promo_sk__promotion_p_promo_sk__T96__tiera: OK (2.2s)
[22/47] tpcds__store_returns_sr_item_sk__item_i_item_sk__T96__tiera: OK (2.0s)
[23/47] tpcds__catalog_returns_cr_item_sk__item_i_item_sk__T96__tiera: OK (2.0s)
[24/47] tpcds__web_returns_wr_item_sk__item_i_item_sk__filtered__T96__tiera: OK (1.9s)
[25/47] tpcds__web_returns_wr_refunded_addr_sk__customer_address_ca_address_sk__T96__tiera: OK (2.0s)
[26/47] tpcds__web_returns_wr_reason_sk__reason_r_reason_sk__T96__tiera: OK (1.9s)
[27/47] tpcds__store_returns_sr_reason_sk__reason_r_reason_sk__T96__tiera: OK (2.0s)
[28/47] job__movie_companies_movie_id__title_id__T96__tiera: OK (2.1s)
[29/47] job__movie_companies_movie_id__title_id__filtered__T96__tiera: OK (2.1s)
[30/47] job__movie_info_movie_id__title_id__T96__tiera: OK (3.5s)
[31/47] job__cast_info_person_id__name_id__T96__tiera: OK (3.0s)
[32/47] job__movie_info_info_type_id__info_type_id__T96__tiera: OK (2.8s)
[33/47] job__movie_info_movie_id__movie_keyword_movie_id__T96__tiera: OK (5.2s)
[34/47] job__cast_info_movie_id__movie_companies_movie_id__T96__tiera: OK (4.2s)
[35/47] job__cast_info_person_id__aka_name_person_id__T96__tiera: OK (2.5s)
[36/47] job__cast_info_movie_id__movie_info_movie_id__T96__tiera: OK (20.7s)
[37/47] job__movie_keyword_movie_id__complete_cast_movie_id__T96__tiera: OK (1.9s)
[38/47] job__movie_link_link_type_id__link_type_id__T96__tiera: OK (1.8s)
[39/47] job__movie_keyword_movie_id__movie_link_movie_id__T96__tiera: OK (1.9s)
[40/47] job__title_id__movie_link_linked_movie_id__T96__tiera: OK (1.9s)
[41/47] job__person_info_info_type_id__info_type_id__T96__tiera: OK (2.0s)
[42/47] job__title_id__aka_title_movie_id__T96__tiera: OK (1.9s)
[43/47] job__complete_cast_movie_id__movie_link_movie_id__T96__tiera: OK (1.8s)
[44/47] job__movie_companies_movie_id__movie_link_linked_movie_id__T96__tiera: OK (1.9s)
[45/47] coffeeshop__fact_sales_product_id__dim_products_product_id__T96__tiera: OK (30.7s)
[46/47] stackoverflow__votes_PostId__posts_Id__T96__tiera: OK (7.5s)
[47/47] stackoverflow__comments_PostId__posts_Id__T96__tiera: OK (6.2s)
sweep done: 47 run, 0 not OK/FALLBACK
