arms: baseline=/home/ubuntu/chj/clickhouse-base:9005 sha=0d32ef1c96e6, candidate=/home/ubuntu/chj/clickhouse-cand:9006 sha=06d804546e0f
algorithms: parallel_hash
shard 0/8: 46 units, 0 done, 46 to run
[1/46] D1000000_K0_mb1_mp256_h1.0_bp8_pp8_T8: OK (77.2s)
[2/46] D1000000_K5_mb1_mp64_h1.0_bp8_pp8_T16: OK (26.8s)
[3/46] D128000000_K0_mb1_mp1_h1.0_bp64_pp0_T16: OK (234.1s)
[4/46] D128000000_K0_mb1_mp1_h1.0_bp8_pp8_T96: OK (61.3s)
[5/46] D128000000_K1_mb1_mp1_h1.0_bp8_pp8_T48: OK (99.5s)
[6/46] D128000000_K2_mb1_mp1_h1.0_bp8_pp8_T4: OK (316.7s)
[7/46] D128000000_K4_mb1_mp1_h1.0_bp8_pp8_T96: OK (102.7s)
[8/46] D128000000_K9_mb1_mp1_h1.0_bp8_pp8_T8: OK (235.1s)
[9/46] D2000000_K0_mb1_mp1_h1.0_bp8_pp8_T96: OK (3.7s)
[10/46] D256000000_K0_mb1_mp1_h1.0_bp8_pp8_T16: OK (173.8s)
[11/46] D262144_K0_mb1_mp16_h1.0_bp8_pp8_T16: OK (5.0s)
[12/46] D262144_K5_mb1_mp64_h1.0_bp8_pp8_T96: OK (13.1s)
[13/46] D32000000_K0_mb16_mp1_h0.9_bp8_pp8_T16: OK (177.7s)
[14/46] D32000000_K0_mb1_mp16_h0.9_bp8_pp8_T16: OK (94.2s)
[15/46] D32000000_K0_mb1_mp1_h0.75_bp8_pp8_T8: OK (24.5s)
[16/46] D32000000_K0_mb1_mp1_h0.9_bp64_pp8_T16: OK (47.7s)
[17/46] D32000000_K0_mb1_mp1_h0.9_bp8_pp64_T16: OK (25.1s)
[18/46] D32000000_K0_mb1_mp1_h1.0_bp8_pp8_T8: OK (20.7s)
[19/46] D32000000_K0_mb1_mp1_h1.0_bp8_pp8_T96_skew128000000: OK (91.4s)
[20/46] D32000000_K0_mb8_mp1_h0.9_bp8_pp8_T16: OK (94.4s)
[21/46] D32000000_K1_mb1_mp1_h0.5_bp8_pp8_T96: OK (26.3s)
[22/46] D32000000_K1_mb1_mp1_h1.0_bp8_pp8_T4: OK (53.8s)
[23/46] D32000000_K2_mb1_mp1_h0.05_bp8_pp8_T8: OK (80.0s)
[24/46] D32000000_K2_mb1_mp1_h1.0_bp0_pp0_T16: OK (26.5s)
[25/46] D32000000_K2_mb1_mp1_h1.0_bp64_pp64_T96: OK (58.9s)
[26/46] D32000000_K2_mb1_mp1_h1.0_bp8_pp8_T24: OK (27.6s)
[27/46] D32000000_K2_mb1_mp1_h1.0_bp8_pp8_T8_rep3: OK (67.5s)
[28/46] D32000000_K3_mb1_mp1_h1.0_bp8_pp8_T24: OK (58.5s)
[29/46] D32000000_K3_mb4_mp1_h1.0_bp8_pp8_T96: OK (165.7s)
[30/46] D32000000_K4_mb1_mp1_h1.0_bp8_pp8_T64: OK (24.7s)
[31/46] D32000000_K5_mb1_mp1_h0.5_bp8_pp8_T96: OK (47.9s)
[32/46] D32000000_K5_mb1_mp1_h1.0_bp8_pp8_T8: OK (41.8s)
[33/46] D32000000_K6_mb1_mp1_h1.0_bp8_pp8_T8: OK (63.1s)
[34/46] D32000000_K7_mb1_mp1_h0.75_bp8_pp8_T8: OK (147.6s)
[35/46] D32000000_K7_mb1_mp1_h1.0_bp8_pp8_T64: OK (45.9s)
[36/46] D32000000_K8_mb1_mp1_h1.0_bp8_pp8_T64: OK (23.3s)
[37/46] D32000000_K9_mb1_mp1_h1.0_bp8_pp8_T4: OK (63.4s)
[38/46] D4000000_K0_mb1_mp16_h1.0_bp8_pp8_T96: OK (12.4s)
[39/46] D4000000_K0_mb1_mp256_h1.0_bp8_pp8_T16: OK (390.1s)
[40/46] D64000000_K0_mb1_mp1_h1.0_bp8_pp8_T16: OK (36.1s)
[41/46] D64000000_K2_mb1_mp1_h1.0_bp8_pp8_T8: OK (95.7s)
[42/46] D65536_K0_mb1_mp64_h1.0_bp8_pp8_T16: OK (9.9s)
[43/46] D8000000_K0_mb1_mp1_h1.0_bp8_pp8_T4: OK (8.5s)
[44/46] D8000000_K1_mb1_mp1_h1.0_bp8_pp8_T32: OK (7.4s)
[45/46] D8000000_K2_mb1_mp1_h1.0_bp8_pp8_T24: OK (9.3s)
[46/46] D8000000_K3_mb1_mp1_h1.0_bp8_pp8_T4: OK (34.6s)
sweep done: 46 run, 0 not OK/FALLBACK
