arms: baseline=/home/ubuntu/chj/clickhouse-base:9005 sha=0d32ef1c96e6, candidate=/home/ubuntu/chj/clickhouse-cand:9006 sha=06d804546e0f
algorithms: parallel_hash
shard 4/8: 45 units, 0 done, 45 to run
[1/45] tpch__supplier_s_nationkey__nation_n_nationkey__T16__tiera: OK (1.8s)
[2/45] tpch__orders_o_custkey__customer_c_custkey__left_anti__T16__tiera: OK (3.6s)
[3/45] tpcds__store_sales_ss_item_sk__item_i_item_sk__filtered__T16__tiera: OK (3.9s)
[4/45] tpcds__store_sales_ss_customer_sk__customer_c_customer_sk__left_semi__T16__tiera: OK (4.6s)
[5/45] tpcds__customer_c_current_addr_sk__customer_address_ca_address_sk__T16__tiera: OK (1.9s)
[6/45] tpcds__store_sales_ss_hdemo_sk__household_demographics_hd_demo_sk__T16__tiera: OK (6.4s)
[7/45] tpcds__store_returns_sr_returned_date_sk__date_dim_d_date_sk__filtered__T16__tiera: OK (2.1s)
[8/45] tpcds__customer_c_current_cdemo_sk__customer_demographics_cd_demo_sk__T16__tiera: OK (2.0s)
[9/45] tpcds__inventory_inv_item_sk__item_i_item_sk__T16__tiera: OK (3.4s)
[10/45] tpcds__inventory_inv_warehouse_sk__warehouse_w_warehouse_sk__T16__tiera: OK (3.2s)
[11/45] tpcds__web_sales_ws_bill_addr_sk__customer_address_ca_address_sk__T16__tiera: OK (3.9s)
[12/45] tpcds__catalog_returns_cr_returned_date_sk__date_dim_d_date_sk__T16__tiera: OK (2.1s)
[13/45] tpcds__catalog_sales_cs_ship_customer_sk__customer_c_customer_sk__T16__tiera: OK (7.3s)
[14/45] tpcds__catalog_sales_cs_ship_date_sk__date_dim_d_date_sk__T16__tiera: OK (3.8s)
[15/45] tpcds__catalog_sales_cs_bill_cdemo_sk__customer_demographics_cd_demo_sk__T16__tiera: OK (6.9s)
[16/45] tpcds__web_returns_wr_returned_date_sk__date_dim_d_date_sk__filtered__T16__tiera: OK (1.9s)
[17/45] tpcds__web_sales_ws_ship_date_sk__date_dim_d_date_sk__T16__tiera: OK (2.8s)
[18/45] tpcds__web_sales_ws_ship_mode_sk__ship_mode_sm_ship_mode_sk__T16__tiera: OK (2.8s)
[19/45] tpcds__catalog_sales_cs_ship_mode_sk__ship_mode_sm_ship_mode_sk__T16__tiera: OK (3.9s)
[20/45] tpcds__web_sales_ws_ship_hdemo_sk__household_demographics_hd_demo_sk__T16__tiera: OK (2.9s)
[21/45] tpcds__web_sales_ws_ship_addr_sk__customer_address_ca_address_sk__T16__tiera: OK (3.8s)
[22/45] tpcds__catalog_sales_cs_ship_addr_sk__customer_address_ca_address_sk__T16__tiera: OK (5.9s)
[23/45] tpcds__customer_c_first_shipto_date_sk__date_dim_d_date_sk__T16__tiera: OK (1.8s)
[24/45] tpcds__inventory_inv_item_sk__catalog_sales_cs_item_sk__T16__tiera: OK (760.6s)
[25/45] tpcds__catalog_sales_cs_catalog_page_sk__catalog_page_cp_catalog_page_sk__T16__tiera: OK (3.6s)
[26/45] tpcds__store_returns_sr_item_sk__item_i_item_sk__filtered__T16__tiera: OK (2.0s)
[27/45] tpcds__web_returns_wr_item_sk__item_i_item_sk__T16__tiera: OK (1.9s)
[28/45] job__movie_keyword_keyword_id__keyword_id__filtered__T16__tiera: OK (1.8s)
[29/45] job__movie_companies_company_id__company_name_id__T16__tiera: OK (2.0s)
[30/45] job__movie_info_movie_id__title_id__filtered__T16__tiera: OK (3.7s)
[31/45] job__cast_info_movie_id__title_id__filtered__T16__tiera: OK (3.8s)
[32/45] job__movie_info_info_type_id__info_type_id__filtered__T16__tiera: OK (2.8s)
[33/45] job__title_id__movie_info_idx_movie_id__T16__tiera: OK (2.0s)
[34/45] job__movie_info_idx_info_type_id__info_type_id__filtered__T16__tiera: OK (1.8s)
[35/45] job__movie_companies_company_type_id__company_type_id__filtered__T16__tiera: OK (1.8s)
[36/45] job__movie_companies_movie_id__movie_info_idx_movie_id__T16__tiera: OK (2.1s)
[37/45] job__movie_keyword_movie_id__movie_info_idx_movie_id__T16__tiera: OK (2.1s)
[38/45] job__name_id__aka_name_person_id__T16__tiera: OK (2.2s)
[39/45] job__cast_info_person_role_id__char_name_id__T16__tiera: OK (3.4s)
[40/45] job__cast_info_role_id__role_type_id__T16__tiera: OK (3.1s)
[41/45] job__movie_companies_movie_id__complete_cast_movie_id__T16__tiera: OK (1.9s)
[42/45] job__movie_info_idx_movie_id__movie_link_linked_movie_id__T16__tiera: OK (1.8s)
[43/45] coffeeshop__fact_sales_product_name__dim_products_name__T16__tiera: OK (87.8s)
[44/45] tpch__lineitem_l_partkey__partsupp_ps_partkey__composite__T16__tiera: OK (11.8s)
[45/45] stackoverflow__posts_OwnerUserId__users_Id__T16__tiera: OK (11.3s)
sweep done: 45 run, 0 not OK/FALLBACK
