arms: baseline=/home/ubuntu/chj/clickhouse-base:9005 sha=0d32ef1c96e6, candidate=/home/ubuntu/chj/clickhouse-cand:9006 sha=06d804546e0f
algorithms: parallel_hash
shard 5/8: 43 units, 0 done, 43 to run
[1/43] D1000000_K0_mb1_mp16_h1.0_bp8_pp8_T96: OK (6.4s)
[2/43] D1000000_K2_mb1_mp64_h1.0_bp8_pp8_T8: OK (35.8s)
[3/43] D128000000_K0_mb1_mp1_h1.0_bp0_pp0_T96: OK (39.5s)
[4/43] D128000000_K0_mb1_mp1_h1.0_bp8_pp8_T16: OK (64.1s)
[5/43] D128000000_K1_mb1_mp1_h1.0_bp8_pp8_T24: OK (94.5s)
[6/43] D128000000_K2_mb1_mp1_h1.0_bp8_pp8_T2: OK (527.4s)
[7/43] D128000000_K3_mb1_mp1_h1.0_bp8_pp8_T8: OK (470.5s)
[8/43] D128000000_K7_mb1_mp1_h1.0_bp8_pp8_T8: OK (342.5s)
[9/43] D2000000_K0_mb1_mp1_h1.0_bp8_pp64_T96: OK (4.1s)
[10/43] D262144_K0_mb1_mp64_h1.0_bp8_pp8_T16: OK (11.8s)
[11/43] D32000000_K0_mb1_mp1_h0.5_bp8_pp8_T8: OK (30.8s)
[12/43] D32000000_K0_mb1_mp1_h0.9_bp32_pp8_T16: OK (27.3s)
[13/43] D32000000_K0_mb1_mp1_h0.9_bp8_pp32_T16: OK (20.4s)
[14/43] D32000000_K0_mb1_mp1_h0.9_bp8_pp8_T96: OK (15.1s)
[15/43] D32000000_K0_mb1_mp1_h1.0_bp8_pp8_T4: OK (28.6s)
[16/43] D32000000_K0_mb1_mp1_h1.0_bp8_pp8_T96_rep2: OK (18.7s)
[17/43] D32000000_K0_mb1_mp8_h0.9_bp8_pp8_T96: OK (41.0s)
[18/43] D32000000_K1_mb1_mp1_h0.25_bp8_pp8_T96: OK (49.8s)
[19/43] D32000000_K1_mb1_mp1_h1.0_bp8_pp8_T24: OK (22.4s)
[20/43] D32000000_K1_mb1_mp1_h1.0_bp8_pp8_T8_rep3: OK (58.2s)
[21/43] D32000000_K2_mb1_mp1_h0.75_bp8_pp8_T8: OK (50.7s)
[22/43] D32000000_K2_mb1_mp1_h1.0_bp64_pp0_T96: OK (52.1s)
[23/43] D32000000_K2_mb1_mp1_h1.0_bp8_pp8_T16_rep3: OK (44.7s)
[24/43] D32000000_K2_mb1_mp1_h1.0_bp8_pp8_T8_rep1: OK (66.8s)
[25/43] D32000000_K3_mb1_mp1_h1.0_bp8_pp8_T16: OK (60.9s)
[26/43] D32000000_K3_mb1_mp1_h1.0_bp8_pp8_T96: OK (43.3s)
[27/43] D32000000_K5_mb1_mp1_h0.25_bp8_pp8_T96: OK (70.1s)
[28/43] D32000000_K5_mb1_mp1_h1.0_bp8_pp8_T4: OK (59.3s)
[29/43] D32000000_K6_mb1_mp1_h1.0_bp8_pp8_T4: OK (83.4s)
[30/43] D32000000_K7_mb1_mp1_h0.5_bp8_pp8_T8: OK (140.2s)
[31/43] D32000000_K7_mb1_mp1_h1.0_bp8_pp8_T32: OK (47.3s)
[32/43] D32000000_K7_mb2_mp1_h1.0_bp8_pp8_T96: OK (87.2s)
[33/43] D32000000_K8_mb1_mp1_h1.0_bp8_pp8_T32: OK (26.3s)
[34/43] D32000000_K9_mb16_mp1_h1.0_bp8_pp8_T96: OK (351.0s)
[35/43] D32000000_K9_mb1_mp1_h1.0_bp8_pp8_T2: OK (98.4s)
[36/43] D4000000_K0_mb1_mp16_h1.0_bp8_pp8_T8: OK (17.9s)
[37/43] D4000000_K0_mb1_mp64_h1.0_bp8_pp8_T8: OK (62.1s)
[38/43] D512000000_K0_mb1_mp1_h1.0_bp8_pp8_T16: OK (381.9s)
[39/43] D512000000_K7_mb1_mp1_h1.0_bp8_pp8_T8: OK (2311.2s)
[40/43] D64000000_K1_mb1_mp1_h1.0_bp8_pp8_T8: OK (75.5s)
[41/43] D8000000_K0_mb1_mp1_h1.0_bp8_pp8_T96: OK (5.9s)
[42/43] D8000000_K1_mb1_mp1_h1.0_bp8_pp8_T8: OK (10.4s)
[43/43] D8000000_K2_mb1_mp1_h1.0_bp8_pp8_T64: OK (9.1s)
sweep done: 43 run, 0 not OK/FALLBACK
