arms: baseline=/home/ubuntu/chj/clickhouse-base:9005 sha=0d32ef1c96e6, candidate=/home/ubuntu/chj/clickhouse-cand:9006 sha=06d804546e0f
algorithms: parallel_hash
shard 3/8: 46 units, 0 done, 46 to run
[1/46] D1000000_K0_mb1_mp256_h1.0_bp8_pp8_T16: OK (65.8s)
[2/46] D1000000_K0_mb1_mp64_h1.0_bp8_pp8_T16: OK (18.4s)
[3/46] D1000000_K5_mb1_mp64_h1.0_bp8_pp8_T96: OK (22.4s)
[4/46] D128000000_K0_mb1_mp1_h1.0_bp0_pp64_T96: OK (95.8s)
[5/46] D128000000_K0_mb1_mp1_h1.0_bp8_pp8_T8: OK (86.1s)
[6/46] D128000000_K1_mb1_mp1_h1.0_bp8_pp8_T4: OK (266.9s)
[7/46] D128000000_K2_mb1_mp1_h1.0_bp8_pp8_T32: OK (142.5s)
[8/46] D128000000_K4_mb1_mp1_h1.0_bp8_pp8_T8: OK (194.0s)
[9/46] D128000000_K8_mb1_mp1_h1.0_bp8_pp8_T96: OK (97.0s)
[10/46] D262144_K0_mb1_mp16_h1.0_bp8_pp8_T8: OK (5.2s)
[11/46] D262144_K0_mb1_mp256_h1.0_bp8_pp8_T8: OK (41.5s)
[12/46] D262144_K0_mb1_mp64_h1.0_bp8_pp8_T96: OK (11.5s)
[13/46] D32000000_K0_mb16_mp16_h1.0_bp8_pp8_T96: OK (273.7s)
[14/46] D32000000_K0_mb1_mp1_h0.9_bp0_pp8_T16: OK (16.2s)
[15/46] D32000000_K0_mb1_mp1_h0.9_bp8_pp0_T16: OK (16.0s)
[16/46] D32000000_K0_mb1_mp1_h0.9_bp8_pp8_T16: OK (17.0s)
[17/46] D32000000_K0_mb1_mp1_h1.0_bp8_pp8_T16: OK (16.8s)
[18/46] D32000000_K0_mb1_mp1_h1.0_bp8_pp8_T8_skew32000000: OK (31.1s)
[19/46] D32000000_K0_mb1_mp1_h1.0_bp8_pp8_T96_skew8000000: OK (19.3s)
[20/46] D32000000_K1_mb1_mp1_h0.75_bp8_pp8_T96: OK (27.9s)
[21/46] D32000000_K1_mb1_mp1_h1.0_bp8_pp8_T64: OK (19.2s)
[22/46] D32000000_K2_mb1_mp1_h0.25_bp8_pp8_T8: OK (77.7s)
[23/46] D32000000_K2_mb1_mp1_h1.0_bp0_pp0_T96: OK (20.9s)
[24/46] D32000000_K2_mb1_mp1_h1.0_bp8_pp64_T8: OK (54.4s)
[25/46] D32000000_K2_mb1_mp1_h1.0_bp8_pp8_T4: OK (61.5s)
[26/46] D32000000_K2_mb1_mp1_h1.0_bp8_pp8_T8_skew8000000: OK (46.8s)
[27/46] D32000000_K2_mb1_mp4_h1.0_bp8_pp8_T8: OK (88.8s)
[28/46] D32000000_K3_mb1_mp1_h1.0_bp8_pp8_T4: OK (150.6s)
[29/46] D32000000_K4_mb1_mp1_h1.0_bp8_pp8_T96: OK (24.9s)
[30/46] D32000000_K5_mb1_mp1_h0.75_bp8_pp8_T96: OK (41.8s)
[31/46] D32000000_K5_mb1_mp1_h1.0_bp8_pp8_T96_skew32000000: OK (53.0s)
[32/46] D32000000_K6_mb16_mp1_h1.0_bp8_pp8_T96: OK (406.0s)
[33/46] D32000000_K7_mb1_mp1_h0.05_bp8_pp8_T8: OK (421.3s)
[34/46] D32000000_K7_mb1_mp1_h1.0_bp8_pp16_T96: OK (48.8s)
[35/46] D32000000_K7_mb1_mp1_h1.0_bp8_pp8_T96: OK (47.3s)
[36/46] D32000000_K8_mb1_mp1_h1.0_bp8_pp8_T96: OK (16.7s)
[37/46] D32000000_K9_mb1_mp1_h1.0_bp8_pp8_T8: OK (52.5s)
[38/46] D512000000_K0_mb1_mp1_h1.0_bp8_pp8_T96: OK (325.0s)
[39/46] D64000000_K5_mb1_mp1_h1.0_bp8_pp8_T8: OK (94.4s)
[40/46] D65536_K0_mb1_mp16_h1.0_bp8_pp8_T16: OK (4.6s)
[41/46] D65536_K0_mb1_mp256_h1.0_bp8_pp8_T96: OK (31.7s)
[42/46] D65536_K0_mb1_mp64_h1.0_bp8_pp8_T8: OK (10.0s)
[43/46] D8000000_K1_mb1_mp1_h1.0_bp8_pp8_T4: OK (15.1s)
[44/46] D8000000_K2_mb1_mp1_h1.0_bp8_pp8_T32: OK (8.3s)
[45/46] D8000000_K3_mb16_mp1_h1.0_bp8_pp8_T96: OK (133.3s)
[46/46] D8000000_K3_mb1_mp1_h1.0_bp8_pp8_T8: OK (22.6s)
sweep done: 46 run, 0 not OK/FALLBACK
