arms: baseline=/home/ubuntu/chj/clickhouse-base:9005 sha=0d32ef1c96e6, candidate=/home/ubuntu/chj/clickhouse-cand:9006 sha=06d804546e0f
algorithms: parallel_hash
shard 7/8: 46 units, 0 done, 46 to run
[1/46] D1000000_K0_mb1_mp64_h1.0_bp8_pp8_T8: OK (21.4s)
[2/46] D1000000_K5_mb1_mp256_h1.0_bp8_pp8_T96: OK (79.7s)
[3/46] D128000000_K0_mb1_mp1_h1.0_bp64_pp64_T96: OK (280.3s)
[4/46] D128000000_K1_mb1_mp1_h1.0_bp8_pp8_T16: OK (143.2s)
[5/46] D128000000_K1_mb1_mp1_h1.0_bp8_pp8_T96: OK (69.7s)
[6/46] D128000000_K2_mb1_mp1_h1.0_bp8_pp8_T8: OK (217.2s)
[7/46] D128000000_K6_mb1_mp1_h1.0_bp8_pp8_T8: OK (258.1s)
[8/46] D128000000_K7_mb4_mp1_h1.0_bp8_pp8_T96: OK (885.1s)
[9/46] D256000000_K0_mb1_mp1_h1.0_bp8_pp8_T96: OK (154.0s)
[10/46] D262144_K0_mb1_mp256_h1.0_bp8_pp8_T96: OK (37.4s)
[11/46] D262144_K0_mb1_mp64_h1.0_bp8_pp8_T8: OK (12.4s)
[12/46] D32000000_K0_mb1_mp1_h0.05_bp8_pp8_T8: OK (43.1s)
[13/46] D32000000_K0_mb1_mp1_h0.75_bp8_pp8_T96: OK (15.1s)
[14/46] D32000000_K0_mb1_mp1_h0.9_bp64_pp8_T96: OK (42.8s)
[15/46] D32000000_K0_mb1_mp1_h0.9_bp8_pp64_T96: OK (22.1s)
[16/46] D32000000_K0_mb1_mp1_h1.0_bp8_pp8_T8_skew128000000: OK (77.2s)
[17/46] D32000000_K0_mb1_mp1_h1.0_bp8_pp8_T96_skew32000000: OK (30.6s)
[18/46] D32000000_K0_mb1_mp4_h0.9_bp8_pp8_T96: OK (26.4s)
[19/46] D32000000_K1_mb1_mp1_h0.75_bp8_pp8_T8: OK (42.6s)
[20/46] D32000000_K1_mb1_mp1_h1.0_bp8_pp8_T48: OK (20.5s)
[21/46] D32000000_K2_mb1_mp1_h0.05_bp8_pp8_T96: OK (73.0s)
[22/46] D32000000_K2_mb1_mp1_h1.0_bp0_pp0_T8: OK (33.6s)
[23/46] D32000000_K2_mb1_mp1_h1.0_bp8_pp32_T8: OK (47.2s)
[24/46] D32000000_K2_mb1_mp1_h1.0_bp8_pp8_T32: OK (26.0s)
[25/46] D32000000_K2_mb1_mp1_h1.0_bp8_pp8_T8_skew32000000: OK (65.1s)
[26/46] D32000000_K2_mb4_mp1_h1.0_bp8_pp8_T8: OK (142.0s)
[27/46] D32000000_K3_mb16_mp1_h1.0_bp8_pp8_T96: OK (702.5s)
[28/46] D32000000_K3_mb1_mp1_h1.0_bp8_pp8_T32: OK (46.4s)
[29/46] D32000000_K4_mb1_mp1_h1.0_bp8_pp8_T8: OK (38.8s)
[30/46] D32000000_K5_mb1_mp1_h0.75_bp8_pp8_T8: OK (61.4s)
[31/46] D32000000_K5_mb1_mp1_h1.0_bp8_pp8_T96: OK (29.4s)
[32/46] D32000000_K6_mb1_mp1_h1.0_bp8_pp8_T96: OK (35.3s)
[33/46] D32000000_K7_mb1_mp1_h0.75_bp8_pp8_T96: OK (50.1s)
[34/46] D32000000_K7_mb1_mp1_h1.0_bp8_pp8_T8: OK (70.2s)
[35/46] D32000000_K7_mb8_mp1_h1.0_bp8_pp8_T96: OK (1870.5s)
[36/46] D32000000_K8_mb1_mp1_h1.0_bp8_pp8_T8: OK (25.2s)
[37/46] D32000000_K9_mb1_mp1_h1.0_bp8_pp8_T64: OK (38.8s)
[38/46] D512000000_K0_mb1_mp1_h1.0_bp8_pp8_T8: OK (438.2s)
[39/46] D64000000_K5_mb1_mp1_h1.0_bp8_pp8_T96: OK (62.3s)
[40/46] D65536_K0_mb1_mp16_h1.0_bp8_pp8_T96: OK (4.7s)
[41/46] D65536_K0_mb1_mp256_h1.0_bp8_pp8_T8: OK (32.2s)
[42/46] D65536_K0_mb1_mp64_h1.0_bp8_pp8_T96: OK (9.9s)
[43/46] D8000000_K1_mb1_mp1_h1.0_bp8_pp8_T2: OK (24.3s)
[44/46] D8000000_K2_mb1_mp1_h1.0_bp8_pp8_T16: OK (9.5s)
[45/46] D8000000_K2_mb1_mp1_h1.0_bp8_pp8_T96: OK (9.3s)
[46/46] D8000000_K7_mb16_mp1_h1.0_bp8_pp8_T96: OK (134.7s)
sweep done: 46 run, 0 not OK/FALLBACK
