arms: baseline=/home/ubuntu/chj/clickhouse-base:9005 sha=0d32ef1c96e6, candidate=/home/ubuntu/chj/clickhouse-cand:9006 sha=06d804546e0f
algorithms: parallel_hash
shard 2/8: 44 units, 0 done, 44 to run
[1/44] D1000000_K0_mb1_mp16_h1.0_bp8_pp8_T16: OK (6.9s)
[2/44] D1000000_K0_mb1_mp64_h1.0_bp8_pp8_T96: OK (16.7s)
[3/44] D1000000_K5_mb1_mp256_h1.0_bp8_pp8_T16: OK (98.7s)
[4/44] D128000000_K0_mb1_mp1_h1.0_bp64_pp64_T16: OK (321.1s)
[5/44] D128000000_K1_mb1_mp1_h1.0_bp8_pp8_T8: OK (181.8s)
[6/44] D128000000_K2_mb1_mp1_h1.0_bp8_pp8_T64: OK (131.0s)
[7/44] D128000000_K5_mb1_mp1_h1.0_bp8_pp8_T96: OK (150.0s)
[8/44] D2000000_K0_mb1_mp1_h1.0_bp8_pp8_T16: OK (3.7s)
[9/44] D256000000_K0_mb1_mp1_h1.0_bp8_pp8_T8: OK (228.2s)
[10/44] D262144_K0_mb1_mp16_h1.0_bp8_pp8_T96: OK (5.0s)
[11/44] D262144_K5_mb1_mp256_h1.0_bp8_pp8_T16: OK (47.8s)
[12/44] D32000000_K0_mb16_mp1_h1.0_bp8_pp64_T96: OK (166.2s)
[13/44] D32000000_K0_mb1_mp1_h0.05_bp8_pp8_T96: OK (37.3s)
[14/44] D32000000_K0_mb1_mp1_h0.9_bp0_pp8_T96: OK (12.6s)
[15/44] D32000000_K0_mb1_mp1_h0.9_bp8_pp0_T96: OK (14.1s)
[16/44] D32000000_K0_mb1_mp1_h1.0_bp8_pp8_T16_skew128000000: OK (78.7s)
[17/44] D32000000_K0_mb1_mp1_h1.0_bp8_pp8_T8_skew8000000: OK (22.8s)
[18/44] D32000000_K0_mb1_mp4_h0.9_bp8_pp8_T16: OK (32.7s)
[19/44] D32000000_K0_mb4_mp1_h0.9_bp8_pp8_T16: OK (59.2s)
[20/44] D32000000_K1_mb1_mp1_h0.05_bp8_pp8_T8: OK (63.9s)
[21/44] D32000000_K1_mb1_mp1_h1.0_bp8_pp64_T8: OK (46.1s)
[22/44] D32000000_K1_mb1_mp1_h1.0_bp8_pp8_T8: OK (35.8s)
[23/44] D32000000_K2_mb1_mp16_h1.0_bp8_pp8_T8: OK (526.0s)
[24/44] D32000000_K2_mb1_mp1_h0.25_bp8_pp8_T96: OK (65.3s)
[25/44] D32000000_K2_mb1_mp1_h1.0_bp0_pp64_T16: OK (37.2s)
[26/44] D32000000_K2_mb1_mp1_h1.0_bp8_pp8_T16: OK (31.2s)
[27/44] D32000000_K2_mb1_mp1_h1.0_bp8_pp8_T48: OK (25.2s)
[28/44] D32000000_K2_mb1_mp1_h1.0_bp8_pp8_T96: OK (25.1s)
[29/44] D32000000_K3_mb1_mp1_h1.0_bp8_pp8_T48: OK (52.0s)
[30/44] D32000000_K3_mb2_mp1_h1.0_bp8_pp8_T96: OK (81.3s)
[31/44] D32000000_K3_mb8_mp1_h1.0_bp8_pp8_T96: OK (2132.4s)
[32/44] D32000000_K5_mb1_mp1_h0.05_bp8_pp8_T8: OK (75.7s)
[33/44] D32000000_K5_mb1_mp1_h1.0_bp8_pp8_T16: OK (34.5s)
[34/44] D32000000_K5_mb1_mp1_h1.0_bp8_pp8_T96_skew8000000: OK (34.1s)
[35/44] D32000000_K7_mb1_mp1_h0.05_bp8_pp8_T96: OK (187.9s)
[36/44] D32000000_K7_mb1_mp1_h1.0_bp8_pp64_T96: OK (54.8s)
[37/44] D32000000_K8_mb1_mp1_h1.0_bp8_pp8_T16: OK (28.1s)
[38/44] D32000000_K9_mb1_mp1_h1.0_bp8_pp8_T96: OK (33.6s)
[39/44] D4000000_K0_mb1_mp256_h1.0_bp8_pp8_T96: OK (1238.1s)
[40/44] D64000000_K0_mb1_mp1_h1.0_bp8_pp8_T8: OK (43.7s)
[41/44] D64000000_K8_mb1_mp1_h1.0_bp8_pp8_T8: OK (52.8s)
[42/44] D8000000_K0_mb1_mp1_h1.0_bp8_pp8_T64: OK (5.7s)
[43/44] D8000000_K1_mb1_mp1_h1.0_bp8_pp8_T48: OK (7.1s)
[44/44] D8000000_K2_mb1_mp1_h1.0_bp8_pp8_T4: OK (15.8s)
sweep done: 44 run, 0 not OK/FALLBACK
