arms: baseline=/home/ubuntu/chj/clickhouse-base:9005 sha=0d32ef1c96e6, candidate=/home/ubuntu/chj/clickhouse-cand:9006 sha=06d804546e0f
algorithms: parallel_hash
shard 4/8: 41 units, 0 done, 41 to run
[1/41] D128000000_K0_mb1_mp1_h1.0_bp0_pp0_T16: OK (84.0s)
[2/41] D128000000_K0_mb1_mp1_h1.0_bp8_pp64_T96: OK (105.3s)
[3/41] D128000000_K1_mb1_mp1_h1.0_bp8_pp8_T2: OK (443.0s)
[4/41] D128000000_K2_mb1_mp1_h1.0_bp8_pp8_T16: OK (175.9s)
[5/41] D128000000_K2_mb1_mp1_h1.0_bp8_pp8_T96: OK (95.2s)
[6/41] D128000000_K6_mb1_mp1_h1.0_bp8_pp8_T96: OK (175.2s)
[7/41] D2000000_K0_mb1_mp1_h1.0_bp8_pp8_T64: OK (3.7s)
[8/41] D32000000_K0_mb1_mp1_h0.25_bp8_pp8_T96: OK (34.9s)
[9/41] D32000000_K0_mb1_mp1_h0.9_bp16_pp8_T96: OK (18.3s)
[10/41] D32000000_K0_mb1_mp1_h0.9_bp8_pp16_T96: OK (16.1s)
[11/41] D32000000_K0_mb1_mp1_h1.0_bp8_pp8_T16_skew8000000: OK (19.0s)
[12/41] D32000000_K0_mb1_mp1_h1.0_bp8_pp8_T96_rep1: OK (18.7s)
[13/41] D32000000_K0_mb1_mp8_h0.9_bp8_pp8_T16: OK (53.1s)
[14/41] D32000000_K0_mb4_mp1_h0.9_bp8_pp8_T96: OK (51.3s)
[15/41] D32000000_K1_mb1_mp1_h0.25_bp8_pp8_T8: OK (55.8s)
[16/41] D32000000_K1_mb1_mp1_h1.0_bp8_pp8_T2: OK (91.5s)
[17/41] D32000000_K1_mb1_mp1_h1.0_bp8_pp8_T8_rep2: OK (58.2s)
[18/41] D32000000_K2_mb1_mp1_h0.5_bp8_pp8_T96: OK (48.2s)
[19/41] D32000000_K2_mb1_mp1_h1.0_bp64_pp0_T16: OK (63.4s)
[20/41] D32000000_K2_mb1_mp1_h1.0_bp8_pp8_T16_rep2: OK (44.7s)
[21/41] D32000000_K2_mb1_mp1_h1.0_bp8_pp8_T8: OK (42.2s)
[22/41] D32000000_K3_mb1_mp1_h1.0_bp64_pp8_T96: OK (72.8s)
[23/41] D32000000_K3_mb1_mp1_h1.0_bp8_pp8_T8: OK (88.3s)
[24/41] D32000000_K5_mb1_mp1_h0.25_bp8_pp8_T8: OK (61.6s)
[25/41] D32000000_K5_mb1_mp1_h1.0_bp8_pp8_T32: OK (27.8s)
[26/41] D32000000_K6_mb1_mp1_h1.0_bp8_pp8_T2: OK (119.1s)
[27/41] D32000000_K7_mb16_mp1_h1.0_bp8_pp8_T96: OK (720.4s)
[28/41] D32000000_K7_mb1_mp1_h0.25_bp8_pp8_T96: OK (220.2s)
[29/41] D32000000_K7_mb1_mp1_h1.0_bp8_pp8_T2: OK (153.9s)
[30/41] D32000000_K8_mb1_mp1_h1.0_bp8_pp8_T2: OK (53.0s)
[31/41] D32000000_K9_mb1_mp1_h1.0_bp8_pp8_T16: OK (44.3s)
[32/41] D4000000_K0_mb1_mp16_h1.0_bp8_pp8_T16: OK (14.2s)
[33/41] D4000000_K0_mb1_mp64_h1.0_bp8_pp8_T16: OK (49.4s)
[34/41] D512000000_K0_mb1_mp1_h1.0_bp8_pp64_T96: OK (809.8s)
[35/41] D512000000_K7_mb1_mp1_h1.0_bp8_pp8_T16: OK (6334.0s)
[36/41] D64000000_K0_mb1_mp1_h1.0_bp8_pp8_T96: OK (29.2s)
[37/41] D64000000_K8_mb1_mp1_h1.0_bp8_pp8_T96: OK (39.7s)
[38/41] D65536_K0_mb1_mp256_h1.0_bp8_pp8_T16: OK (31.9s)
[39/41] D8000000_K1_mb1_mp1_h1.0_bp8_pp8_T16: OK (8.2s)
[40/41] D8000000_K1_mb1_mp1_h1.0_bp8_pp8_T96: OK (7.0s)
[41/41] D8000000_K2_mb1_mp1_h1.0_bp8_pp8_T8: OK (11.0s)
sweep done: 41 run, 0 not OK/FALLBACK
