arms: baseline=/home/ubuntu/chj/clickhouse-base:9005 sha=0d32ef1c96e6, candidate=/home/ubuntu/chj/clickhouse-cand:9006 sha=06d804546e0f
algorithms: parallel_hash
shard 1/8: 44 units, 0 done, 44 to run
[1/44] D1000000_K0_mb1_mp256_h1.0_bp8_pp8_T96: OK (57.9s)
[2/44] D1000000_K2_mb1_mp64_h1.0_bp8_pp8_T96: OK (25.6s)
[3/44] D128000000_K0_mb1_mp1_h1.0_bp64_pp0_T96: OK (213.8s)
[4/44] D128000000_K1_mb1_mp1_h1.0_bp8_pp8_T64: OK (104.0s)
[5/44] D128000000_K2_mb1_mp1_h1.0_bp8_pp8_T48: OK (136.9s)
[6/44] D128000000_K5_mb1_mp1_h1.0_bp8_pp8_T8: OK (211.8s)
[7/44] D128000000_K9_mb1_mp1_h1.0_bp8_pp8_T96: OK (152.4s)
[8/44] D2000000_K0_mb1_mp1_h1.0_bp8_pp64_T8: OK (4.5s)
[9/44] D256000000_K0_mb1_mp1_h1.0_bp8_pp8_T64: OK (140.3s)
[10/44] D262144_K0_mb1_mp256_h1.0_bp8_pp8_T16: OK (38.9s)
[11/44] D262144_K5_mb1_mp64_h1.0_bp8_pp8_T16: OK (14.1s)
[12/44] D32000000_K0_mb16_mp1_h0.9_bp8_pp8_T96: OK (166.2s)
[13/44] D32000000_K0_mb1_mp16_h0.9_bp8_pp8_T96: OK (79.9s)
[14/44] D32000000_K0_mb1_mp1_h0.5_bp8_pp8_T96: OK (25.2s)
[15/44] D32000000_K0_mb1_mp1_h0.9_bp32_pp8_T96: OK (23.0s)
[16/44] D32000000_K0_mb1_mp1_h0.9_bp8_pp32_T96: OK (18.2s)
[17/44] D32000000_K0_mb1_mp1_h1.0_bp8_pp8_T64: OK (15.0s)
[18/44] D32000000_K0_mb1_mp1_h1.0_bp8_pp8_T96_rep3: OK (18.8s)
[19/44] D32000000_K0_mb8_mp1_h0.9_bp8_pp8_T96: OK (84.2s)
[20/44] D32000000_K1_mb1_mp1_h0.5_bp8_pp8_T8: OK (53.9s)
[21/44] D32000000_K1_mb1_mp1_h1.0_bp8_pp8_T32: OK (21.2s)
[22/44] D32000000_K1_mb1_mp1_h1.0_bp8_pp8_T96: OK (19.4s)
[23/44] D32000000_K2_mb1_mp1_h0.75_bp8_pp8_T96: OK (37.7s)
[24/44] D32000000_K2_mb1_mp1_h1.0_bp64_pp64_T16: OK (72.5s)
[25/44] D32000000_K2_mb1_mp1_h1.0_bp8_pp8_T2: OK (99.5s)
[26/44] D32000000_K2_mb1_mp1_h1.0_bp8_pp8_T8_rep2: OK (67.6s)
[27/44] D32000000_K3_mb1_mp1_h1.0_bp8_pp8_T2: OK (248.6s)
[28/44] D32000000_K4_mb1_mp1_h1.0_bp8_pp8_T16: OK (29.7s)
[29/44] D32000000_K5_mb1_mp1_h0.5_bp8_pp8_T8: OK (62.4s)
[30/44] D32000000_K5_mb1_mp1_h1.0_bp8_pp8_T64: OK (27.5s)
[31/44] D32000000_K6_mb1_mp1_h1.0_bp8_pp8_T64: OK (34.0s)
[32/44] D32000000_K7_mb1_mp1_h0.5_bp8_pp8_T96: OK (115.5s)
[33/44] D32000000_K7_mb1_mp1_h1.0_bp8_pp8_T4: OK (100.0s)
[34/44] D32000000_K7_mb4_mp1_h1.0_bp8_pp8_T96: OK (153.0s)
[35/44] D32000000_K8_mb1_mp1_h1.0_bp8_pp8_T4: OK (41.0s)
[36/44] D32000000_K9_mb1_mp1_h1.0_bp8_pp8_T32: OK (31.2s)
[37/44] D4000000_K0_mb1_mp256_h1.0_bp8_pp8_T8: OK (443.0s)
[38/44] D64000000_K0_mb1_mp1_h1.0_bp8_pp8_T64: OK (31.8s)
[39/44] D64000000_K2_mb1_mp1_h1.0_bp8_pp8_T96: OK (56.0s)
[40/44] D65536_K0_mb1_mp16_h1.0_bp8_pp8_T8: OK (4.6s)
[41/44] D8000000_K0_mb1_mp1_h1.0_bp8_pp8_T16: OK (6.3s)
[42/44] D8000000_K1_mb1_mp1_h1.0_bp8_pp8_T24: OK (7.9s)
[43/44] D8000000_K2_mb1_mp1_h1.0_bp8_pp8_T2: OK (23.2s)
[44/44] D8000000_K3_mb1_mp1_h1.0_bp8_pp8_T16: OK (16.5s)
sweep done: 44 run, 0 not OK/FALLBACK
