arms: baseline=/home/ubuntu/chj/clickhouse-base:9005 sha=0d32ef1c96e6, candidate=/home/ubuntu/chj/clickhouse-cand:9006 sha=06d804546e0f
algorithms: parallel_hash
shard 6/8: 50 units, 0 done, 50 to run
[1/50] tpch__lineitem_l_orderkey__orders_o_orderkey__T16__tiera: OK (23.8s)
[2/50] tpch__lineitem_l_orderkey__orders_o_orderkey__left_semi__T16__tiera: OK (10.8s)
[3/50] tpch__orders_o_custkey__customer_c_custkey__left__T16__tiera: OK (11.1s)
[4/50] tpch__lineitem_l_partkey__part_p_partkey__filtered__T16__tiera: OK (8.2s)
[5/50] tpch__partsupp_ps_suppkey__supplier_s_suppkey__T16__tiera: OK (4.0s)
[6/50] tpch__nation_n_regionkey__region_r_regionkey__T16__tiera: OK (1.7s)
[7/50] tpch__partsupp_ps_partkey__part_p_partkey__filtered__T16__tiera: OK (2.6s)
[8/50] tpch__customer_c_nationkey__nation_n_nationkey__T16__tiera: OK (2.0s)
[9/50] tpcds__store_sales_ss_sold_date_sk__date_dim_d_date_sk__T16__tiera: OK (6.3s)
[10/50] tpcds__catalog_sales_cs_sold_date_sk__date_dim_d_date_sk__T16__tiera: OK (4.0s)
[11/50] tpcds__store_sales_ss_store_sk__store_s_store_sk__T16__tiera: OK (6.5s)
[12/50] tpcds__web_sales_ws_sold_date_sk__date_dim_d_date_sk__filtered__T16__tiera: OK (2.5s)
[13/50] tpcds__catalog_sales_cs_item_sk__item_i_item_sk__filtered__T16__tiera: OK (2.7s)
[14/50] tpcds__store_sales_ss_addr_sk__customer_address_ca_address_sk__T16__tiera: OK (9.9s)
[15/50] tpcds__inventory_inv_date_sk__date_dim_d_date_sk__T16__tiera: OK (3.0s)
[16/50] tpcds__catalog_sales_cs_bill_customer_sk__customer_c_customer_sk__T16__tiera: OK (7.2s)
[17/50] tpcds__web_sales_ws_web_site_sk__web_site_web_site_sk__T16__tiera: OK (3.1s)
[18/50] tpcds__catalog_sales_cs_promo_sk__promotion_p_promo_sk__T16__tiera: OK (4.0s)
[19/50] tpcds__household_demographics_hd_income_band_sk__income_band_ib_income_band_sk__T16__tiera: OK (1.8s)
[20/50] tpcds__web_sales_ws_sold_time_sk__time_dim_t_time_sk__T16__tiera: OK (2.9s)
[21/50] tpcds__customer_address_ca_zip__store_s_zip__T16__tiera: OK (1.8s)
[22/50] tpcds__customer_address_ca_county__store_s_county__T16__tiera: OK (1.8s)
[23/50] tpcds__customer_address_ca_state__store_s_state__T16__tiera: OK (1.8s)
[24/50] tpcds__customer_c_first_sales_date_sk__date_dim_d_date_sk__filtered__T16__tiera: OK (1.9s)
[25/50] tpcds__store_returns_sr_store_sk__store_s_store_sk__filtered__T16__tiera: OK (2.2s)
[26/50] tpcds__web_returns_wr_web_page_sk__web_page_wp_web_page_sk__T16__tiera: OK (1.9s)
[27/50] tpcds__store_sales_ss_item_sk__catalog_sales_cs_item_sk__T16__tiera: OK (2090.5s)
[28/50] tpcds__catalog_returns_cr_item_sk__item_i_item_sk__filtered__T16__tiera: OK (2.0s)
[29/50] tpcds__web_returns_wr_refunded_cdemo_sk__customer_demographics_cd_demo_sk__T16__tiera: OK (2.2s)
[30/50] tpcds__customer_c_customer_sk__catalog_returns_cr_returning_customer_sk__T16__tiera: OK (3.1s)
[31/50] job__movie_keyword_movie_id__title_id__filtered__T16__tiera: OK (2.0s)
[32/50] job__movie_keyword_keyword_id__keyword_id__T16__tiera: OK (2.0s)
[33/50] job__movie_companies_company_id__company_name_id__filtered__T16__tiera: OK (1.9s)
[34/50] job__cast_info_movie_id__title_id__T16__tiera: OK (6.3s)
[35/50] job__movie_info_movie_id__movie_companies_movie_id__T16__tiera: OK (6.8s)
[36/50] job__movie_companies_company_type_id__company_type_id__T16__tiera: OK (1.8s)
[37/50] job__cast_info_movie_id__movie_keyword_movie_id__T16__tiera: OK (8.5s)
[38/50] job__movie_info_movie_id__movie_info_idx_movie_id__T16__tiera: OK (3.8s)
[39/50] job__title_kind_id__kind_type_id__T16__tiera: OK (1.9s)
[40/50] job__title_id__complete_cast_movie_id__T16__tiera: OK (1.9s)
[41/50] job__complete_cast_status_id__comp_cast_type_id__T16__tiera: OK (1.8s)
[42/50] job__cast_info_movie_id__complete_cast_movie_id__T16__tiera: OK (3.2s)
[43/50] job__name_id__person_info_person_id__T16__tiera: OK (3.1s)
[44/50] job__movie_info_movie_id__movie_link_movie_id__T16__tiera: OK (2.9s)
[45/50] job__movie_keyword_movie_id__aka_title_movie_id__T16__tiera: OK (2.0s)
[46/50] job__person_info_person_id__aka_name_person_id__T16__tiera: OK (2.4s)
[47/50] job__movie_info_idx_movie_id__movie_link_movie_id__T16__tiera: OK (1.8s)
[48/50] tpcds__catalog_sales_cs_item_sk__catalog_returns_cr_item_sk__composite__T16__tiera: OK (4.0s)
[49/50] stackoverflow__comments_UserId__users_Id__T16__tiera: OK (13.2s)
[50/50] stackoverflow__postlinks_RelatedPostId__posts_Id__T16__tiera: OK (6.4s)
sweep done: 50 run, 0 not OK/FALLBACK
