arms: baseline=/mnt/ch/ClickHouse/tmp/probe_campaign_20260729/bins/clickhouse-baseline-a05f3ee81ff.bin:9005 sha=0d32ef1c96e6, candidate=/mnt/ch/ClickHouse/tmp/probe_campaign_20260729/bins/clickhouse-phjph-fa5667f2da7.bin:9006 sha=83de80854708
algorithms: parallel_hash
shard 0/1: 376 units, 0 done, 376 to run
[1/376] tpch__supplier_s_nationkey__nation_n_nationkey__T16__tierb: OK (2.8s)
[2/376] tpch__supplier_s_nationkey__nation_n_nationkey__T96__tierb: OK (2.8s)
[3/376] tpch__lineitem_l_orderkey__orders_o_orderkey__T16__tierb: OK (104.2s)
[4/376] tpch__lineitem_l_orderkey__orders_o_orderkey__T96__tierb: OK (39.4s)
[5/376] tpch__lineitem_l_orderkey__orders_o_orderkey__left_semi__T16__tierb: OK (51.3s)
[6/376] tpch__lineitem_l_orderkey__orders_o_orderkey__left_semi__T96__tierb: OK (18.8s)
[7/376] tpch__orders_o_custkey__customer_c_custkey__T16__tierb: OK (40.6s)
[8/376] tpch__orders_o_custkey__customer_c_custkey__T96__tierb: OK (14.3s)
[9/376] tpch__orders_o_custkey__customer_c_custkey__filtered__T16__tierb: OK (16.2s)
[10/376] tpch__orders_o_custkey__customer_c_custkey__filtered__T96__tierb: OK (7.2s)
[11/376] tpch__orders_o_custkey__customer_c_custkey__left__T16__tierb: OK (50.2s)
[12/376] tpch__orders_o_custkey__customer_c_custkey__left__T96__tierb: OK (16.4s)
[13/376] tpch__orders_o_custkey__customer_c_custkey__left_anti__T16__tierb: OK (8.9s)
[14/376] tpch__orders_o_custkey__customer_c_custkey__left_anti__T96__tierb: OK (5.2s)
[15/376] tpch__lineitem_l_partkey__part_p_partkey__T16__tierb: OK (267.2s)
[16/376] tpch__lineitem_l_partkey__part_p_partkey__T96__tierb: OK (64.4s)
[17/376] tpch__lineitem_l_partkey__part_p_partkey__filtered__T16__tierb: OK (27.0s)
[18/376] tpch__lineitem_l_partkey__part_p_partkey__filtered__T96__tierb: OK (9.2s)
[19/376] tpch__lineitem_l_suppkey__supplier_s_suppkey__T16__tierb: OK (165.0s)
[20/376] tpch__lineitem_l_suppkey__supplier_s_suppkey__T96__tierb: OK (37.1s)
[21/376] tpch__partsupp_ps_suppkey__supplier_s_suppkey__T16__tierb: OK (12.2s)
[22/376] tpch__partsupp_ps_suppkey__supplier_s_suppkey__T96__tierb: OK (5.8s)
[23/376] tpch__nation_n_regionkey__region_r_regionkey__T16__tierb: OK (2.5s)
[24/376] tpch__nation_n_regionkey__region_r_regionkey__T96__tierb: OK (2.6s)
[25/376] tpch__partsupp_ps_partkey__part_p_partkey__T16__tierb: OK (15.3s)
[26/376] tpch__partsupp_ps_partkey__part_p_partkey__T96__tierb: OK (10.2s)
[27/376] tpch__partsupp_ps_partkey__part_p_partkey__filtered__T16__tierb: OK (5.8s)
[28/376] tpch__partsupp_ps_partkey__part_p_partkey__filtered__T96__tierb: OK (4.1s)
[29/376] tpch__customer_c_nationkey__nation_n_nationkey__T16__tierb: OK (4.0s)
[30/376] tpch__customer_c_nationkey__nation_n_nationkey__T96__tierb: OK (3.1s)
[31/376] tpch__customer_c_nationkey__supplier_s_nationkey__T16__tierb: INVALID (1200.8s)
arms: baseline=/mnt/ch/ClickHouse/tmp/probe_campaign_20260729/bins/clickhouse-baseline-a05f3ee81ff.bin:9005 sha=0d32ef1c96e6, candidate=/mnt/ch/ClickHouse/tmp/probe_campaign_20260729/bins/clickhouse-phjph-fa5667f2da7.bin:9006 sha=83de80854708
algorithms: parallel_hash
shard 0/1: 376 units, 30 done, 346 to run
[1/346] tpch__customer_c_nationkey__supplier_s_nationkey__T16__tierb: OVER_BUDGET (600.6s)
[2/346] tpch__customer_c_nationkey__supplier_s_nationkey__T96__tierb: OVER_BUDGET (600.6s)
[3/346] tpcds__store_sales_ss_sold_date_sk__date_dim_d_date_sk__T16__tierb: OK (19.0s)
[4/346] tpcds__store_sales_ss_sold_date_sk__date_dim_d_date_sk__T96__tierb: OK (6.3s)
[5/346] tpcds__store_sales_ss_sold_date_sk__date_dim_d_date_sk__filtered__T16__tierb: OK (10.4s)
[6/346] tpcds__store_sales_ss_sold_date_sk__date_dim_d_date_sk__filtered__T96__tierb: OK (4.8s)
[7/346] tpcds__store_sales_ss_item_sk__item_i_item_sk__T16__tierb: OK (19.8s)
[8/346] tpcds__store_sales_ss_item_sk__item_i_item_sk__T96__tierb: OK (7.6s)
[9/346] tpcds__store_sales_ss_item_sk__item_i_item_sk__filtered__T16__tierb: OK (8.8s)
[10/346] tpcds__store_sales_ss_item_sk__item_i_item_sk__filtered__T96__tierb: OK (4.6s)
[11/346] tpcds__catalog_sales_cs_sold_date_sk__date_dim_d_date_sk__T16__tierb: OK (10.4s)
[12/346] tpcds__catalog_sales_cs_sold_date_sk__date_dim_d_date_sk__T96__tierb: OK (4.6s)
[13/346] tpcds__catalog_sales_cs_sold_date_sk__date_dim_d_date_sk__filtered__T16__tierb: OK (6.0s)
[14/346] tpcds__catalog_sales_cs_sold_date_sk__date_dim_d_date_sk__filtered__T96__tierb: OK (3.7s)
[15/346] tpcds__store_sales_ss_store_sk__store_s_store_sk__T16__tierb: OK (20.1s)
[16/346] tpcds__store_sales_ss_store_sk__store_s_store_sk__T96__tierb: OK (6.8s)
[17/346] tpcds__store_sales_ss_store_sk__store_s_store_sk__filtered__T16__tierb: OK (12.2s)
[18/346] tpcds__store_sales_ss_store_sk__store_s_store_sk__filtered__T96__tierb: OK (5.0s)
[19/346] tpcds__web_sales_ws_sold_date_sk__date_dim_d_date_sk__T16__tierb: OK (6.5s)
[20/346] tpcds__web_sales_ws_sold_date_sk__date_dim_d_date_sk__T96__tierb: OK (3.8s)
[21/346] tpcds__web_sales_ws_sold_date_sk__date_dim_d_date_sk__filtered__T16__tierb: OK (4.7s)
[22/346] tpcds__web_sales_ws_sold_date_sk__date_dim_d_date_sk__filtered__T96__tierb: OK (3.3s)
[23/346] tpcds__store_sales_ss_customer_sk__customer_c_customer_sk__T16__tierb: OK (49.0s)
[24/346] tpcds__store_sales_ss_customer_sk__customer_c_customer_sk__T96__tierb: OK (13.2s)
[25/346] tpcds__store_sales_ss_customer_sk__customer_c_customer_sk__left_semi__T16__tierb: OK (13.2s)
[26/346] tpcds__store_sales_ss_customer_sk__customer_c_customer_sk__left_semi__T96__tierb: OK (5.8s)
[27/346] tpcds__customer_c_current_addr_sk__customer_address_ca_address_sk__T16__tierb: OK (2.9s)
[28/346] tpcds__customer_c_current_addr_sk__customer_address_ca_address_sk__T96__tierb: OK (2.9s)
[29/346] tpcds__catalog_sales_cs_item_sk__item_i_item_sk__T16__tierb: OK (11.2s)
[30/346] tpcds__catalog_sales_cs_item_sk__item_i_item_sk__T96__tierb: OK (5.2s)
[31/346] tpcds__catalog_sales_cs_item_sk__item_i_item_sk__filtered__T16__tierb: OK (5.8s)
[32/346] tpcds__catalog_sales_cs_item_sk__item_i_item_sk__filtered__T96__tierb: OK (3.8s)
[33/346] tpcds__web_sales_ws_item_sk__item_i_item_sk__T16__tierb: OK (6.9s)
[34/346] tpcds__web_sales_ws_item_sk__item_i_item_sk__T96__tierb: OK (4.1s)
[35/346] tpcds__web_sales_ws_item_sk__item_i_item_sk__filtered__T16__tierb: OK (4.4s)
[36/346] tpcds__web_sales_ws_item_sk__item_i_item_sk__filtered__T96__tierb: OK (3.4s)
[37/346] tpcds__store_sales_ss_hdemo_sk__household_demographics_hd_demo_sk__T16__tierb: OK (20.7s)
[38/346] tpcds__store_sales_ss_hdemo_sk__household_demographics_hd_demo_sk__T96__tierb: OK (6.8s)
[39/346] tpcds__store_sales_ss_addr_sk__customer_address_ca_address_sk__T16__tierb: OK (37.9s)
[40/346] tpcds__store_sales_ss_addr_sk__customer_address_ca_address_sk__T96__tierb: OK (10.2s)
[41/346] tpcds__web_sales_ws_bill_customer_sk__customer_c_customer_sk__T16__tierb: OK (14.7s)
[42/346] tpcds__web_sales_ws_bill_customer_sk__customer_c_customer_sk__T96__tierb: OK (5.9s)
[43/346] tpcds__store_sales_ss_cdemo_sk__customer_demographics_cd_demo_sk__T16__tierb: OK (38.9s)
[44/346] tpcds__store_sales_ss_cdemo_sk__customer_demographics_cd_demo_sk__T96__tierb: OK (11.1s)
[45/346] tpcds__store_sales_ss_sold_time_sk__time_dim_t_time_sk__T16__tierb: OK (18.7s)
[46/346] tpcds__store_sales_ss_sold_time_sk__time_dim_t_time_sk__T96__tierb: OK (6.3s)
[47/346] tpcds__store_returns_sr_returned_date_sk__date_dim_d_date_sk__T16__tierb: OK (4.2s)
[48/346] tpcds__store_returns_sr_returned_date_sk__date_dim_d_date_sk__T96__tierb: OK (3.2s)
[49/346] tpcds__store_returns_sr_returned_date_sk__date_dim_d_date_sk__filtered__T16__tierb: OK (3.5s)
[50/346] tpcds__store_returns_sr_returned_date_sk__date_dim_d_date_sk__filtered__T96__tierb: OK (3.0s)
[51/346] tpcds__customer_c_current_cdemo_sk__customer_demographics_cd_demo_sk__T16__tierb: OK (3.1s)
[52/346] tpcds__customer_c_current_cdemo_sk__customer_demographics_cd_demo_sk__T96__tierb: OK (3.0s)
[53/346] tpcds__inventory_inv_date_sk__date_dim_d_date_sk__T16__tierb: OK (7.9s)
[54/346] tpcds__inventory_inv_date_sk__date_dim_d_date_sk__T96__tierb: OK (4.0s)
[55/346] tpcds__inventory_inv_date_sk__date_dim_d_date_sk__filtered__T16__tierb: OK (4.9s)
[56/346] tpcds__inventory_inv_date_sk__date_dim_d_date_sk__filtered__T96__tierb: OK (3.4s)
[57/346] tpcds__catalog_sales_cs_bill_customer_sk__customer_c_customer_sk__T16__tierb: OK (26.5s)
[58/346] tpcds__catalog_sales_cs_bill_customer_sk__customer_c_customer_sk__T96__tierb: OK (8.4s)
[59/346] tpcds__inventory_inv_item_sk__item_i_item_sk__T16__tierb: OK (10.0s)
[60/346] tpcds__inventory_inv_item_sk__item_i_item_sk__T96__tierb: OK (4.9s)
[61/346] tpcds__inventory_inv_item_sk__item_i_item_sk__filtered__T16__tierb: OK (5.4s)
[62/346] tpcds__inventory_inv_item_sk__item_i_item_sk__filtered__T96__tierb: OK (3.7s)
[63/346] tpcds__store_sales_ss_promo_sk__promotion_p_promo_sk__T16__tierb: OK (19.5s)
[64/346] tpcds__store_sales_ss_promo_sk__promotion_p_promo_sk__T96__tierb: OK (6.3s)
[65/346] tpcds__inventory_inv_warehouse_sk__warehouse_w_warehouse_sk__T16__tierb: OK (9.1s)
[66/346] tpcds__inventory_inv_warehouse_sk__warehouse_w_warehouse_sk__T96__tierb: OK (4.3s)
[67/346] tpcds__web_sales_ws_bill_addr_sk__customer_address_ca_address_sk__T16__tierb: OK (11.7s)
[68/346] tpcds__web_sales_ws_bill_addr_sk__customer_address_ca_address_sk__T96__tierb: OK (4.8s)
[69/346] tpcds__web_sales_ws_web_site_sk__web_site_web_site_sk__T16__tierb: OK (7.4s)
[70/346] tpcds__web_sales_ws_web_site_sk__web_site_web_site_sk__T96__tierb: OK (4.2s)
[71/346] tpcds__catalog_returns_cr_returned_date_sk__date_dim_d_date_sk__T16__tierb: OK (3.4s)
[72/346] tpcds__catalog_returns_cr_returned_date_sk__date_dim_d_date_sk__T96__tierb: OK (3.0s)
[73/346] tpcds__catalog_returns_cr_returned_date_sk__date_dim_d_date_sk__filtered__T16__tierb: OK (3.0s)
[74/346] tpcds__catalog_returns_cr_returned_date_sk__date_dim_d_date_sk__filtered__T96__tierb: OK (2.9s)
[75/346] tpcds__web_sales_ws_web_page_sk__web_page_wp_web_page_sk__T16__tierb: OK (5.5s)
[76/346] tpcds__web_sales_ws_web_page_sk__web_page_wp_web_page_sk__T96__tierb: OK (3.5s)
[77/346] tpcds__catalog_sales_cs_ship_customer_sk__customer_c_customer_sk__T16__tierb: OK (26.4s)
[78/346] tpcds__catalog_sales_cs_ship_customer_sk__customer_c_customer_sk__T96__tierb: OK (8.4s)
[79/346] tpcds__catalog_sales_cs_ship_date_sk__date_dim_d_date_sk__T16__tierb: OK (9.9s)
[80/346] tpcds__catalog_sales_cs_ship_date_sk__date_dim_d_date_sk__T96__tierb: OK (4.5s)
[81/346] tpcds__catalog_sales_cs_ship_date_sk__date_dim_d_date_sk__filtered__T16__tierb: OK (5.9s)
[82/346] tpcds__catalog_sales_cs_ship_date_sk__date_dim_d_date_sk__filtered__T96__tierb: OK (3.7s)
[83/346] tpcds__catalog_sales_cs_call_center_sk__call_center_cc_call_center_sk__T16__tierb: OK (12.0s)
[84/346] tpcds__catalog_sales_cs_call_center_sk__call_center_cc_call_center_sk__T96__tierb: OK (5.2s)
[85/346] tpcds__catalog_sales_cs_bill_customer_sk__store_returns_sr_customer_sk__T16__tierb: OVER_BUDGET (600.6s)
[86/346] tpcds__catalog_sales_cs_bill_customer_sk__store_returns_sr_customer_sk__T96__tierb: OVER_BUDGET (271.2s)
[87/346] tpcds__catalog_sales_cs_item_sk__store_returns_sr_item_sk__T16__tierb: OVER_BUDGET (33.4s)
[88/346] tpcds__catalog_sales_cs_item_sk__store_returns_sr_item_sk__T96__tierb: OK (207.9s)
[89/346] tpcds__catalog_sales_cs_bill_cdemo_sk__customer_demographics_cd_demo_sk__T16__tierb: OK (21.3s)
[90/346] tpcds__catalog_sales_cs_bill_cdemo_sk__customer_demographics_cd_demo_sk__T96__tierb: OK (7.2s)
[91/346] tpcds__catalog_sales_cs_promo_sk__promotion_p_promo_sk__T16__tierb: OK (10.9s)
[92/346] tpcds__catalog_sales_cs_promo_sk__promotion_p_promo_sk__T96__tierb: OK (4.5s)
[93/346] tpcds__web_returns_wr_returned_date_sk__date_dim_d_date_sk__T16__tierb: OK (3.1s)
[94/346] tpcds__web_returns_wr_returned_date_sk__date_dim_d_date_sk__T96__tierb: OK (2.9s)
[95/346] tpcds__web_returns_wr_returned_date_sk__date_dim_d_date_sk__filtered__T16__tierb: OK (2.8s)
[96/346] tpcds__web_returns_wr_returned_date_sk__date_dim_d_date_sk__filtered__T96__tierb: OK (2.8s)
[97/346] tpcds__catalog_sales_cs_bill_addr_sk__customer_address_ca_address_sk__T16__tierb: OK (20.6s)
[98/346] tpcds__catalog_sales_cs_bill_addr_sk__customer_address_ca_address_sk__T96__tierb: OK (6.7s)
[99/346] tpcds__catalog_sales_cs_warehouse_sk__warehouse_w_warehouse_sk__T16__tierb: OK (11.4s)
[100/346] tpcds__catalog_sales_cs_warehouse_sk__warehouse_w_warehouse_sk__T96__tierb: OK (4.8s)
[101/346] tpcds__web_sales_ws_ship_date_sk__date_dim_d_date_sk__T16__tierb: OK (6.2s)
[102/346] tpcds__web_sales_ws_ship_date_sk__date_dim_d_date_sk__T96__tierb: OK (3.7s)
[103/346] tpcds__web_sales_ws_ship_date_sk__date_dim_d_date_sk__filtered__T16__tierb: OK (4.6s)
[104/346] tpcds__web_sales_ws_ship_date_sk__date_dim_d_date_sk__filtered__T96__tierb: OK (3.3s)
[105/346] tpcds__customer_c_current_hdemo_sk__household_demographics_hd_demo_sk__T16__tierb: OK (2.7s)
[106/346] tpcds__customer_c_current_hdemo_sk__household_demographics_hd_demo_sk__T96__tierb: OK (2.8s)
[107/346] tpcds__household_demographics_hd_income_band_sk__income_band_ib_income_band_sk__T16__tierb: OK (2.5s)
[108/346] tpcds__household_demographics_hd_income_band_sk__income_band_ib_income_band_sk__T96__tierb: OK (2.6s)
[109/346] tpcds__web_sales_ws_sold_time_sk__time_dim_t_time_sk__T16__tierb: OK (6.7s)
[110/346] tpcds__web_sales_ws_sold_time_sk__time_dim_t_time_sk__T96__tierb: OK (3.8s)
[111/346] tpcds__customer_address_ca_zip__store_s_zip__T16__tierb: OK (2.6s)
[112/346] tpcds__customer_address_ca_zip__store_s_zip__T96__tierb: OK (2.8s)
[113/346] tpcds__customer_address_ca_zip__store_s_zip__filtered__T16__tierb: OK (2.6s)
[114/346] tpcds__customer_address_ca_zip__store_s_zip__filtered__T96__tierb: OK (2.8s)
[115/346] tpcds__web_sales_ws_warehouse_sk__warehouse_w_warehouse_sk__T16__tierb: OK (7.0s)
[116/346] tpcds__web_sales_ws_warehouse_sk__warehouse_w_warehouse_sk__T96__tierb: OK (3.8s)
[117/346] tpcds__web_sales_ws_ship_mode_sk__ship_mode_sm_ship_mode_sk__T16__tierb: OK (6.5s)
[118/346] tpcds__web_sales_ws_ship_mode_sk__ship_mode_sm_ship_mode_sk__T96__tierb: OK (3.9s)
[119/346] tpcds__catalog_sales_cs_ship_mode_sk__ship_mode_sm_ship_mode_sk__T16__tierb: OK (10.4s)
[120/346] tpcds__catalog_sales_cs_ship_mode_sk__ship_mode_sm_ship_mode_sk__T96__tierb: OK (4.9s)
[121/346] tpcds__web_sales_ws_ship_hdemo_sk__household_demographics_hd_demo_sk__T16__tierb: OK (7.0s)
[122/346] tpcds__web_sales_ws_ship_hdemo_sk__household_demographics_hd_demo_sk__T96__tierb: OK (3.8s)
[123/346] tpcds__web_sales_ws_ship_addr_sk__customer_address_ca_address_sk__T16__tierb: OK (11.7s)
[124/346] tpcds__web_sales_ws_ship_addr_sk__customer_address_ca_address_sk__T96__tierb: OK (4.8s)
[125/346] tpcds__catalog_sales_cs_ship_addr_sk__customer_address_ca_address_sk__T16__tierb: OK (20.7s)
[126/346] tpcds__catalog_sales_cs_ship_addr_sk__customer_address_ca_address_sk__T96__tierb: OK (6.6s)
[127/346] tpcds__web_returns_wr_returning_addr_sk__customer_address_ca_address_sk__T16__tierb: OK (3.7s)
[128/346] tpcds__web_returns_wr_returning_addr_sk__customer_address_ca_address_sk__T96__tierb: OK (3.2s)
[129/346] tpcds__customer_address_ca_county__store_s_county__T16__tierb: OK (2.6s)
[130/346] tpcds__customer_address_ca_county__store_s_county__T96__tierb: OK (2.8s)
[131/346] tpcds__customer_address_ca_county__store_s_county__filtered__T16__tierb: OK (2.6s)
[132/346] tpcds__customer_address_ca_county__store_s_county__filtered__T96__tierb: OK (2.8s)
[133/346] tpcds__customer_address_ca_state__store_s_state__T16__tierb: OK (2.8s)
[134/346] tpcds__customer_address_ca_state__store_s_state__T96__tierb: OK (2.8s)
[135/346] tpcds__customer_address_ca_state__store_s_state__filtered__T16__tierb: OK (2.7s)
[136/346] tpcds__customer_address_ca_state__store_s_state__filtered__T96__tierb: OK (2.8s)
[137/346] tpcds__customer_c_first_sales_date_sk__date_dim_d_date_sk__T16__tierb: OK (2.7s)
[138/346] tpcds__customer_c_first_sales_date_sk__date_dim_d_date_sk__T96__tierb: OK (2.9s)
[139/346] tpcds__customer_c_first_sales_date_sk__date_dim_d_date_sk__filtered__T16__tierb: OK (2.7s)
[140/346] tpcds__customer_c_first_sales_date_sk__date_dim_d_date_sk__filtered__T96__tierb: OK (2.9s)
[141/346] tpcds__customer_c_first_shipto_date_sk__date_dim_d_date_sk__T16__tierb: OK (2.7s)
[142/346] tpcds__customer_c_first_shipto_date_sk__date_dim_d_date_sk__T96__tierb: OK (2.9s)
[143/346] tpcds__customer_c_first_shipto_date_sk__date_dim_d_date_sk__filtered__T16__tierb: OK (2.7s)
[144/346] tpcds__customer_c_first_shipto_date_sk__date_dim_d_date_sk__filtered__T96__tierb: OK (2.9s)
[145/346] tpcds__catalog_sales_cs_sold_time_sk__time_dim_t_time_sk__T16__tierb: OK (10.8s)
[146/346] tpcds__catalog_sales_cs_sold_time_sk__time_dim_t_time_sk__T96__tierb: OK (4.7s)
[147/346] tpcds__inventory_inv_item_sk__catalog_sales_cs_item_sk__T16__tierb: OVER_BUDGET (144.5s)
[148/346] tpcds__inventory_inv_item_sk__catalog_sales_cs_item_sk__T96__tierb: OVER_BUDGET (36.9s)
[149/346] tpcds__catalog_sales_cs_bill_hdemo_sk__household_demographics_hd_demo_sk__T16__tierb: OK (11.7s)
[150/346] tpcds__catalog_sales_cs_bill_hdemo_sk__household_demographics_hd_demo_sk__T96__tierb: OK (4.8s)
[151/346] tpcds__store_returns_sr_store_sk__store_s_store_sk__T16__tierb: OK (4.4s)
[152/346] tpcds__store_returns_sr_store_sk__store_s_store_sk__T96__tierb: OK (3.2s)
[153/346] tpcds__store_returns_sr_store_sk__store_s_store_sk__filtered__T16__tierb: OK (3.6s)
[154/346] tpcds__store_returns_sr_store_sk__store_s_store_sk__filtered__T96__tierb: OK (3.0s)
[155/346] tpcds__web_returns_wr_web_page_sk__web_page_wp_web_page_sk__T16__tierb: OK (2.9s)
[156/346] tpcds__web_returns_wr_web_page_sk__web_page_wp_web_page_sk__T96__tierb: OK (2.8s)
[157/346] tpcds__store_sales_ss_item_sk__web_sales_ws_item_sk__T16__tierb: OVER_BUDGET (162.2s)
[158/346] tpcds__store_sales_ss_item_sk__web_sales_ws_item_sk__T96__tierb: OVER_BUDGET (39.3s)
[159/346] tpcds__store_sales_ss_item_sk__catalog_sales_cs_item_sk__T16__tierb: OVER_BUDGET (322.4s)
[160/346] tpcds__store_sales_ss_item_sk__catalog_sales_cs_item_sk__T96__tierb: OVER_BUDGET (77.0s)
[161/346] tpcds__catalog_sales_cs_catalog_page_sk__catalog_page_cp_catalog_page_sk__T16__tierb: OK (9.7s)
[162/346] tpcds__catalog_sales_cs_catalog_page_sk__catalog_page_cp_catalog_page_sk__T96__tierb: OK (4.5s)
[163/346] tpcds__web_sales_ws_promo_sk__promotion_p_promo_sk__T16__tierb: OK (6.7s)
[164/346] tpcds__web_sales_ws_promo_sk__promotion_p_promo_sk__T96__tierb: OK (3.7s)
[165/346] tpcds__catalog_returns_cr_returning_addr_sk__customer_address_ca_address_sk__T16__tierb: OK (4.7s)
[166/346] tpcds__catalog_returns_cr_returning_addr_sk__customer_address_ca_address_sk__T96__tierb: OK (3.4s)
[167/346] tpcds__store_returns_sr_item_sk__item_i_item_sk__T16__tierb: OK (4.5s)
[168/346] tpcds__store_returns_sr_item_sk__item_i_item_sk__T96__tierb: OK (3.3s)
[169/346] tpcds__store_returns_sr_item_sk__item_i_item_sk__filtered__T16__tierb: OK (3.4s)
[170/346] tpcds__store_returns_sr_item_sk__item_i_item_sk__filtered__T96__tierb: OK (3.1s)
[171/346] tpcds__catalog_returns_cr_item_sk__item_i_item_sk__T16__tierb: OK (3.6s)
[172/346] tpcds__catalog_returns_cr_item_sk__item_i_item_sk__T96__tierb: OK (3.1s)
[173/346] tpcds__catalog_returns_cr_item_sk__item_i_item_sk__filtered__T16__tierb: OK (3.1s)
[174/346] tpcds__catalog_returns_cr_item_sk__item_i_item_sk__filtered__T96__tierb: OK (3.0s)
[175/346] tpcds__web_returns_wr_item_sk__item_i_item_sk__T16__tierb: OK (3.2s)
[176/346] tpcds__web_returns_wr_item_sk__item_i_item_sk__T96__tierb: OK (3.0s)
[177/346] tpcds__web_returns_wr_item_sk__item_i_item_sk__filtered__T16__tierb: OK (2.9s)
[178/346] tpcds__web_returns_wr_item_sk__item_i_item_sk__filtered__T96__tierb: OK (3.0s)
[179/346] tpcds__store_returns_sr_cdemo_sk__customer_demographics_cd_demo_sk__T16__tierb: OK (6.5s)
[180/346] tpcds__store_returns_sr_cdemo_sk__customer_demographics_cd_demo_sk__T96__tierb: OK (3.9s)
[181/346] tpcds__web_returns_wr_refunded_cdemo_sk__customer_demographics_cd_demo_sk__T16__tierb: OK (3.8s)
[182/346] tpcds__web_returns_wr_refunded_cdemo_sk__customer_demographics_cd_demo_sk__T96__tierb: OK (3.3s)
[183/346] tpcds__web_returns_wr_returning_cdemo_sk__customer_demographics_cd_demo_sk__T16__tierb: OK (3.9s)
[184/346] tpcds__web_returns_wr_returning_cdemo_sk__customer_demographics_cd_demo_sk__T96__tierb: OK (3.3s)
[185/346] tpcds__web_returns_wr_refunded_addr_sk__customer_address_ca_address_sk__T16__tierb: OK (3.7s)
[186/346] tpcds__web_returns_wr_refunded_addr_sk__customer_address_ca_address_sk__T96__tierb: OK (3.1s)
[187/346] tpcds__web_returns_wr_reason_sk__reason_r_reason_sk__T16__tierb: OK (3.1s)
[188/346] tpcds__web_returns_wr_reason_sk__reason_r_reason_sk__T96__tierb: OK (3.0s)
[189/346] tpcds__catalog_returns_cr_call_center_sk__call_center_cc_call_center_sk__T16__tierb: OK (3.7s)
[190/346] tpcds__catalog_returns_cr_call_center_sk__call_center_cc_call_center_sk__T96__tierb: OK (3.1s)
[191/346] tpcds__customer_c_customer_sk__catalog_returns_cr_returning_customer_sk__T16__tierb: OK (7.4s)
[192/346] tpcds__customer_c_customer_sk__catalog_returns_cr_returning_customer_sk__T96__tierb: OK (5.0s)
[193/346] tpcds__store_returns_sr_reason_sk__reason_r_reason_sk__T16__tierb: OK (4.6s)
[194/346] tpcds__store_returns_sr_reason_sk__reason_r_reason_sk__T96__tierb: OK (3.4s)
[195/346] job__movie_companies_movie_id__title_id__T16__tierb: OK (3.4s)
[196/346] job__movie_companies_movie_id__title_id__T96__tierb: OK (3.3s)
[197/346] job__movie_companies_movie_id__title_id__filtered__T16__tierb: OK (3.0s)
[198/346] job__movie_companies_movie_id__title_id__filtered__T96__tierb: OK (3.3s)
[199/346] job__movie_keyword_movie_id__title_id__T16__tierb: OK (3.4s)
[200/346] job__movie_keyword_movie_id__title_id__T96__tierb: OK (3.4s)
[201/346] job__movie_keyword_movie_id__title_id__filtered__T16__tierb: OK (3.0s)
[202/346] job__movie_keyword_movie_id__title_id__filtered__T96__tierb: OK (3.2s)
[203/346] job__movie_keyword_keyword_id__keyword_id__T16__tierb: OK (3.0s)
[204/346] job__movie_keyword_keyword_id__keyword_id__T96__tierb: OK (2.9s)
[205/346] job__movie_keyword_keyword_id__keyword_id__filtered__T16__tierb: OK (2.6s)
[206/346] job__movie_keyword_keyword_id__keyword_id__filtered__T96__tierb: OK (2.8s)
[207/346] job__movie_companies_company_id__company_name_id__T16__tierb: OK (3.1s)
[208/346] job__movie_companies_company_id__company_name_id__T96__tierb: OK (3.0s)
[209/346] job__movie_companies_company_id__company_name_id__filtered__T16__tierb: OK (2.8s)
[210/346] job__movie_companies_company_id__company_name_id__filtered__T96__tierb: OK (2.9s)
[211/346] job__movie_info_movie_id__title_id__T16__tierb: OK (6.3s)
[212/346] job__movie_info_movie_id__title_id__T96__tierb: OK (5.1s)
[213/346] job__movie_info_movie_id__title_id__filtered__T16__tierb: OK (5.2s)
[214/346] job__movie_info_movie_id__title_id__filtered__T96__tierb: OK (5.1s)
[215/346] job__cast_info_movie_id__title_id__T16__tierb: OK (10.8s)
[216/346] job__cast_info_movie_id__title_id__T96__tierb: OK (5.1s)
[217/346] job__cast_info_movie_id__title_id__filtered__T16__tierb: OK (6.1s)
[218/346] job__cast_info_movie_id__title_id__filtered__T96__tierb: OK (4.1s)
[219/346] job__cast_info_person_id__name_id__T16__tierb: OK (7.6s)
[220/346] job__cast_info_person_id__name_id__T96__tierb: OK (4.8s)
[221/346] job__movie_info_info_type_id__info_type_id__T16__tierb: OK (5.0s)
[222/346] job__movie_info_info_type_id__info_type_id__T96__tierb: OK (4.5s)
[223/346] job__movie_info_info_type_id__info_type_id__filtered__T16__tierb: OK (4.7s)
[224/346] job__movie_info_info_type_id__info_type_id__filtered__T96__tierb: OK (4.4s)
[225/346] job__movie_keyword_movie_id__movie_companies_movie_id__T16__tierb: OK (5.0s)
[226/346] job__movie_keyword_movie_id__movie_companies_movie_id__T96__tierb: OK (4.0s)
[227/346] job__title_id__movie_info_idx_movie_id__T16__tierb: OK (3.1s)
[228/346] job__title_id__movie_info_idx_movie_id__T96__tierb: OK (3.0s)
[229/346] job__movie_info_idx_info_type_id__info_type_id__T16__tierb: OK (2.7s)
[230/346] job__movie_info_idx_info_type_id__info_type_id__T96__tierb: OK (2.8s)
[231/346] job__movie_info_idx_info_type_id__info_type_id__filtered__T16__tierb: OK (2.6s)
[232/346] job__movie_info_idx_info_type_id__info_type_id__filtered__T96__tierb: OK (2.8s)
[233/346] job__movie_info_movie_id__movie_companies_movie_id__T16__tierb: OK (11.4s)
[234/346] job__movie_info_movie_id__movie_companies_movie_id__T96__tierb: OK (6.2s)
[235/346] job__movie_companies_company_type_id__company_type_id__T16__tierb: OK (2.8s)
[236/346] job__movie_companies_company_type_id__company_type_id__T96__tierb: OK (2.8s)
[237/346] job__movie_companies_company_type_id__company_type_id__filtered__T16__tierb: OK (2.7s)
[238/346] job__movie_companies_company_type_id__company_type_id__filtered__T96__tierb: OK (2.8s)
[239/346] job__movie_info_movie_id__movie_keyword_movie_id__T16__tierb: OK (18.4s)
[240/346] job__movie_info_movie_id__movie_keyword_movie_id__T96__tierb: OK (9.1s)
[241/346] job__cast_info_movie_id__movie_keyword_movie_id__T16__tierb: OK (15.1s)
[242/346] job__cast_info_movie_id__movie_keyword_movie_id__T96__tierb: OK (6.1s)
[243/346] job__cast_info_movie_id__movie_companies_movie_id__T16__tierb: OK (20.3s)
[244/346] job__cast_info_movie_id__movie_companies_movie_id__T96__tierb: OK (7.2s)
[245/346] job__movie_info_movie_id__movie_info_idx_movie_id__T16__tierb: OK (6.4s)
[246/346] job__movie_info_movie_id__movie_info_idx_movie_id__T96__tierb: OK (4.9s)
[247/346] job__title_kind_id__kind_type_id__T16__tierb: OK (2.8s)
[248/346] job__title_kind_id__kind_type_id__T96__tierb: OK (2.8s)
[249/346] job__movie_companies_movie_id__movie_info_idx_movie_id__T16__tierb: OK (3.2s)
[250/346] job__movie_companies_movie_id__movie_info_idx_movie_id__T96__tierb: OK (3.0s)
[251/346] job__movie_keyword_movie_id__movie_info_idx_movie_id__T16__tierb: OK (3.3s)
[252/346] job__movie_keyword_movie_id__movie_info_idx_movie_id__T96__tierb: OK (3.1s)
[253/346] job__name_id__aka_name_person_id__T16__tierb: OK (3.2s)
[254/346] job__name_id__aka_name_person_id__T96__tierb: OK (3.0s)
[255/346] job__cast_info_person_id__aka_name_person_id__T16__tierb: OK (6.2s)
[256/346] job__cast_info_person_id__aka_name_person_id__T96__tierb: OK (3.9s)
[257/346] job__cast_info_person_role_id__char_name_id__T16__tierb: OK (5.5s)
[258/346] job__cast_info_person_role_id__char_name_id__T96__tierb: OK (3.8s)
[259/346] job__cast_info_movie_id__movie_info_movie_id__T16__tierb: OK (132.3s)
[260/346] job__cast_info_movie_id__movie_info_movie_id__T96__tierb: OK (38.1s)
[261/346] job__title_id__complete_cast_movie_id__T16__tierb: OK (2.9s)
[262/346] job__title_id__complete_cast_movie_id__T96__tierb: OK (2.9s)
[263/346] job__movie_keyword_movie_id__complete_cast_movie_id__T16__tierb: OK (2.9s)
[264/346] job__movie_keyword_movie_id__complete_cast_movie_id__T96__tierb: OK (2.9s)
[265/346] job__complete_cast_status_id__comp_cast_type_id__T16__tierb: OK (2.6s)
[266/346] job__complete_cast_status_id__comp_cast_type_id__T96__tierb: OK (2.7s)
[267/346] job__cast_info_role_id__role_type_id__T16__tierb: OK (5.0s)
[268/346] job__cast_info_role_id__role_type_id__T96__tierb: OK (3.4s)
[269/346] job__movie_link_link_type_id__link_type_id__T16__tierb: OK (2.5s)
[270/346] job__movie_link_link_type_id__link_type_id__T96__tierb: OK (2.7s)
[271/346] job__complete_cast_subject_id__comp_cast_type_id__T16__tierb: OK (2.6s)
[272/346] job__complete_cast_subject_id__comp_cast_type_id__T96__tierb: OK (2.7s)
[273/346] job__title_id__movie_link_movie_id__T16__tierb: OK (2.7s)
[274/346] job__title_id__movie_link_movie_id__T96__tierb: OK (2.8s)
[275/346] job__cast_info_movie_id__movie_info_idx_movie_id__T16__tierb: OK (10.5s)
[276/346] job__cast_info_movie_id__movie_info_idx_movie_id__T96__tierb: OK (4.5s)
[277/346] job__movie_info_movie_id__complete_cast_movie_id__T16__tierb: OK (5.1s)
[278/346] job__movie_info_movie_id__complete_cast_movie_id__T96__tierb: OK (4.6s)
[279/346] job__movie_companies_movie_id__movie_link_movie_id__T16__tierb: OK (2.7s)
[280/346] job__movie_companies_movie_id__movie_link_movie_id__T96__tierb: OK (2.8s)
[281/346] job__cast_info_movie_id__complete_cast_movie_id__T16__tierb: OK (5.0s)
[282/346] job__cast_info_movie_id__complete_cast_movie_id__T96__tierb: OK (3.4s)
[283/346] job__movie_companies_movie_id__complete_cast_movie_id__T16__tierb: OK (2.8s)
[284/346] job__movie_companies_movie_id__complete_cast_movie_id__T96__tierb: OK (2.9s)
[285/346] job__movie_keyword_movie_id__movie_link_movie_id__T16__tierb: OK (2.7s)
[286/346] job__movie_keyword_movie_id__movie_link_movie_id__T96__tierb: OK (2.9s)
[287/346] job__movie_info_idx_movie_id__complete_cast_movie_id__T16__tierb: OK (2.7s)
[288/346] job__movie_info_idx_movie_id__complete_cast_movie_id__T96__tierb: OK (2.9s)
[289/346] job__title_id__movie_link_linked_movie_id__T16__tierb: OK (2.7s)
[290/346] job__title_id__movie_link_linked_movie_id__T96__tierb: OK (2.8s)
[291/346] job__name_id__person_info_person_id__T16__tierb: OK (5.0s)
[292/346] job__name_id__person_info_person_id__T96__tierb: OK (4.7s)
[293/346] job__person_info_info_type_id__info_type_id__T16__tierb: OK (3.3s)
[294/346] job__person_info_info_type_id__info_type_id__T96__tierb: OK (3.0s)
[295/346] job__person_info_info_type_id__info_type_id__filtered__T16__tierb: OK (3.0s)
[296/346] job__person_info_info_type_id__info_type_id__filtered__T96__tierb: OK (2.9s)
[297/346] job__cast_info_person_id__person_info_person_id__T16__tierb: OK (32.1s)
[298/346] job__cast_info_person_id__person_info_person_id__T96__tierb: OK (15.2s)
[299/346] job__movie_info_movie_id__movie_link_movie_id__T16__tierb: OK (4.8s)
[300/346] job__movie_info_movie_id__movie_link_movie_id__T96__tierb: OK (4.5s)
[301/346] job__title_id__aka_title_movie_id__T16__tierb: OK (2.8s)
[302/346] job__title_id__aka_title_movie_id__T96__tierb: OK (2.9s)
[303/346] job__movie_keyword_movie_id__aka_title_movie_id__T16__tierb: OK (3.0s)
[304/346] job__movie_keyword_movie_id__aka_title_movie_id__T96__tierb: OK (3.0s)
[305/346] job__movie_info_movie_id__aka_title_movie_id__T16__tierb: OK (5.6s)
[306/346] job__movie_info_movie_id__aka_title_movie_id__T96__tierb: OK (4.7s)
[307/346] job__movie_companies_movie_id__aka_title_movie_id__T16__tierb: OK (3.0s)
[308/346] job__movie_companies_movie_id__aka_title_movie_id__T96__tierb: OK (2.9s)
[309/346] job__person_info_person_id__aka_name_person_id__T16__tierb: OK (3.7s)
[310/346] job__person_info_person_id__aka_name_person_id__T96__tierb: OK (3.2s)
[311/346] job__cast_info_movie_id__movie_link_linked_movie_id__T16__tierb: OK (4.6s)
[312/346] job__cast_info_movie_id__movie_link_linked_movie_id__T96__tierb: OK (3.3s)
[313/346] job__complete_cast_movie_id__movie_link_movie_id__T16__tierb: OK (2.5s)
[314/346] job__complete_cast_movie_id__movie_link_movie_id__T96__tierb: OK (2.7s)
[315/346] job__movie_info_idx_movie_id__movie_link_movie_id__T16__tierb: OK (2.6s)
[316/346] job__movie_info_idx_movie_id__movie_link_movie_id__T96__tierb: OK (2.8s)
[317/346] job__movie_info_idx_movie_id__movie_link_linked_movie_id__T16__tierb: OK (2.7s)
[318/346] job__movie_info_idx_movie_id__movie_link_linked_movie_id__T96__tierb: OK (2.7s)
[319/346] job__movie_companies_movie_id__movie_link_linked_movie_id__T16__tierb: OK (2.7s)
[320/346] job__movie_companies_movie_id__movie_link_linked_movie_id__T96__tierb: OK (2.8s)
[321/346] coffeeshop__fact_sales_location_id__dim_locations_location_id__T16__tierb: OK (196.8s)
[322/346] coffeeshop__fact_sales_location_id__dim_locations_location_id__T96__tierb: OK (45.4s)
[323/346] coffeeshop__fact_sales_product_name__dim_products_name__T16__tierb: OK (307.2s)
[324/346] coffeeshop__fact_sales_product_name__dim_products_name__T96__tierb: OK (71.6s)
[325/346] coffeeshop__fact_sales_product_id__dim_products_product_id__T16__tierb: OK (352.5s)
[326/346] coffeeshop__fact_sales_product_id__dim_products_product_id__T96__tierb: OK (81.5s)
[327/346] tpcds__store_sales_ss_item_sk__store_returns_sr_item_sk__composite__T16__tierb: OK (18.9s)
[328/346] tpcds__store_sales_ss_item_sk__store_returns_sr_item_sk__composite__T96__tierb: OK (8.6s)
[329/346] tpcds__catalog_sales_cs_item_sk__catalog_returns_cr_item_sk__composite__T16__tierb: OK (10.6s)
[330/346] tpcds__catalog_sales_cs_item_sk__catalog_returns_cr_item_sk__composite__T96__tierb: OK (5.6s)
[331/346] tpcds__web_sales_ws_item_sk__web_returns_wr_item_sk__composite__T16__tierb: OK (6.4s)
[332/346] tpcds__web_sales_ws_item_sk__web_returns_wr_item_sk__composite__T96__tierb: OK (4.5s)
[333/346] tpch__lineitem_l_partkey__partsupp_ps_partkey__composite__T16__tierb: OK (40.0s)
[334/346] tpch__lineitem_l_partkey__partsupp_ps_partkey__composite__T96__tierb: OK (13.9s)
[335/346] stackoverflow__votes_PostId__posts_Id__T16__tierb: OK (50.7s)
[336/346] stackoverflow__votes_PostId__posts_Id__T96__tierb: OK (21.2s)
[337/346] stackoverflow__comments_PostId__posts_Id__T16__tierb: OK (36.6s)
[338/346] stackoverflow__comments_PostId__posts_Id__T96__tierb: OK (19.8s)
[339/346] stackoverflow__posts_OwnerUserId__users_Id__T16__tierb: OK (40.4s)
[340/346] stackoverflow__posts_OwnerUserId__users_Id__T96__tierb: OK (15.6s)
[341/346] stackoverflow__badges_UserId__users_Id__T16__tierb: OK (17.5s)
[342/346] stackoverflow__badges_UserId__users_Id__T96__tierb: OK (10.7s)
[343/346] stackoverflow__comments_UserId__users_Id__T16__tierb: OK (47.5s)
[344/346] stackoverflow__comments_UserId__users_Id__T96__tierb: OK (16.5s)
[345/346] stackoverflow__postlinks_RelatedPostId__posts_Id__T16__tierb: OK (20.8s)
[346/346] stackoverflow__postlinks_RelatedPostId__posts_Id__T96__tierb: OK (15.9s)
sweep done: 346 run, 11 not OK/FALLBACK
EXIT=1
