=== stop arm A so its root is quiescent for cloning 2026-07-29T19:18:20Z
stopped pid 3924839
=== clone arm A -> A/A control root 2026-07-29T19:18:26Z
cloned /mnt/data/probe_camp_jbmt/a/data -> /mnt/data/probe_camp_jbmt/c/data (hardlinks: shared inodes, shared page cache, zero data bytes)
=== restart arm A 2026-07-29T19:18:26Z
arm armA up: pid=3927076 tcp=9005 http=8125 root=/mnt/data/probe_camp_jbmt/a/data
=== start A/A control server (baseline) on 9007 2026-07-29T19:18:27Z
arm aaC up: pid=3927569 tcp=9007 http=8127 root=/mnt/data/probe_camp_jbmt/c/data
=== server identity per port (independent of the arm's client hash) ===
port 9005 GIT_HASH: a05f3ee81ff8411759637fa367aad62e72726e71
port 9006 GIT_HASH: b425c8108950255b36642f9af9d0d9eec23619ab
port 9007 GIT_HASH: a05f3ee81ff8411759637fa367aad62e72726e71
=== jbmt A/A sweep (10 units, K0..K9) 2026-07-29T19:18:28Z
arms: aaA=/mnt/ch/ClickHouse/tmp/probe_campaign_20260729/bins/clickhouse-baseline-a05f3ee81ff.bin:9005 sha=0d32ef1c96e6, aaB=/mnt/ch/ClickHouse/tmp/probe_campaign_20260729/bins/clickhouse-baseline-a05f3ee81ff.bin:9007 sha=0d32ef1c96e6
algorithms: parallel_hash
shard 0/1: 10 units, 0 done, 10 to run
[1/10] D1000000_K2_mb1_mp64_h1.0_bp8_pp8_T8: OK (37.7s)
[2/10] D262144_K5_mb1_mp256_h1.0_bp8_pp8_T16: OK (50.2s)
[3/10] D32000000_K4_mb1_mp1_h1.0_bp8_pp8_T16: OK (30.7s)
[4/10] D32000000_K6_mb16_mp1_h1.0_bp8_pp8_T96: OK (465.9s)
[5/10] D32000000_K8_mb1_mp1_h1.0_bp8_pp8_T16: OK (18.9s)
[6/10] D32000000_K9_mb16_mp1_h1.0_bp8_pp8_T96: OK (352.3s)
[7/10] D65536_K0_mb1_mp16_h1.0_bp8_pp8_T16: OK (4.7s)
[8/10] D8000000_K1_mb1_mp1_h1.0_bp8_pp8_T16: OK (7.4s)
[9/10] D8000000_K3_mb16_mp1_h1.0_bp8_pp8_T96: OK (142.2s)
[10/10] D8000000_K7_mb16_mp1_h1.0_bp8_pp8_T96: OK (140.7s)
sweep done: 10 run, 0 not OK/FALLBACK
=== A/A sweep done 2026-07-29T19:39:22Z
EXIT=0
