stealing sweep: 94 cells planned, 0 already complete, 94 queued (costliest first) across 8 shards
shard 4: str:probe.inner_all.S5.T96 OK (139s, 86 left)
shard 7: fixstr:probe.inner_all.S5.T96 OK (147s, 85 left)
shard 1: mixed:probe.inner_all.S5.T96 OK (181s, 84 left)
shard 5: key32:probe.inner_all.S5.T96 OK (190s, 83 left)
shard 3: k256:probe.inner_all.S5.T96 OK (193s, 82 left)
shard 6: key64:probe.inner_all.S5.T96 OK (199s, 81 left)
shard 7: k256:probe.inner_all.S4.T96 OK (81s, 80 left)
shard 2: null64:probe.inner_all.S5.T96 OK (241s, 79 left)
shard 3: mixed:probe.inner_all.S3.T96 OK (72s, 78 left)
shard 6: str:probe.inner_all.S4.T96 OK (69s, 77 left)
shard 5: k256:probe.inner_all.S4.T48 OK (98s, 76 left)
shard 4: k128:probe.inner_all.S5.T96 OK (161s, 75 left)
shard 2: str:probe.inner_all.S4.T48 OK (77s, 74 left)
shard 3: str:probe.left_all.S4.T96 OK (70s, 73 left)
shard 5: str:probe.any.S4.T96 OK (71s, 72 left)
shard 4: str:probe.semi_anti.S4.T96 OK (70s, 71 left)
shard 6: str:probe.rf_all.S4.T96 OK (122s, 70 left)
shard 3: mixed:probe.inner_all.S2.T96 OK (65s, 69 left)
shard 2: str:probe.asof.S4.T96 OK (110s, 68 left)
shard 5: k256:probe.inner_all.S3.T96 OK (76s, 67 left)
shard 4: k256:probe.inner_all.S2.T96 OK (72s, 66 left)
shard 6: k256:probe.inner_all.S1.T96 OK (69s, 65 left)
shard 3: str:probe.inner_all.S3.T96 OK (63s, 64 left)
shard 2: str:probe.inner_all.S2.T96 OK (61s, 63 left)
shard 5: str:probe.left_all.S2.T96 OK (61s, 62 left)
shard 4: str:probe.rf_all.S2.T96 OK (65s, 61 left)
shard 6: str:probe.any.S2.T96 OK (60s, 60 left)
shard 3: str:probe.semi_anti.S2.T96 OK (60s, 59 left)
shard 0: lcstr:probe.inner_all.S5.T96 OK (542s, 58 left)
shard 2: str:probe.asof.S2.T96 OK (65s, 57 left)
shard 5: str:probe.inner_all.S1.T96 OK (59s, 56 left)
shard 6: key64:probe.inner_all.S4.T96 OK (84s, 55 left)
shard 4: lcstr:probe.inner_all.S3.T96 OK (103s, 54 left)
shard 2: key64:probe.left_all.S4.T96 OK (86s, 53 left)
shard 0: key64:probe.inner_all.S4.T48 OK (97s, 52 left)
shard 6: key64:probe.any.S4.T96 OK (84s, 51 left)
shard 4: key64:probe.semi_anti.S4.T96 OK (85s, 50 left)
shard 0: lcstr:probe.inner_all.S2.T96 OK (90s, 49 left)
shard 5: key64:probe.rf_all.S4.T96 OK (192s, 48 left)
shard 4: str:probe.inner_all.S3.T96.h50 OK (60s, 47 left)
shard 6: mixed:build.inner_all.S5.T96 OK (95s, 46 left)
shard 2: key64:probe.asof.S4.T96 OK (151s, 45 left)
shard 4: fixstr:probe.inner_all.S3.T96 OK (65s, 44 left)
shard 0: k256:build.inner_all.S5.T96 OK (97s, 43 left)
shard 5: str:build.inner_all.S5.T96 OK (88s, 42 left)
shard 6: fixstr:probe.inner_all.S2.T96 OK (60s, 41 left)
shard 2: k128:probe.inner_all.S3.T96 OK (69s, 40 left)
shard 4: k128:probe.inner_all.S2.T96 OK (66s, 39 left)
shard 0: str:probe.semi_anti.S4.T96.anti OK (61s, 38 left)
shard 6: str:probe.inner_all.S3.T96.h05 FAILED rc=1 (55s, 37 left)
shard 2: k256:probe.inner_all.S2.T48 OK (67s, 36 left)
shard 5: key64:build.inner_all.S5.T96 OK (107s, 35 left)
shard 0: str:probe.inner_all.S2.T48 OK (57s, 34 left)
shard 6: str:probe.semi_anti.S2.T96.anti FAILED rc=1 (52s, 33 left)
shard 4: null64:probe.inner_all.S3.T96 OK (67s, 32 left)
shard 2: key64:probe.semi_anti.S4.T96.anti OK (66s, 31 left)
shard 0: key32:probe.inner_all.S3.T96 OK (62s, 30 left)
shard 5: null64:probe.inner_all.S2.T96 OK (64s, 29 left)
shard 6: key64:probe.inner_all.S3.T96 OK (63s, 28 left)
shard 4: key64:probe.left_all.S3.T96.jun OK (69s, 27 left)
shard 2: key64:probe.inner_all.S3.T96.statson OK (65s, 26 left)
shard 0: key32:probe.inner_all.S2.T96 OK (59s, 25 left)
shard 5: key64:probe.inner_all.S2.T96 OK (61s, 24 left)
shard 6: key64:probe.left_all.S2.T96 OK (60s, 23 left)
shard 4: key64:probe.rf_all.S2.T96 OK (63s, 22 left)
shard 2: key64:probe.any.S2.T96 OK (61s, 21 left)
shard 0: key64:probe.semi_anti.S2.T96 OK (60s, 20 left)
shard 6: key64:probe.inner_all.S1.T96 OK (59s, 19 left)
shard 5: key64:probe.asof.S2.T96 OK (65s, 18 left)
shard 4: key64:probe.inner_all.S3.T96.h50 OK (60s, 17 left)
shard 2: key64:probe.inner_all.S3.T96.h05 FAILED rc=1 (56s, 16 left)
shard 6: key64:probe.semi_anti.S2.T96.anti FAILED rc=1 (50s, 15 left)
shard 0: key64:probe.inner_all.S2.T48 OK (57s, 14 left)
shard 5: str:build.inner_all.S3.T96.dup16 FAILED rc=1 (55s, 13 left)
shard 4: str:build.left_all.S3.T96.dup16 FAILED rc=1 (54s, 12 left)
shard 2: key64:build.inner_all.S3.T96.dup16 OK (60s, 11 left)
shard 0: mixed:build.inner_all.S3.T96 FAILED rc=1 (52s, 10 left)
shard 5: k256:build.inner_all.S3.T96 FAILED rc=1 (53s, 9 left)
shard 6: key64:build.left_all.S3.T96.dup16 OK (59s, 8 left)
shard 7: str:probe.inner_all.S4.T1 OK (1022s, 7 left)
shard 4: str:build.inner_all.S3.T96 FAILED rc=1 (52s, 6 left)
shard 2: key64:build.inner_all.S3.T96 FAILED rc=1 (53s, 5 left)
shard 6: key64:build.inner_all.S3.T96.statson FAILED rc=1 (52s, 4 left)
shard 5: key64:build.inner_all.S3.T48 FAILED rc=1 (53s, 3 left)
shard 4: str:probe.inner_all.S2.T1 OK (57s, 2 left)
shard 7: k256:probe.inner_all.S2.T1 OK (65s, 1 left)
shard 0: key64:build.inner_all.S3.T1 OK (104s, 0 left)
shard 6: mixed:build.inner_all.S2.T96 FAILED rc=1 (50s, 0 left)
shard 2: key64:probe.inner_all.S2.T1 OK (57s, 0 left)
shard 5: k256:build.inner_all.S2.T96 FAILED rc=1 (51s, 0 left)
shard 4: str:build.inner_all.S2.T96 FAILED rc=1 (50s, 0 left)
shard 7: key64:build.inner_all.S2.T96 FAILED rc=1 (49s, 0 left)
shard 3: key64:probe.inner_all.S4.T1 OK (1757s, 0 left)
shard 1: k256:probe.inner_all.S4.T1 OK (2131s, 0 left)
FLEET_STEALING RESULT: cells_run=94 cells_failed=16 shard0=12 shard1=2 shard2=16 shard3=7 shard4=18 shard5=16 shard6=18 shard7=5 -> FAIL
  FAILED str:probe.inner_all.S3.T96.h05 on shard 6 rc=1
  FAILED str:probe.semi_anti.S2.T96.anti on shard 6 rc=1
  FAILED key64:probe.inner_all.S3.T96.h05 on shard 2 rc=1
  FAILED key64:probe.semi_anti.S2.T96.anti on shard 6 rc=1
  FAILED str:build.inner_all.S3.T96.dup16 on shard 5 rc=1
  FAILED str:build.left_all.S3.T96.dup16 on shard 4 rc=1
  FAILED mixed:build.inner_all.S3.T96 on shard 0 rc=1
  FAILED k256:build.inner_all.S3.T96 on shard 5 rc=1
  FAILED str:build.inner_all.S3.T96 on shard 4 rc=1
  FAILED key64:build.inner_all.S3.T96 on shard 2 rc=1
  FAILED key64:build.inner_all.S3.T96.statson on shard 6 rc=1
  FAILED key64:build.inner_all.S3.T48 on shard 5 rc=1
  FAILED mixed:build.inner_all.S2.T96 on shard 6 rc=1
  FAILED k256:build.inner_all.S2.T96 on shard 5 rc=1
  FAILED str:build.inner_all.S2.T96 on shard 4 rc=1
  FAILED key64:build.inner_all.S2.T96 on shard 7 rc=1
EXIT=1
