server up join_algorithm=unified_hash max_threads=16
--- uhj/q8: default settings, fresh stats cache ---
  run1(default) 9.074
  run2(default) 0.733
  run3(default) 0.737
  PLAN: identical cold vs warm
--- uhj/q8: collect_hash_table_stats_during_joins=0 ---
  run1(nostats) 0.858
  run2(nostats) 0.696
--- uhj/q8: join_runtime_filter_size_from_hash_table_stats=0 ---
  run1(norfstats) 0.681
  run2(norfstats) 0.685
--- uhj/q8: enable_join_runtime_filters=0 ---
  run1(norf) 123.035
  run2(norf) 122.543
    ┌─query_id──────────┬─────sec─┬─mem───────┬─rf_created─┬─rf_checked─┬─rf_passed─┬─rf_blk_skipped─┬─prealloc─┬──sel_rows─┬─sel_marks─┐
 1. │ uhj_q8_run1       │    9.27 │ 1.72 GiB  │          6 │  240477851 │   1865467 │          10117 │        0 │ 272643171 │     36836 │
 2. │ uhj_q8_run2       │   0.767 │ 1.69 GiB  │          6 │  241854107 │   3241723 │          10080 │ 24453056 │ 272643171 │     36836 │
 3. │ uhj_q8_run3       │   0.894 │ 1.72 GiB  │          6 │  241854107 │   3241723 │          10080 │ 24453056 │ 272643171 │     36836 │
 4. │ uhj_q8_run4       │   0.726 │ 1.71 GiB  │          6 │  241854107 │   3241723 │          10080 │ 24453056 │ 272643171 │     36836 │
 5. │ uhj_q8_run5       │   0.752 │ 1.69 GiB  │          6 │  241854107 │   3241723 │          10080 │ 24453056 │ 272643171 │     36836 │
 6. │ uhj_q8_run6       │   0.743 │ 1.69 GiB  │          6 │  241788571 │   3176187 │          10081 │ 24453056 │ 272643171 │     36836 │
 7. │ uhj_q8_def1       │   9.079 │ 1.72 GiB  │          6 │  240608923 │   1996539 │          10115 │        0 │ 272643171 │     36836 │
 8. │ uhj_q8_def2       │   0.738 │ 1.71 GiB  │          6 │  241854107 │   3241723 │          10080 │ 24453056 │ 272643171 │     36836 │
 9. │ uhj_q8_def3       │   0.742 │ 1.69 GiB  │          6 │  241854107 │   3241723 │          10080 │ 24453056 │ 272643171 │     36836 │
10. │ uhj_q8_nostats1   │   0.863 │ 1.71 GiB  │          6 │  240805531 │   2193147 │          10112 │        0 │ 272643171 │     36836 │
11. │ uhj_q8_nostats2   │     0.7 │ 1.71 GiB  │          6 │  240805531 │   2193147 │          10112 │        0 │ 272643171 │     36836 │
12. │ uhj_q8_norfstats1 │   0.686 │ 1.69 GiB  │          6 │  240805531 │   2193147 │          10112 │ 24453056 │ 272643171 │     36836 │
13. │ uhj_q8_norfstats2 │    0.69 │ 1.69 GiB  │          6 │  240805531 │   2193147 │          10112 │ 24453056 │ 272643171 │     36836 │
14. │ uhj_q8_norf1      │ 123.133 │ 11.84 GiB │          0 │          0 │         0 │              0 │ 24853057 │ 272643171 │     36836 │
15. │ uhj_q8_norf2      │ 122.639 │ 11.83 GiB │          0 │          0 │         0 │              0 │ 24853057 │ 272643171 │     36836 │
    └───────────────────┴─────────┴───────────┴────────────┴────────────┴───────────┴────────────────┴──────────┴───────────┴───────────┘
server up join_algorithm=unified_hash max_threads=16
--- uhj/q54: default settings, fresh stats cache ---
  run1(default) 29.582
  run2(default) 29.377
  run3(default) 29.257
  PLAN: identical cold vs warm
--- uhj/q54: collect_hash_table_stats_during_joins=0 ---
  run1(nostats) 29.294
  run2(nostats) 29.120
--- uhj/q54: join_runtime_filter_size_from_hash_table_stats=0 ---
  run1(norfstats) 29.038
  run2(norfstats) 29.412
--- uhj/q54: enable_join_runtime_filters=0 ---
  run1(norf) 29.234
  run2(norf) 28.988
    ┌─query_id───────────┬────sec─┬─mem──────┬─rf_created─┬─rf_checked─┬─rf_passed─┬─rf_blk_skipped─┬─prealloc─┬──sel_rows─┬─sel_marks─┐
 1. │ uhj_q54_run1       │ 29.872 │ 9.75 GiB │          6 │   15720161 │   6332218 │           9110 │ 78030313 │ 101523115 │     12397 │
 2. │ uhj_q54_run2       │ 29.424 │ 9.74 GiB │          6 │   15761763 │   6378034 │           9109 │ 78103474 │ 101523115 │     12397 │
 3. │ uhj_q54_run3       │ 28.309 │ 9.74 GiB │          6 │   15739307 │   6353873 │           9116 │ 78101332 │ 101523115 │     12397 │
 4. │ uhj_q54_run4       │ 29.026 │ 9.73 GiB │          6 │   15770297 │   6382932 │           9116 │ 78097605 │ 101523115 │     12397 │
 5. │ uhj_q54_run5       │ 29.414 │ 9.73 GiB │          6 │   15773059 │   6387723 │           9118 │ 78099304 │ 101523115 │     12397 │
 6. │ uhj_q54_run6       │ 28.943 │ 9.74 GiB │          6 │   15774749 │   6392699 │           9124 │ 78103595 │ 101523115 │     12397 │
 7. │ uhj_q54_def1       │ 29.611 │ 9.75 GiB │          6 │   15733850 │   6342577 │           9104 │ 78027842 │ 101523115 │     12397 │
 8. │ uhj_q54_def2       │ 29.406 │ 9.74 GiB │          6 │   15770514 │   6383799 │           9099 │ 78098635 │ 101523115 │     12397 │
 9. │ uhj_q54_def3       │ 29.287 │ 9.75 GiB │          6 │   15778683 │   6394015 │           9119 │ 78101927 │ 101523115 │     12397 │
10. │ uhj_q54_nostats1   │ 29.323 │ 9.74 GiB │          6 │   15775190 │   6389241 │           9105 │ 78024162 │ 101523115 │     12397 │
11. │ uhj_q54_nostats2   │  29.15 │ 9.73 GiB │          6 │   15768665 │   6385504 │           9114 │ 78017413 │ 101523115 │     12397 │
12. │ uhj_q54_norfstats1 │ 29.067 │ 9.73 GiB │          6 │   15763857 │   6379529 │           9109 │ 78087338 │ 101523115 │     12397 │
13. │ uhj_q54_norfstats2 │ 29.442 │ 9.74 GiB │          6 │   15774146 │   6395873 │           9126 │ 78092079 │ 101523115 │     12397 │
14. │ uhj_q54_norf1      │ 29.263 │ 9.72 GiB │          0 │          0 │         0 │              0 │ 78217883 │ 101523115 │     12397 │
15. │ uhj_q54_norf2      │ 29.017 │ 9.71 GiB │          0 │          0 │         0 │              0 │ 78217883 │ 101523115 │     12397 │
    └────────────────────┴────────┴──────────┴────────────┴────────────┴───────────┴────────────────┴──────────┴───────────┴───────────┘
WARMSTATE_DONE uhj
